Started run 20261009T184343833086Z_Vanilla_local_noise_adding_eps6 (run_id=20261009T185908Z_ndag-m-lab-linux-x86_64-7fa78ccc_run0006_76b8fdd5) at 2026-10-09T18:59:08.586311+00:00
CUDA check: available=True; devices=['NVIDIA GeForce RTX 3090']; selected_device=cuda
{"cache_dir": ".cache/lightdp_flower", "clip": 1.0, "cuda_available": true, "cuda_devices": ["NVIDIA GeForce RTX 3090"], "cuda_version": "12.8", "dataset": {"name": "CIFAR-10", "source": "https://www.cs.toronto.edu/~kriz/cifar.html", "test_examples": 10000, "train_examples": 50000}, "delta": 1e-05, "dependencies": {"flwr": "1.25.0", "matplotlib": "3.10.8", "numpy": "2.2.6", "pandas": "2.3.3", "scikit-image": "0.25.2", "scipy": "1.15.3", "torch": "2.8.0", "torchvision": "0.23.0"}, "device": "cuda", "epsilon": 6.0, "feature_batch": 128, "git_revision": "b0c681e0a24423154a460308e7fb52e90aab392a", "git_worktree_dirty": true, "hostname": "NDAG-M-Lab", "image_size": 224, "learning_rate": 1.0, "machine_architecture": "x86_64", "machine_id": "ndag-m-lab-linux-x86_64-7fa78ccc", "max_colluders": 10, "max_records_per_client": 0, "max_stragglers": 10, "method": "vanilla_dp", "microbatch": 32, "momentum": 0.9, "non_iid": false, "num_clients": 50, "num_server_rounds": 30, "output_dir": "results/experiments", "platform": "Linux-7.0.0-38-generic-x86_64-with-glibc2.39", "pretrained_backbone": "torchvision ResNet18_Weights.IMAGENET1K_V1", "processor": "x86_64", "python": "3.10.19", "resume": false, "run_id": "20261009T185908Z_ndag-m-lab-linux-x86_64-7fa78ccc_run0006_76b8fdd5", "run_number": 6, "seed": 2026, "selected_device": "cuda", "started_at_utc": "2026-10-09T18:59:08.586311+00:00", "tag": "20261009T184343833086Z_Vanilla_local_noise_adding_eps6", "use_pretrained": true}
2026-10-09T18:59:10.012113+00:00 [20261009T184343833086Z_Vanilla_local_noise_adding_eps6] round=0 loss=2.302986 accuracy=10.09% epsilon=0 progress=0/30 ETA=estimating
2026-10-09T18:59:12.600165+00:00 [clients] round 1/30 [########################] 100.0% microbatches=32/32 clients_done=1/50 clients_started=1/50
2026-10-09T18:59:22.611179+00:00 [clients] round 1/30 [########################] 100.0% microbatches=576/576 clients_done=18/50 clients_started=18/50
2026-10-09T18:59:32.613985+00:00 [clients] round 1/30 [########################] 100.0% microbatches=1120/1120 clients_done=35/50 clients_started=35/50
2026-10-09T18:59:41.513787+00:00 [20261009T184343833086Z_Vanilla_local_noise_adding_eps6] round=1 loss=2.299409 accuracy=10.79% epsilon=1.00188 progress=1/30 avg_round=32.3s ETA~00:15:38
2026-10-09T18:59:42.616985+00:00 [clients] round 2/30 [########################] 100.0% microbatches=32/32 clients_done=1/50 clients_started=1/50
2026-10-09T18:59:52.620131+00:00 [clients] round 2/30 [########################] 100.0% microbatches=576/576 clients_done=18/50 clients_started=18/50
2026-10-09T19:00:02.631431+00:00 [clients] round 2/30 [########################] 100.0% microbatches=1120/1120 clients_done=35/50 clients_started=35/50
2026-10-09T19:00:11.244830+00:00 [20261009T184343833086Z_Vanilla_local_noise_adding_eps6] round=2 loss=2.292571 accuracy=29.05% epsilon=1.42912 progress=2/30 avg_round=31.0s ETA~00:14:29
2026-10-09T19:00:12.635310+00:00 [clients] round 3/30 [########################] 100.0% microbatches=64/64 clients_done=2/50 clients_started=2/50
2026-10-09T19:00:22.637246+00:00 [clients] round 3/30 [########################] 100.0% microbatches=608/608 clients_done=19/50 clients_started=19/50
2026-10-09T19:00:32.642216+00:00 [clients] round 3/30 [########################] 100.0% microbatches=1152/1152 clients_done=36/50 clients_started=36/50
2026-10-09T19:00:41.073329+00:00 [20261009T184343833086Z_Vanilla_local_noise_adding_eps6] round=3 loss=2.282954 accuracy=49.51% epsilon=1.76181 progress=3/30 avg_round=30.6s ETA~00:13:48
2026-10-09T19:00:42.645352+00:00 [clients] round 4/30 [########################] 100.0% microbatches=64/64 clients_done=2/50 clients_started=2/50
2026-10-09T19:00:52.647385+00:00 [clients] round 4/30 [########################] 100.0% microbatches=608/608 clients_done=19/50 clients_started=19/50
2026-10-09T19:01:02.652805+00:00 [clients] round 4/30 [########################] 100.0% microbatches=1152/1152 clients_done=36/50 clients_started=36/50
2026-10-09T19:01:10.682416+00:00 [20261009T184343833086Z_Vanilla_local_noise_adding_eps6] round=4 loss=2.270980 accuracy=53.44% epsilon=2.04556 progress=4/30 avg_round=30.4s ETA~00:13:10
2026-10-09T19:01:12.656172+00:00 [clients] round 5/30 [########################] 100.0% microbatches=96/96 clients_done=3/50 clients_started=3/50
2026-10-09T19:01:22.659730+00:00 [clients] round 5/30 [########################] 100.0% microbatches=640/640 clients_done=20/50 clients_started=20/50
2026-10-09T19:01:32.662880+00:00 [clients] round 5/30 [########################] 100.0% microbatches=1184/1184 clients_done=37/50 clients_started=37/50
2026-10-09T19:01:40.426896+00:00 [20261009T184343833086Z_Vanilla_local_noise_adding_eps6] round=5 loss=2.256964 accuracy=58.31% epsilon=2.29804 progress=5/30 avg_round=30.3s ETA~00:12:37
2026-10-09T19:01:42.666040+00:00 [clients] round 6/30 [########################] 100.0% microbatches=96/96 clients_done=3/50 clients_started=3/50
2026-10-09T19:01:52.668136+00:00 [clients] round 6/30 [########################] 100.0% microbatches=640/640 clients_done=20/50 clients_started=20/50
2026-10-09T19:02:02.671998+00:00 [clients] round 6/30 [########################] 100.0% microbatches=1184/1184 clients_done=37/50 clients_started=37/50
2026-10-09T19:02:10.022461+00:00 [20261009T184343833086Z_Vanilla_local_noise_adding_eps6] round=6 loss=2.241265 accuracy=62.25% epsilon=2.5283 progress=6/30 avg_round=30.1s ETA~00:12:04
2026-10-09T19:02:12.674888+00:00 [clients] round 7/30 [########################] 100.0% microbatches=128/128 clients_done=4/50 clients_started=4/50
2026-10-09T19:02:22.678266+00:00 [clients] round 7/30 [########################] 100.0% microbatches=672/672 clients_done=21/50 clients_started=21/50
2026-10-09T19:02:32.681405+00:00 [clients] round 7/30 [########################] 100.0% microbatches=1216/1216 clients_done=38/50 clients_started=38/50
2026-10-09T19:02:39.637115+00:00 [20261009T184343833086Z_Vanilla_local_noise_adding_eps6] round=7 loss=2.224436 accuracy=62.71% epsilon=2.74173 progress=7/30 avg_round=30.1s ETA~00:11:32
2026-10-09T19:02:42.684250+00:00 [clients] round 8/30 [########################] 100.0% microbatches=160/160 clients_done=5/50 clients_started=5/50
2026-10-09T19:02:52.686571+00:00 [clients] round 8/30 [########################] 100.0% microbatches=704/704 clients_done=21/50 clients_started=22/50
2026-10-09T19:03:02.689839+00:00 [clients] round 8/30 [#######################-]  98.2% microbatches=1226/1248 clients_done=38/50 clients_started=39/50
2026-10-09T19:03:09.347801+00:00 [20261009T184343833086Z_Vanilla_local_noise_adding_eps6] round=8 loss=2.206421 accuracy=63.77% epsilon=2.94183 progress=8/30 avg_round=30.0s ETA~00:11:01
2026-10-09T19:03:12.692646+00:00 [clients] round 9/30 [########################] 100.0% microbatches=160/160 clients_done=5/50 clients_started=5/50
2026-10-09T19:03:22.695151+00:00 [clients] round 9/30 [########################] 100.0% microbatches=704/704 clients_done=22/50 clients_started=22/50
2026-10-09T19:03:32.698081+00:00 [clients] round 9/30 [########################] 100.0% microbatches=1248/1248 clients_done=39/50 clients_started=39/50
2026-10-09T19:03:38.759561+00:00 [20261009T184343833086Z_Vanilla_local_noise_adding_eps6] round=9 loss=2.187570 accuracy=64.91% epsilon=3.13104 progress=9/30 avg_round=30.0s ETA~00:10:30
2026-10-09T19:03:42.700845+00:00 [clients] round 10/30 [########################] 100.0% microbatches=192/192 clients_done=6/50 clients_started=6/50
2026-10-09T19:03:52.703030+00:00 [clients] round 10/30 [########################] 100.0% microbatches=736/736 clients_done=23/50 clients_started=23/50
2026-10-09T19:04:02.705975+00:00 [clients] round 10/30 [#######################-]  98.3% microbatches=1290/1312 clients_done=40/50 clients_started=41/50
2026-10-09T19:04:08.257358+00:00 [20261009T184343833086Z_Vanilla_local_noise_adding_eps6] round=10 loss=2.168066 accuracy=66.11% epsilon=3.31113 progress=10/30 avg_round=29.9s ETA~00:09:59
2026-10-09T19:04:12.708934+00:00 [clients] round 11/30 [########################] 100.0% microbatches=224/224 clients_done=7/50 clients_started=7/50
2026-10-09T19:04:22.713343+00:00 [clients] round 11/30 [#######################-]  98.2% microbatches=754/768 clients_done=23/50 clients_started=24/50
2026-10-09T19:04:32.716546+00:00 [clients] round 11/30 [########################] 100.0% microbatches=1280/1280 clients_done=40/50 clients_started=40/50
2026-10-09T19:04:38.310509+00:00 [20261009T184343833086Z_Vanilla_local_noise_adding_eps6] round=11 loss=2.147760 accuracy=67.03% epsilon=3.48344 progress=11/30 avg_round=29.9s ETA~00:09:29
2026-10-09T19:04:42.719516+00:00 [clients] round 12/30 [########################] 100.0% microbatches=224/224 clients_done=7/50 clients_started=7/50
2026-10-09T19:04:52.724431+00:00 [clients] round 12/30 [########################] 100.0% microbatches=768/768 clients_done=24/50 clients_started=24/50
2026-10-09T19:05:02.729680+00:00 [clients] round 12/30 [########################] 100.0% microbatches=1312/1312 clients_done=41/50 clients_started=41/50
2026-10-09T19:05:08.030738+00:00 [20261009T184343833086Z_Vanilla_local_noise_adding_eps6] round=12 loss=2.126460 accuracy=67.98% epsilon=3.64901 progress=12/30 avg_round=29.9s ETA~00:08:59
2026-10-09T19:05:12.732055+00:00 [clients] round 13/30 [#####################---]  89.5% microbatches=229/256 clients_done=7/50 clients_started=8/50
2026-10-09T19:05:22.734591+00:00 [clients] round 13/30 [########################] 100.0% microbatches=768/768 clients_done=24/50 clients_started=24/50
2026-10-09T19:05:32.746291+00:00 [clients] round 13/30 [########################] 100.0% microbatches=1312/1312 clients_done=41/50 clients_started=41/50
2026-10-09T19:05:37.771682+00:00 [20261009T184343833086Z_Vanilla_local_noise_adding_eps6] round=13 loss=2.103544 accuracy=67.54% epsilon=3.80866 progress=13/30 avg_round=29.9s ETA~00:08:29
2026-10-09T19:05:42.748786+00:00 [clients] round 14/30 [########################] 100.0% microbatches=256/256 clients_done=8/50 clients_started=8/50
2026-10-09T19:05:52.759696+00:00 [clients] round 14/30 [########################] 100.0% microbatches=800/800 clients_done=25/50 clients_started=25/50
2026-10-09T19:06:02.762863+00:00 [clients] round 14/30 [########################] 100.0% microbatches=1344/1344 clients_done=42/50 clients_started=42/50
2026-10-09T19:06:07.558998+00:00 [20261009T184343833086Z_Vanilla_local_noise_adding_eps6] round=14 loss=2.078274 accuracy=66.17% epsilon=3.96308 progress=14/30 avg_round=29.9s ETA~00:07:59
2026-10-09T19:06:12.765411+00:00 [clients] round 15/30 [########################] 100.0% microbatches=256/256 clients_done=8/50 clients_started=8/50
2026-10-09T19:06:22.767750+00:00 [clients] round 15/30 [########################] 100.0% microbatches=800/800 clients_done=25/50 clients_started=25/50
2026-10-09T19:06:32.771952+00:00 [clients] round 15/30 [########################] 100.0% microbatches=1344/1344 clients_done=42/50 clients_started=42/50
2026-10-09T19:06:37.308080+00:00 [20261009T184343833086Z_Vanilla_local_noise_adding_eps6] round=15 loss=2.050795 accuracy=63.81% epsilon=4.1128 progress=15/30 avg_round=29.9s ETA~00:07:29
2026-10-09T19:06:42.774569+00:00 [clients] round 16/30 [########################] 100.0% microbatches=288/288 clients_done=9/50 clients_started=9/50
2026-10-09T19:06:52.777041+00:00 [clients] round 16/30 [########################] 100.0% microbatches=832/832 clients_done=26/50 clients_started=26/50
2026-10-09T19:07:02.780613+00:00 [clients] round 16/30 [#######################-]  98.7% microbatches=1358/1376 clients_done=42/50 clients_started=43/50
2026-10-09T19:07:07.133172+00:00 [20261009T184343833086Z_Vanilla_local_noise_adding_eps6] round=16 loss=2.023936 accuracy=60.28% epsilon=4.2583 progress=16/30 avg_round=29.9s ETA~00:06:59
2026-10-09T19:07:12.783275+00:00 [clients] round 17/30 [########################] 100.0% microbatches=288/288 clients_done=9/50 clients_started=9/50
2026-10-09T19:07:22.788190+00:00 [clients] round 17/30 [########################] 100.0% microbatches=832/832 clients_done=26/50 clients_started=26/50
2026-10-09T19:07:32.800340+00:00 [clients] round 17/30 [########################] 100.0% microbatches=1376/1376 clients_done=43/50 clients_started=43/50
2026-10-09T19:07:36.859674+00:00 [20261009T184343833086Z_Vanilla_local_noise_adding_eps6] round=17 loss=2.000652 accuracy=56.77% epsilon=4.39996 progress=17/30 avg_round=29.9s ETA~00:06:29
2026-10-09T19:07:42.803397+00:00 [clients] round 18/30 [#######################-]  97.2% microbatches=311/320 clients_done=9/50 clients_started=10/50
2026-10-09T19:07:52.805910+00:00 [clients] round 18/30 [#######################-]  97.5% microbatches=842/864 clients_done=26/50 clients_started=27/50
2026-10-09T19:08:02.809375+00:00 [clients] round 18/30 [########################] 100.0% microbatches=1376/1376 clients_done=43/50 clients_started=43/50
2026-10-09T19:08:06.594941+00:00 [20261009T184343833086Z_Vanilla_local_noise_adding_eps6] round=18 loss=1.981068 accuracy=54.79% epsilon=4.53812 progress=18/30 avg_round=29.9s ETA~00:05:59
2026-10-09T19:08:12.812040+00:00 [clients] round 19/30 [########################] 100.0% microbatches=320/320 clients_done=10/50 clients_started=10/50
2026-10-09T19:08:22.814610+00:00 [clients] round 19/30 [########################] 100.0% microbatches=864/864 clients_done=27/50 clients_started=27/50
2026-10-09T19:08:32.818042+00:00 [clients] round 19/30 [########################] 100.0% microbatches=1408/1408 clients_done=44/50 clients_started=44/50
2026-10-09T19:08:36.416358+00:00 [20261009T184343833086Z_Vanilla_local_noise_adding_eps6] round=19 loss=1.963263 accuracy=53.86% epsilon=4.67307 progress=19/30 avg_round=29.9s ETA~00:05:29
2026-10-09T19:08:42.820818+00:00 [clients] round 20/30 [########################] 100.0% microbatches=320/320 clients_done=10/50 clients_started=10/50
2026-10-09T19:08:52.823856+00:00 [clients] round 20/30 [########################] 100.0% microbatches=864/864 clients_done=27/50 clients_started=27/50
2026-10-09T19:09:02.829776+00:00 [clients] round 20/30 [########################] 100.0% microbatches=1408/1408 clients_done=44/50 clients_started=44/50
2026-10-09T19:09:06.330017+00:00 [20261009T184343833086Z_Vanilla_local_noise_adding_eps6] round=20 loss=1.946414 accuracy=53.32% epsilon=4.80505 progress=20/30 avg_round=29.9s ETA~00:04:59
2026-10-09T19:09:12.832569+00:00 [clients] round 21/30 [######################--]  93.2% microbatches=328/352 clients_done=10/50 clients_started=11/50
2026-10-09T19:09:22.836295+00:00 [clients] round 21/30 [########################] 100.0% microbatches=864/864 clients_done=27/50 clients_started=27/50
2026-10-09T19:09:32.839679+00:00 [clients] round 21/30 [########################] 100.0% microbatches=1408/1408 clients_done=44/50 clients_started=44/50
2026-10-09T19:09:36.260957+00:00 [20261009T184343833086Z_Vanilla_local_noise_adding_eps6] round=21 loss=1.930660 accuracy=52.84% epsilon=4.93429 progress=21/30 avg_round=29.9s ETA~00:04:29
2026-10-09T19:09:42.842072+00:00 [clients] round 22/30 [########################] 100.0% microbatches=352/352 clients_done=11/50 clients_started=11/50
2026-10-09T19:09:52.844659+00:00 [clients] round 22/30 [#######################-]  98.7% microbatches=884/896 clients_done=27/50 clients_started=28/50
2026-10-09T19:10:02.848050+00:00 [clients] round 22/30 [########################] 100.0% microbatches=1408/1408 clients_done=44/50 clients_started=44/50
2026-10-09T19:10:06.099147+00:00 [20261009T184343833086Z_Vanilla_local_noise_adding_eps6] round=22 loss=1.916130 accuracy=52.46% epsilon=5.06097 progress=22/30 avg_round=29.9s ETA~00:03:59
2026-10-09T19:10:12.850257+00:00 [clients] round 23/30 [########################] 100.0% microbatches=352/352 clients_done=11/50 clients_started=11/50
2026-10-09T19:10:22.852933+00:00 [clients] round 23/30 [########################] 100.0% microbatches=896/896 clients_done=28/50 clients_started=28/50
2026-10-09T19:10:32.858740+00:00 [clients] round 23/30 [########################] 100.0% microbatches=1408/1408 clients_done=44/50 clients_started=44/50
2026-10-09T19:10:36.138905+00:00 [20261009T184343833086Z_Vanilla_local_noise_adding_eps6] round=23 loss=1.902792 accuracy=52.14% epsilon=5.18528 progress=23/30 avg_round=29.9s ETA~00:03:30
2026-10-09T19:10:42.861035+00:00 [clients] round 24/30 [########################] 100.0% microbatches=352/352 clients_done=11/50 clients_started=11/50
2026-10-09T19:10:52.863623+00:00 [clients] round 24/30 [########################] 100.0% microbatches=896/896 clients_done=28/50 clients_started=28/50
2026-10-09T19:11:02.867002+00:00 [clients] round 24/30 [#######################-]  99.0% microbatches=1425/1440 clients_done=44/50 clients_started=45/50
2026-10-09T19:11:05.953396+00:00 [20261009T184343833086Z_Vanilla_local_noise_adding_eps6] round=24 loss=1.890610 accuracy=51.84% epsilon=5.30737 progress=24/30 avg_round=29.9s ETA~00:03:00
2026-10-09T19:11:12.869636+00:00 [clients] round 25/30 [########################] 100.0% microbatches=352/352 clients_done=11/50 clients_started=11/50
2026-10-09T19:11:22.872302+00:00 [clients] round 25/30 [########################] 100.0% microbatches=896/896 clients_done=28/50 clients_started=28/50
2026-10-09T19:11:32.876134+00:00 [clients] round 25/30 [########################] 100.0% microbatches=1440/1440 clients_done=45/50 clients_started=45/50
2026-10-09T19:11:35.873550+00:00 [20261009T184343833086Z_Vanilla_local_noise_adding_eps6] round=25 loss=1.879483 accuracy=51.32% epsilon=5.42736 progress=25/30 avg_round=29.9s ETA~00:02:30
2026-10-09T19:11:42.878755+00:00 [clients] round 26/30 [########################] 100.0% microbatches=352/352 clients_done=11/50 clients_started=11/50
2026-10-09T19:11:52.898846+00:00 [clients] round 26/30 [########################] 100.0% microbatches=896/896 clients_done=28/50 clients_started=28/50
2026-10-09T19:12:02.902359+00:00 [clients] round 26/30 [########################] 100.0% microbatches=1440/1440 clients_done=45/50 clients_started=45/50
2026-10-09T19:12:05.709535+00:00 [20261009T184343833086Z_Vanilla_local_noise_adding_eps6] round=26 loss=1.869250 accuracy=51.10% epsilon=5.5454 progress=26/30 avg_round=29.9s ETA~00:02:00
2026-10-09T19:12:12.904733+00:00 [clients] round 27/30 [########################] 100.0% microbatches=384/384 clients_done=12/50 clients_started=12/50
2026-10-09T19:12:22.910236+00:00 [clients] round 27/30 [#######################-]  97.4% microbatches=904/928 clients_done=28/50 clients_started=29/50
2026-10-09T19:12:32.913791+00:00 [clients] round 27/30 [########################] 100.0% microbatches=1440/1440 clients_done=45/50 clients_started=45/50
2026-10-09T19:12:35.626439+00:00 [20261009T184343833086Z_Vanilla_local_noise_adding_eps6] round=27 loss=1.859803 accuracy=50.77% epsilon=5.66158 progress=27/30 avg_round=29.9s ETA~00:01:30
2026-10-09T19:12:42.916202+00:00 [clients] round 28/30 [########################] 100.0% microbatches=384/384 clients_done=12/50 clients_started=12/50
2026-10-09T19:12:52.922330+00:00 [clients] round 28/30 [########################] 100.0% microbatches=928/928 clients_done=29/50 clients_started=29/50
2026-10-09T19:13:02.925929+00:00 [clients] round 28/30 [#######################-]  97.9% microbatches=1441/1472 clients_done=45/50 clients_started=46/50
2026-10-09T19:13:05.511488+00:00 [20261009T184343833086Z_Vanilla_local_noise_adding_eps6] round=28 loss=1.850993 accuracy=50.71% epsilon=5.77601 progress=28/30 avg_round=29.9s ETA~00:01:00
2026-10-09T19:13:12.928404+00:00 [clients] round 29/30 [########################] 100.0% microbatches=384/384 clients_done=12/50 clients_started=12/50
2026-10-09T19:13:22.933486+00:00 [clients] round 29/30 [########################] 100.0% microbatches=928/928 clients_done=29/50 clients_started=29/50
2026-10-09T19:13:32.938820+00:00 [clients] round 29/30 [#######################-]  99.1% microbatches=1459/1472 clients_done=45/50 clients_started=46/50
2026-10-09T19:13:35.483532+00:00 [20261009T184343833086Z_Vanilla_local_noise_adding_eps6] round=29 loss=1.842724 accuracy=51.13% epsilon=5.88879 progress=29/30 avg_round=29.9s ETA~00:00:30
2026-10-09T19:13:42.941261+00:00 [clients] round 30/30 [########################] 100.0% microbatches=384/384 clients_done=12/50 clients_started=12/50
2026-10-09T19:13:52.943944+00:00 [clients] round 30/30 [########################] 100.0% microbatches=928/928 clients_done=29/50 clients_started=29/50
2026-10-09T19:14:02.947546+00:00 [clients] round 30/30 [########################] 100.0% microbatches=1472/1472 clients_done=46/50 clients_started=46/50
2026-10-09T19:14:05.315395+00:00 [20261009T184343833086Z_Vanilla_local_noise_adding_eps6] round=30 loss=1.834841 accuracy=51.25% epsilon=6 progress=30/30 avg_round=29.9s ETA~00:00:00
