Started run 20261009T184343833086Z_No_DP (run_id=20261009T184345Z_ndag-m-lab-linux-x86_64-7fa78ccc_run0005_b48c3ac3) at 2026-10-09T18:43:45.460109+00:00
CUDA check: available=True; devices=['NVIDIA GeForce RTX 3090']; selected_device=cuda
{"cache_dir": ".cache/lightdp_flower", "clip": 1.0, "cuda_available": true, "cuda_devices": ["NVIDIA GeForce RTX 3090"], "cuda_version": "12.8", "dataset": {"name": "CIFAR-10", "source": "https://www.cs.toronto.edu/~kriz/cifar.html", "test_examples": 10000, "train_examples": 50000}, "delta": 1e-05, "dependencies": {"flwr": "1.25.0", "matplotlib": "3.10.8", "numpy": "2.2.6", "pandas": "2.3.3", "scikit-image": "0.25.2", "scipy": "1.15.3", "torch": "2.8.0", "torchvision": "0.23.0"}, "device": "cuda", "epsilon": 6.0, "feature_batch": 128, "git_revision": "b0c681e0a24423154a460308e7fb52e90aab392a", "git_worktree_dirty": true, "hostname": "NDAG-M-Lab", "image_size": 224, "learning_rate": 1.0, "machine_architecture": "x86_64", "machine_id": "ndag-m-lab-linux-x86_64-7fa78ccc", "max_colluders": 10, "max_records_per_client": 0, "max_stragglers": 10, "method": "no_dp", "microbatch": 32, "momentum": 0.9, "non_iid": false, "num_clients": 50, "num_server_rounds": 30, "output_dir": "results/experiments", "platform": "Linux-7.0.0-38-generic-x86_64-with-glibc2.39", "pretrained_backbone": "torchvision ResNet18_Weights.IMAGENET1K_V1", "processor": "x86_64", "python": "3.10.19", "resume": false, "run_id": "20261009T184345Z_ndag-m-lab-linux-x86_64-7fa78ccc_run0005_b48c3ac3", "run_number": 5, "seed": 2026, "selected_device": "cuda", "started_at_utc": "2026-10-09T18:43:45.460109+00:00", "tag": "20261009T184343833086Z_No_DP", "use_pretrained": true}
2026-10-09T18:43:46.833661+00:00 [20261009T184343833086Z_No_DP] round=0 loss=2.302986 accuracy=10.09% epsilon=inf progress=0/30 ETA=estimating
2026-10-09T18:43:51.473848+00:00 [clients] round 1/30 [########################] 100.0% microbatches=64/64 clients_done=2/50 clients_started=2/50
2026-10-09T18:44:01.476365+00:00 [clients] round 1/30 [########################] 100.0% microbatches=352/352 clients_done=11/50 clients_started=11/50
2026-10-09T18:44:11.479039+00:00 [clients] round 1/30 [########################] 100.0% microbatches=640/640 clients_done=20/50 clients_started=20/50
2026-10-09T18:44:21.490089+00:00 [clients] round 1/30 [########################] 100.0% microbatches=928/928 clients_done=29/50 clients_started=29/50
2026-10-09T18:44:31.501651+00:00 [clients] round 1/30 [########################] 100.0% microbatches=1216/1216 clients_done=38/50 clients_started=38/50
2026-10-09T18:44:41.505109+00:00 [clients] round 1/30 [########################] 100.0% microbatches=1504/1504 clients_done=47/50 clients_started=47/50
2026-10-09T18:44:44.742581+00:00 [20261009T184343833086Z_No_DP] round=1 loss=2.299331 accuracy=11.15% epsilon=inf progress=1/30 avg_round=58.6s ETA~00:28:21
2026-10-09T18:44:51.507025+00:00 [clients] round 2/30 [########################] 100.0% microbatches=352/352 clients_done=11/50 clients_started=11/50
2026-10-09T18:45:01.510875+00:00 [clients] round 2/30 [########################] 100.0% microbatches=896/896 clients_done=28/50 clients_started=28/50
2026-10-09T18:45:11.515376+00:00 [clients] round 2/30 [########################] 100.0% microbatches=1440/1440 clients_done=45/50 clients_started=45/50
2026-10-09T18:45:14.140886+00:00 [20261009T184343833086Z_No_DP] round=2 loss=2.292428 accuracy=32.45% epsilon=inf progress=2/30 avg_round=44.0s ETA~00:20:33
2026-10-09T18:45:21.525946+00:00 [clients] round 3/30 [########################] 100.0% microbatches=384/384 clients_done=12/50 clients_started=12/50
2026-10-09T18:45:31.536755+00:00 [clients] round 3/30 [########################] 100.0% microbatches=928/928 clients_done=29/50 clients_started=29/50
2026-10-09T18:45:41.548517+00:00 [clients] round 3/30 [########################] 100.0% microbatches=1472/1472 clients_done=46/50 clients_started=46/50
2026-10-09T18:45:43.533476+00:00 [20261009T184343833086Z_No_DP] round=3 loss=2.282710 accuracy=57.02% epsilon=inf progress=3/30 avg_round=39.1s ETA~00:17:37
2026-10-09T18:45:51.550635+00:00 [clients] round 4/30 [########################] 100.0% microbatches=416/416 clients_done=13/50 clients_started=13/50
2026-10-09T18:46:01.553292+00:00 [clients] round 4/30 [########################] 100.0% microbatches=960/960 clients_done=30/50 clients_started=30/50
2026-10-09T18:46:11.556503+00:00 [clients] round 4/30 [########################] 100.0% microbatches=1504/1504 clients_done=47/50 clients_started=47/50
2026-10-09T18:46:12.925366+00:00 [20261009T184343833086Z_No_DP] round=4 loss=2.270595 accuracy=62.43% epsilon=inf progress=4/30 avg_round=36.7s ETA~00:15:55
2026-10-09T18:46:21.560916+00:00 [clients] round 5/30 [########################] 100.0% microbatches=448/448 clients_done=14/50 clients_started=14/50
2026-10-09T18:46:31.564028+00:00 [clients] round 5/30 [########################] 100.0% microbatches=992/992 clients_done=31/50 clients_started=31/50
2026-10-09T18:46:41.567575+00:00 [clients] round 5/30 [#######################-]  98.2% microbatches=1540/1568 clients_done=48/50 clients_started=49/50
2026-10-09T18:46:42.333052+00:00 [20261009T184343833086Z_No_DP] round=5 loss=2.256475 accuracy=63.87% epsilon=inf progress=5/30 avg_round=35.2s ETA~00:14:42
2026-10-09T18:46:51.582313+00:00 [clients] round 6/30 [########################] 100.0% microbatches=480/480 clients_done=15/50 clients_started=15/50
2026-10-09T18:47:01.585752+00:00 [clients] round 6/30 [########################] 100.0% microbatches=1024/1024 clients_done=32/50 clients_started=32/50
2026-10-09T18:47:11.597548+00:00 [clients] round 6/30 [#######################-]  98.1% microbatches=1570/1600 clients_done=49/50 clients_started=50/50
2026-10-09T18:47:11.795143+00:00 [20261009T184343833086Z_No_DP] round=6 loss=2.240721 accuracy=65.21% epsilon=inf progress=6/30 avg_round=34.3s ETA~00:13:43
2026-10-09T18:47:21.599257+00:00 [clients] round 7/30 [########################] 100.0% microbatches=512/512 clients_done=16/50 clients_started=16/50
2026-10-09T18:47:31.612382+00:00 [clients] round 7/30 [########################] 100.0% microbatches=1056/1056 clients_done=33/50 clients_started=33/50
2026-10-09T18:47:41.315432+00:00 [20261009T184343833086Z_No_DP] round=7 loss=2.223676 accuracy=66.19% epsilon=inf progress=7/30 avg_round=33.6s ETA~00:12:53
2026-10-09T18:47:41.617973+00:00 [clients] round 7/30 [########################] 100.0% microbatches=1600/1600 clients_done=50/50 clients_started=50/50
2026-10-09T18:47:51.628268+00:00 [clients] round 8/30 [########################] 100.0% microbatches=544/544 clients_done=17/50 clients_started=17/50
2026-10-09T18:48:01.630823+00:00 [clients] round 8/30 [########################] 100.0% microbatches=1088/1088 clients_done=34/50 clients_started=34/50
2026-10-09T18:48:10.813597+00:00 [20261009T184343833086Z_No_DP] round=8 loss=2.205639 accuracy=67.61% epsilon=inf progress=8/30 avg_round=33.1s ETA~00:12:08
2026-10-09T18:48:11.633752+00:00 [clients] round 9/30 [########################] 100.0% microbatches=32/32 clients_done=1/50 clients_started=1/50
2026-10-09T18:48:21.635561+00:00 [clients] round 9/30 [########################] 100.0% microbatches=576/576 clients_done=18/50 clients_started=18/50
2026-10-09T18:48:31.638198+00:00 [clients] round 9/30 [########################] 100.0% microbatches=1120/1120 clients_done=35/50 clients_started=35/50
2026-10-09T18:48:40.318625+00:00 [20261009T184343833086Z_No_DP] round=9 loss=2.186860 accuracy=69.16% epsilon=inf progress=9/30 avg_round=32.7s ETA~00:11:27
2026-10-09T18:48:41.641310+00:00 [clients] round 10/30 [########################] 100.0% microbatches=64/64 clients_done=2/50 clients_started=2/50
2026-10-09T18:48:51.643209+00:00 [clients] round 10/30 [########################] 100.0% microbatches=608/608 clients_done=19/50 clients_started=19/50
2026-10-09T18:49:01.646622+00:00 [clients] round 10/30 [########################] 100.0% microbatches=1152/1152 clients_done=36/50 clients_started=36/50
2026-10-09T18:49:09.830021+00:00 [20261009T184343833086Z_No_DP] round=10 loss=2.167519 accuracy=70.38% epsilon=inf progress=10/30 avg_round=32.4s ETA~00:10:48
2026-10-09T18:49:11.650722+00:00 [clients] round 11/30 [########################] 100.0% microbatches=96/96 clients_done=3/50 clients_started=3/50
2026-10-09T18:49:21.652837+00:00 [clients] round 11/30 [########################] 100.0% microbatches=640/640 clients_done=20/50 clients_started=20/50
2026-10-09T18:49:31.655854+00:00 [clients] round 11/30 [########################] 100.0% microbatches=1184/1184 clients_done=37/50 clients_started=37/50
2026-10-09T18:49:39.289834+00:00 [20261009T184343833086Z_No_DP] round=11 loss=2.147663 accuracy=71.01% epsilon=inf progress=11/30 avg_round=32.1s ETA~00:10:11
2026-10-09T18:49:41.659143+00:00 [clients] round 12/30 [######################--]  92.2% microbatches=118/128 clients_done=3/50 clients_started=4/50
2026-10-09T18:49:51.661124+00:00 [clients] round 12/30 [#######################-]  99.4% microbatches=668/672 clients_done=20/50 clients_started=21/50
2026-10-09T18:50:01.664458+00:00 [clients] round 12/30 [#######################-]  99.9% microbatches=1215/1216 clients_done=37/50 clients_started=38/50
2026-10-09T18:50:08.780841+00:00 [20261009T184343833086Z_No_DP] round=12 loss=2.127156 accuracy=71.31% epsilon=inf progress=12/30 avg_round=31.9s ETA~00:09:35
2026-10-09T18:50:11.667074+00:00 [clients] round 13/30 [###################-----]  81.2% microbatches=130/160 clients_done=4/50 clients_started=5/50
2026-10-09T18:50:21.671782+00:00 [clients] round 13/30 [#######################-]  96.7% microbatches=681/704 clients_done=21/50 clients_started=22/50
2026-10-09T18:50:31.683169+00:00 [clients] round 13/30 [#######################-]  99.0% microbatches=1235/1248 clients_done=38/50 clients_started=39/50
2026-10-09T18:50:38.274028+00:00 [20261009T184343833086Z_No_DP] round=13 loss=2.105549 accuracy=71.27% epsilon=inf progress=13/30 avg_round=31.7s ETA~00:08:59
2026-10-09T18:50:41.686068+00:00 [clients] round 14/30 [########################] 100.0% microbatches=160/160 clients_done=5/50 clients_started=5/50
2026-10-09T18:50:51.693177+00:00 [clients] round 14/30 [########################] 100.0% microbatches=704/704 clients_done=22/50 clients_started=22/50
2026-10-09T18:51:01.699321+00:00 [clients] round 14/30 [########################] 100.0% microbatches=1248/1248 clients_done=39/50 clients_started=39/50
2026-10-09T18:51:07.765594+00:00 [20261009T184343833086Z_No_DP] round=14 loss=2.082042 accuracy=70.56% epsilon=inf progress=14/30 avg_round=31.5s ETA~00:08:25
2026-10-09T18:51:11.702012+00:00 [clients] round 15/30 [########################] 100.0% microbatches=192/192 clients_done=6/50 clients_started=6/50
2026-10-09T18:51:21.704184+00:00 [clients] round 15/30 [########################] 100.0% microbatches=736/736 clients_done=23/50 clients_started=23/50
2026-10-09T18:51:31.707261+00:00 [clients] round 15/30 [########################] 100.0% microbatches=1280/1280 clients_done=40/50 clients_started=40/50
2026-10-09T18:51:37.266007+00:00 [20261009T184343833086Z_No_DP] round=15 loss=2.055787 accuracy=68.92% epsilon=inf progress=15/30 avg_round=31.4s ETA~00:07:52
2026-10-09T18:51:41.710250+00:00 [clients] round 16/30 [########################] 100.0% microbatches=224/224 clients_done=7/50 clients_started=7/50
2026-10-09T18:51:51.716007+00:00 [clients] round 16/30 [########################] 100.0% microbatches=768/768 clients_done=24/50 clients_started=24/50
2026-10-09T18:52:01.719020+00:00 [clients] round 16/30 [########################] 100.0% microbatches=1312/1312 clients_done=41/50 clients_started=41/50
2026-10-09T18:52:06.885503+00:00 [20261009T184343833086Z_No_DP] round=16 loss=2.027451 accuracy=65.59% epsilon=inf progress=16/30 avg_round=31.3s ETA~00:07:19
2026-10-09T18:52:11.723372+00:00 [clients] round 17/30 [########################] 100.0% microbatches=256/256 clients_done=8/50 clients_started=8/50
2026-10-09T18:52:21.726817+00:00 [clients] round 17/30 [########################] 100.0% microbatches=800/800 clients_done=25/50 clients_started=25/50
2026-10-09T18:52:31.732262+00:00 [clients] round 17/30 [########################] 100.0% microbatches=1344/1344 clients_done=42/50 clients_started=42/50
2026-10-09T18:52:36.500257+00:00 [20261009T184343833086Z_No_DP] round=17 loss=2.001397 accuracy=61.45% epsilon=inf progress=17/30 avg_round=31.2s ETA~00:06:46
2026-10-09T18:52:41.734701+00:00 [clients] round 18/30 [########################] 100.0% microbatches=256/256 clients_done=8/50 clients_started=8/50
2026-10-09T18:52:51.737014+00:00 [clients] round 18/30 [########################] 100.0% microbatches=800/800 clients_done=25/50 clients_started=25/50
2026-10-09T18:53:01.740093+00:00 [clients] round 18/30 [########################] 100.0% microbatches=1344/1344 clients_done=42/50 clients_started=42/50
2026-10-09T18:53:06.103465+00:00 [20261009T184343833086Z_No_DP] round=18 loss=1.981593 accuracy=59.10% epsilon=inf progress=18/30 avg_round=31.1s ETA~00:06:14
2026-10-09T18:53:11.743120+00:00 [clients] round 19/30 [########################] 100.0% microbatches=288/288 clients_done=9/50 clients_started=9/50
2026-10-09T18:53:21.745526+00:00 [clients] round 19/30 [########################] 100.0% microbatches=832/832 clients_done=26/50 clients_started=26/50
2026-10-09T18:53:31.748711+00:00 [clients] round 19/30 [########################] 100.0% microbatches=1376/1376 clients_done=43/50 clients_started=43/50
2026-10-09T18:53:35.608681+00:00 [20261009T184343833086Z_No_DP] round=19 loss=1.964601 accuracy=58.64% epsilon=inf progress=19/30 avg_round=31.0s ETA~00:05:42
2026-10-09T18:53:41.751189+00:00 [clients] round 20/30 [########################] 100.0% microbatches=320/320 clients_done=10/50 clients_started=10/50
2026-10-09T18:53:51.762078+00:00 [clients] round 20/30 [########################] 100.0% microbatches=864/864 clients_done=27/50 clients_started=27/50
2026-10-09T18:54:01.765302+00:00 [clients] round 20/30 [########################] 100.0% microbatches=1408/1408 clients_done=44/50 clients_started=44/50
2026-10-09T18:54:05.200502+00:00 [20261009T184343833086Z_No_DP] round=20 loss=1.948311 accuracy=57.85% epsilon=inf progress=20/30 avg_round=31.0s ETA~00:05:10
2026-10-09T18:54:11.767418+00:00 [clients] round 21/30 [########################] 100.0% microbatches=352/352 clients_done=11/50 clients_started=11/50
2026-10-09T18:54:21.770001+00:00 [clients] round 21/30 [########################] 100.0% microbatches=896/896 clients_done=28/50 clients_started=28/50
2026-10-09T18:54:31.775137+00:00 [clients] round 21/30 [########################] 100.0% microbatches=1440/1440 clients_done=45/50 clients_started=45/50
2026-10-09T18:54:34.791479+00:00 [20261009T184343833086Z_No_DP] round=21 loss=1.932695 accuracy=57.04% epsilon=inf progress=21/30 avg_round=30.9s ETA~00:04:39
2026-10-09T18:54:41.777347+00:00 [clients] round 22/30 [########################] 100.0% microbatches=352/352 clients_done=11/50 clients_started=11/50
2026-10-09T18:54:51.788428+00:00 [clients] round 22/30 [########################] 100.0% microbatches=896/896 clients_done=28/50 clients_started=28/50
2026-10-09T18:55:01.791752+00:00 [clients] round 22/30 [#######################-]  98.4% microbatches=1449/1472 clients_done=45/50 clients_started=46/50
2026-10-09T18:55:04.288885+00:00 [20261009T184343833086Z_No_DP] round=22 loss=1.917979 accuracy=56.25% epsilon=inf progress=22/30 avg_round=30.8s ETA~00:04:07
2026-10-09T18:55:11.802621+00:00 [clients] round 23/30 [########################] 100.0% microbatches=384/384 clients_done=12/50 clients_started=12/50
2026-10-09T18:55:21.806206+00:00 [clients] round 23/30 [########################] 100.0% microbatches=928/928 clients_done=29/50 clients_started=29/50
2026-10-09T18:55:31.810031+00:00 [clients] round 23/30 [########################] 100.0% microbatches=1472/1472 clients_done=46/50 clients_started=46/50
2026-10-09T18:55:34.112026+00:00 [20261009T184343833086Z_No_DP] round=23 loss=1.904321 accuracy=55.31% epsilon=inf progress=23/30 avg_round=30.8s ETA~00:03:36
2026-10-09T18:55:41.812383+00:00 [clients] round 24/30 [########################] 100.0% microbatches=384/384 clients_done=12/50 clients_started=12/50
2026-10-09T18:55:51.815060+00:00 [clients] round 24/30 [########################] 100.0% microbatches=928/928 clients_done=29/50 clients_started=29/50
2026-10-09T18:56:01.820010+00:00 [clients] round 24/30 [########################] 100.0% microbatches=1472/1472 clients_done=46/50 clients_started=46/50
2026-10-09T18:56:04.064820+00:00 [20261009T184343833086Z_No_DP] round=24 loss=1.891809 accuracy=54.60% epsilon=inf progress=24/30 avg_round=30.7s ETA~00:03:05
2026-10-09T18:56:11.823014+00:00 [clients] round 25/30 [########################] 100.0% microbatches=416/416 clients_done=13/50 clients_started=13/50
2026-10-09T18:56:21.832616+00:00 [clients] round 25/30 [########################] 100.0% microbatches=928/928 clients_done=29/50 clients_started=29/50
2026-10-09T18:56:31.845103+00:00 [clients] round 25/30 [########################] 100.0% microbatches=1472/1472 clients_done=46/50 clients_started=46/50
2026-10-09T18:56:33.987181+00:00 [20261009T184343833086Z_No_DP] round=25 loss=1.880414 accuracy=54.14% epsilon=inf progress=25/30 avg_round=30.7s ETA~00:02:34
2026-10-09T18:56:41.847552+00:00 [clients] round 26/30 [########################] 100.0% microbatches=416/416 clients_done=13/50 clients_started=13/50
2026-10-09T18:56:51.851534+00:00 [clients] round 26/30 [########################] 100.0% microbatches=960/960 clients_done=30/50 clients_started=30/50
2026-10-09T18:57:01.855069+00:00 [clients] round 26/30 [########################] 100.0% microbatches=1472/1472 clients_done=46/50 clients_started=46/50
2026-10-09T18:57:03.807858+00:00 [20261009T184343833086Z_No_DP] round=26 loss=1.870047 accuracy=53.70% epsilon=inf progress=26/30 avg_round=30.7s ETA~00:02:03
2026-10-09T18:57:11.866056+00:00 [clients] round 27/30 [########################] 100.0% microbatches=416/416 clients_done=13/50 clients_started=13/50
2026-10-09T18:57:21.869312+00:00 [clients] round 27/30 [########################] 100.0% microbatches=960/960 clients_done=30/50 clients_started=30/50
2026-10-09T18:57:31.872831+00:00 [clients] round 27/30 [########################] 100.0% microbatches=1504/1504 clients_done=47/50 clients_started=47/50
2026-10-09T18:57:33.739493+00:00 [20261009T184343833086Z_No_DP] round=27 loss=1.860526 accuracy=53.41% epsilon=inf progress=27/30 avg_round=30.7s ETA~00:01:32
2026-10-09T18:57:41.875201+00:00 [clients] round 28/30 [########################] 100.0% microbatches=416/416 clients_done=13/50 clients_started=13/50
2026-10-09T18:57:51.886405+00:00 [clients] round 28/30 [########################] 100.0% microbatches=960/960 clients_done=30/50 clients_started=30/50
2026-10-09T18:58:01.889994+00:00 [clients] round 28/30 [########################] 100.0% microbatches=1504/1504 clients_done=47/50 clients_started=47/50
2026-10-09T18:58:03.693146+00:00 [20261009T184343833086Z_No_DP] round=28 loss=1.851702 accuracy=53.13% epsilon=inf progress=28/30 avg_round=30.6s ETA~00:01:02
2026-10-09T18:58:11.892528+00:00 [clients] round 29/30 [########################] 100.0% microbatches=416/416 clients_done=13/50 clients_started=13/50
2026-10-09T18:58:21.895252+00:00 [clients] round 29/30 [########################] 100.0% microbatches=960/960 clients_done=30/50 clients_started=30/50
2026-10-09T18:58:31.907585+00:00 [clients] round 29/30 [########################] 100.0% microbatches=1504/1504 clients_done=47/50 clients_started=47/50
2026-10-09T18:58:33.506232+00:00 [20261009T184343833086Z_No_DP] round=29 loss=1.843396 accuracy=53.09% epsilon=inf progress=29/30 avg_round=30.6s ETA~00:00:31
2026-10-09T18:58:41.910236+00:00 [clients] round 30/30 [########################] 100.0% microbatches=448/448 clients_done=14/50 clients_started=14/50
2026-10-09T18:58:51.921659+00:00 [clients] round 30/30 [########################] 100.0% microbatches=960/960 clients_done=30/50 clients_started=30/50
2026-10-09T18:59:01.925234+00:00 [clients] round 30/30 [########################] 100.0% microbatches=1504/1504 clients_done=47/50 clients_started=47/50
2026-10-09T18:59:03.422154+00:00 [20261009T184343833086Z_No_DP] round=30 loss=1.835429 accuracy=53.17% epsilon=inf progress=30/30 avg_round=30.6s ETA~00:00:00
