Started run local10_20261010T134251Z (run_id=20261010T134304Z_ndag-m-lab-linux-x86_64-7fa78ccc_run0020_2541fe46) at 2026-10-10T13:43:04.513545+00:00
CUDA check: available=True; devices=['NVIDIA GeForce RTX 3090']; selected_device=cuda
{"batch_size": 8, "cache_dir": ".cache/lightdp_flower", "client_data_mode": "partitioned_cifar10", "client_update_clip": 1.0, "clip": 1.0, "cuda_available": true, "cuda_devices": ["NVIDIA GeForce RTX 3090"], "cuda_version": "12.8", "data_protocol": {"client_data_mode": "partitioned_cifar10", "client_train_fraction": 0.9, "dirichlet_alpha": null, "partition_method": "iid", "source_train_examples": 50000, "test_evaluated_each_round": false, "validation_evaluated_each_round": true, "validation_fraction": 0.1, "validation_selection": "deterministic class-stratified holdout"}, "dataset": {"name": "CIFAR-10", "source": "https://www.cs.toronto.edu/~kriz/cifar.html", "test_examples": 10000, "train_examples": 50000}, "delta": 1e-05, "dependencies": {"flwr": "1.25.0", "matplotlib": "3.11.2", "numpy": "2.5.2", "pandas": "3.0.6", "scikit-image": "0.26.0", "scipy": "1.18.1", "torch": "2.8.0+cu128", "torchvision": "0.23.0+cu128"}, "device": "cuda", "dirichlet_alpha": 0.5, "epsilon": 0.0, "feature_batch": 128, "fraction_fit": 1.0, "git_revision": "12442545cf1e675a7661055ecebc3b29fadd578b", "git_track_results": true, "git_worktree_dirty": true, "hostname": "NDAG-M-Lab", "image_size": 224, "local_epochs": 1, "local_learning_rate": 0.01, "local_momentum": 0.9, "machine_architecture": "x86_64", "machine_id": "ndag-m-lab-linux-x86_64-7fa78ccc", "max_colluders": 1, "max_records_per_client": 0, "max_stragglers": 1, "method": "no_dp", "model_definition": {"backbone_frozen": true, "name": "HybridClassifier", "trainable_parameters": "CNN branch and classifier head"}, "num_clients": 10, "num_server_rounds": 30, "output_dir": "results/experiments", "partition_method": "iid", "platform": "Linux-7.0.0-38-generic-x86_64-with-glibc2.39", "pretrained_backbone": "torchvision ResNet18_Weights.IMAGENET1K_V1", "processor": "x86_64", "python": "3.12.2", "result_schema_version": 2, "resume": false, "run_id": "20261010T134304Z_ndag-m-lab-linux-x86_64-7fa78ccc_run0020_2541fe46", "run_number": 20, "seed": 2026, "selected_device": "cuda", "simulate_stragglers": false, "started_at_utc": "2026-10-10T13:43:04.513545+00:00", "tag": "local10_20261010T134251Z", "training_algorithm": "fedavg", "use_pretrained": true, "validation_fraction": 0.1}
2026-10-10T13:43:10.346981+00:00 [local10_20261010T134251Z] round=0 val_loss=2.303185 val_accuracy=10.06% epsilon=inf progress=0/30 ETA=estimating
2026-10-10T13:43:30.533929+00:00 [clients] round 1/30 [------------------------]   0.0% microbatches=0/563 clients_done=0/10 clients_started=1/10
2026-10-10T13:43:40.559230+00:00 [clients] round 1/30 [------------------------]   2.0% microbatches=114/5630 clients_done=0/10 clients_started=10/10
2026-10-10T13:43:50.586168+00:00 [clients] round 1/30 [#####-------------------]  21.3% microbatches=1197/5630 clients_done=0/10 clients_started=10/10
2026-10-10T13:44:00.594697+00:00 [clients] round 1/30 [########----------------]  34.4% microbatches=1938/5630 clients_done=0/10 clients_started=10/10
2026-10-10T13:44:10.630730+00:00 [clients] round 1/30 [############------------]  53.7% microbatches=3021/5630 clients_done=0/10 clients_started=10/10
2026-10-10T13:44:20.652183+00:00 [clients] round 1/30 [#################-------]  74.9% microbatches=4218/5630 clients_done=0/10 clients_started=10/10
2026-10-10T13:44:30.664688+00:00 [clients] round 1/30 [######################--]  94.7% microbatches=5330/5630 clients_done=4/10 clients_started=10/10
2026-10-10T13:44:34.590934+00:00 [local10_20261010T134251Z] round=1 val_loss=1.865363 val_accuracy=45.10% epsilon=inf progress=1/30 avg_round=84.4s ETA~00:40:48
2026-10-10T13:44:40.677909+00:00 [clients] round 2/30 [###---------------------]  15.2% microbatches=171/1126 clients_done=0/10 clients_started=2/10
2026-10-10T13:44:50.687399+00:00 [clients] round 2/30 [###---------------------]  13.2% microbatches=741/5630 clients_done=0/10 clients_started=10/10
2026-10-10T13:45:00.705746+00:00 [clients] round 2/30 [#######-----------------]  30.4% microbatches=1710/5630 clients_done=0/10 clients_started=10/10
2026-10-10T13:45:10.720363+00:00 [clients] round 2/30 [############------------]  51.5% microbatches=2900/5630 clients_done=1/10 clients_started=10/10
2026-10-10T13:45:20.745725+00:00 [clients] round 2/30 [################--------]  68.7% microbatches=3869/5630 clients_done=1/10 clients_started=10/10
2026-10-10T13:45:30.752357+00:00 [clients] round 2/30 [####################----]  86.8% microbatches=4888/5630 clients_done=2/10 clients_started=10/10
2026-10-10T13:45:37.854142+00:00 [local10_20261010T134251Z] round=2 val_loss=1.633975 val_accuracy=54.76% epsilon=inf progress=2/30 avg_round=73.8s ETA~00:34:28
2026-10-10T13:45:40.763915+00:00 [clients] round 2/30 [########################] 100.0% microbatches=5630/5630 clients_done=10/10 clients_started=10/10
2026-10-10T13:45:50.793979+00:00 [clients] round 3/30 [##----------------------]   9.1% microbatches=513/5630 clients_done=0/10 clients_started=10/10
2026-10-10T13:46:00.824054+00:00 [clients] round 3/30 [#######-----------------]  29.4% microbatches=1653/5630 clients_done=0/10 clients_started=10/10
2026-10-10T13:46:10.866014+00:00 [clients] round 3/30 [##########--------------]  44.5% microbatches=2508/5630 clients_done=0/10 clients_started=10/10
2026-10-10T13:46:20.915059+00:00 [clients] round 3/30 [##############----------]  61.8% microbatches=3477/5630 clients_done=0/10 clients_started=10/10
2026-10-10T13:46:30.964101+00:00 [clients] round 3/30 [##################------]  78.0% microbatches=4389/5630 clients_done=0/10 clients_started=10/10
2026-10-10T13:46:40.994712+00:00 [clients] round 3/30 [########################] 100.0% microbatches=5630/5630 clients_done=10/10 clients_started=10/10
2026-10-10T13:46:44.132821+00:00 [local10_20261010T134251Z] round=3 val_loss=1.464064 val_accuracy=60.78% epsilon=inf progress=3/30 avg_round=71.3s ETA~00:32:06
2026-10-10T13:46:50.999744+00:00 [clients] round 4/30 [#-----------------------]   5.1% microbatches=171/3378 clients_done=0/10 clients_started=6/10
2026-10-10T13:47:01.022818+00:00 [clients] round 4/30 [####--------------------]  17.2% microbatches=969/5630 clients_done=0/10 clients_started=10/10
2026-10-10T13:47:11.047190+00:00 [clients] round 4/30 [########----------------]  35.4% microbatches=1995/5630 clients_done=0/10 clients_started=10/10
2026-10-10T13:47:21.060403+00:00 [clients] round 4/30 [############------------]  52.6% microbatches=2964/5630 clients_done=0/10 clients_started=10/10
2026-10-10T13:47:31.089966+00:00 [clients] round 4/30 [################--------]  68.8% microbatches=3876/5630 clients_done=0/10 clients_started=10/10
2026-10-10T13:47:41.110472+00:00 [clients] round 4/30 [#####################---]  87.8% microbatches=4945/5630 clients_done=2/10 clients_started=10/10
2026-10-10T13:47:47.448492+00:00 [local10_20261010T134251Z] round=4 val_loss=1.328795 val_accuracy=64.04% epsilon=inf progress=4/30 avg_round=69.3s ETA~00:30:03
2026-10-10T13:47:51.115444+00:00 [clients] round 4/30 [########################] 100.0% microbatches=5630/5630 clients_done=10/10 clients_started=10/10
2026-10-10T13:48:01.129942+00:00 [clients] round 5/30 [#-----------------------]   7.1% microbatches=399/5630 clients_done=0/10 clients_started=10/10
2026-10-10T13:48:11.136302+00:00 [clients] round 5/30 [######------------------]  26.3% microbatches=1482/5630 clients_done=0/10 clients_started=10/10
2026-10-10T13:48:21.152797+00:00 [clients] round 5/30 [###########-------------]  46.6% microbatches=2622/5630 clients_done=0/10 clients_started=10/10
2026-10-10T13:48:31.183238+00:00 [clients] round 5/30 [################--------]  66.8% microbatches=3762/5630 clients_done=0/10 clients_started=10/10
2026-10-10T13:48:41.207330+00:00 [clients] round 5/30 [#####################---]  87.7% microbatches=4938/5630 clients_done=3/10 clients_started=10/10
2026-10-10T13:48:47.781669+00:00 [local10_20261010T134251Z] round=5 val_loss=1.218952 val_accuracy=67.18% epsilon=inf progress=5/30 avg_round=67.5s ETA~00:28:08
2026-10-10T13:48:51.212026+00:00 [clients] round 5/30 [########################] 100.0% microbatches=5630/5630 clients_done=10/10 clients_started=10/10
2026-10-10T13:49:01.240114+00:00 [clients] round 6/30 [##----------------------]  11.1% microbatches=627/5630 clients_done=0/10 clients_started=10/10
2026-10-10T13:49:11.270035+00:00 [clients] round 6/30 [#######-----------------]  31.4% microbatches=1767/5630 clients_done=0/10 clients_started=10/10
2026-10-10T13:49:21.312029+00:00 [clients] round 6/30 [###########-------------]  49.6% microbatches=2793/5630 clients_done=0/10 clients_started=10/10
2026-10-10T13:49:31.348063+00:00 [clients] round 6/30 [################--------]  67.7% microbatches=3812/5630 clients_done=1/10 clients_started=10/10
2026-10-10T13:49:41.382043+00:00 [clients] round 6/30 [####################----]  85.7% microbatches=4824/5630 clients_done=3/10 clients_started=10/10
2026-10-10T13:49:51.087321+00:00 [local10_20261010T134251Z] round=6 val_loss=1.133255 val_accuracy=69.06% epsilon=inf progress=6/30 avg_round=66.8s ETA~00:26:44
2026-10-10T13:49:51.395967+00:00 [clients] round 6/30 [########################] 100.0% microbatches=5630/5630 clients_done=10/10 clients_started=10/10
2026-10-10T13:50:01.417059+00:00 [clients] round 7/30 [------------------------]   3.0% microbatches=171/5630 clients_done=0/10 clients_started=10/10
2026-10-10T13:50:11.454999+00:00 [clients] round 7/30 [####--------------------]  18.2% microbatches=1026/5630 clients_done=0/10 clients_started=10/10
2026-10-10T13:50:21.489078+00:00 [clients] round 7/30 [########----------------]  37.5% microbatches=2109/5630 clients_done=0/10 clients_started=10/10
2026-10-10T13:50:31.520066+00:00 [clients] round 7/30 [#############-----------]  57.7% microbatches=3249/5630 clients_done=0/10 clients_started=10/10
2026-10-10T13:50:41.557137+00:00 [clients] round 7/30 [##################------]  75.9% microbatches=4275/5630 clients_done=0/10 clients_started=10/10
2026-10-10T13:50:51.598134+00:00 [clients] round 7/30 [######################--]  94.5% microbatches=5323/5630 clients_done=5/10 clients_started=10/10
2026-10-10T13:50:54.436307+00:00 [local10_20261010T134251Z] round=7 val_loss=1.062164 val_accuracy=71.00% epsilon=inf progress=7/30 avg_round=66.3s ETA~00:25:26
2026-10-10T13:51:01.605551+00:00 [clients] round 8/30 [------------------------]   1.7% microbatches=57/3378 clients_done=0/10 clients_started=6/10
2026-10-10T13:51:11.640656+00:00 [clients] round 8/30 [###---------------------]  15.2% microbatches=855/5630 clients_done=0/10 clients_started=10/10
2026-10-10T13:51:21.658004+00:00 [clients] round 8/30 [########----------------]  34.4% microbatches=1938/5630 clients_done=0/10 clients_started=10/10
2026-10-10T13:51:31.685454+00:00 [clients] round 8/30 [############------------]  50.6% microbatches=2850/5630 clients_done=0/10 clients_started=10/10
2026-10-10T13:51:41.700287+00:00 [clients] round 8/30 [###############---------]  65.8% microbatches=3705/5630 clients_done=0/10 clients_started=10/10
2026-10-10T13:51:51.732186+00:00 [clients] round 8/30 [####################----]  84.9% microbatches=4781/5630 clients_done=1/10 clients_started=10/10
2026-10-10T13:52:00.813561+00:00 [local10_20261010T134251Z] round=8 val_loss=1.002546 val_accuracy=72.58% epsilon=inf progress=8/30 avg_round=66.3s ETA~00:24:20
2026-10-10T13:52:01.744970+00:00 [clients] round 8/30 [########################] 100.0% microbatches=5630/5630 clients_done=10/10 clients_started=10/10
2026-10-10T13:52:11.758730+00:00 [clients] round 9/30 [#-----------------------]   5.1% microbatches=285/5630 clients_done=0/10 clients_started=10/10
2026-10-10T13:52:21.793768+00:00 [clients] round 9/30 [#####-------------------]  21.3% microbatches=1197/5630 clients_done=0/10 clients_started=10/10
2026-10-10T13:52:31.801588+00:00 [clients] round 9/30 [#########---------------]  38.5% microbatches=2166/5630 clients_done=0/10 clients_started=10/10
2026-10-10T13:52:41.832791+00:00 [clients] round 9/30 [#############-----------]  57.7% microbatches=3249/5630 clients_done=0/10 clients_started=10/10
2026-10-10T13:52:51.844799+00:00 [clients] round 9/30 [#################-------]  74.9% microbatches=4218/5630 clients_done=0/10 clients_started=10/10
2026-10-10T13:53:01.866834+00:00 [clients] round 9/30 [######################--]  95.4% microbatches=5373/5630 clients_done=6/10 clients_started=10/10
2026-10-10T13:53:04.136296+00:00 [local10_20261010T134251Z] round=9 val_loss=0.952239 val_accuracy=74.44% epsilon=inf progress=9/30 avg_round=66.0s ETA~00:23:06
2026-10-10T13:53:11.877953+00:00 [clients] round 10/30 [#-----------------------]   4.3% microbatches=171/3941 clients_done=0/10 clients_started=7/10
2026-10-10T13:53:21.890693+00:00 [clients] round 10/30 [####--------------------]  17.2% microbatches=969/5630 clients_done=0/10 clients_started=10/10
2026-10-10T13:53:31.909786+00:00 [clients] round 10/30 [########----------------]  34.4% microbatches=1938/5630 clients_done=0/10 clients_started=10/10
2026-10-10T13:53:41.925719+00:00 [clients] round 10/30 [#############-----------]  54.7% microbatches=3078/5630 clients_done=0/10 clients_started=10/10
2026-10-10T13:53:51.959740+00:00 [clients] round 10/30 [#################-------]  74.9% microbatches=4218/5630 clients_done=0/10 clients_started=10/10
2026-10-10T13:54:01.977775+00:00 [clients] round 10/30 [######################--]  93.8% microbatches=5280/5630 clients_done=3/10 clients_started=10/10
2026-10-10T13:54:04.519793+00:00 [local10_20261010T134251Z] round=10 val_loss=0.910615 val_accuracy=74.92% epsilon=inf progress=10/30 avg_round=65.4s ETA~00:21:49
2026-10-10T13:54:11.982673+00:00 [clients] round 11/30 [------------------------]   1.7% microbatches=57/3378 clients_done=0/10 clients_started=6/10
2026-10-10T13:54:22.003764+00:00 [clients] round 11/30 [####--------------------]  18.2% microbatches=1026/5630 clients_done=0/10 clients_started=10/10
2026-10-10T13:54:32.030712+00:00 [clients] round 11/30 [#########---------------]  39.5% microbatches=2223/5630 clients_done=0/10 clients_started=10/10
2026-10-10T13:54:42.045687+00:00 [clients] round 11/30 [##############----------]  61.8% microbatches=3477/5630 clients_done=0/10 clients_started=10/10
2026-10-10T13:54:52.065278+00:00 [clients] round 11/30 [###################-----]  82.0% microbatches=4617/5630 clients_done=0/10 clients_started=10/10
2026-10-10T13:54:58.828474+00:00 [local10_20261010T134251Z] round=11 val_loss=0.874229 val_accuracy=75.78% epsilon=inf progress=11/30 avg_round=64.4s ETA~00:20:24
2026-10-10T13:55:02.069642+00:00 [clients] round 12/30 [------------------------]   0.0% microbatches=0/563 clients_done=0/10 clients_started=1/10
2026-10-10T13:55:12.086747+00:00 [clients] round 12/30 [###---------------------]  16.2% microbatches=912/5630 clients_done=0/10 clients_started=10/10
2026-10-10T13:55:22.115758+00:00 [clients] round 12/30 [########----------------]  35.3% microbatches=1988/5630 clients_done=1/10 clients_started=10/10
2026-10-10T13:55:32.131705+00:00 [clients] round 12/30 [#############-----------]  57.6% microbatches=3242/5630 clients_done=1/10 clients_started=10/10
2026-10-10T13:55:42.150790+00:00 [clients] round 12/30 [##################------]  78.8% microbatches=4439/5630 clients_done=1/10 clients_started=10/10
2026-10-10T13:55:52.156630+00:00 [clients] round 12/30 [########################] 100.0% microbatches=5630/5630 clients_done=10/10 clients_started=10/10
2026-10-10T13:55:53.091210+00:00 [local10_20261010T134251Z] round=12 val_loss=0.842623 val_accuracy=76.86% epsilon=inf progress=12/30 avg_round=63.6s ETA~00:19:05
2026-10-10T13:56:02.167499+00:00 [clients] round 13/30 [#-----------------------]   6.7% microbatches=342/5067 clients_done=0/10 clients_started=9/10
2026-10-10T13:56:12.198162+00:00 [clients] round 13/30 [#####-------------------]  24.3% microbatches=1368/5630 clients_done=0/10 clients_started=10/10
2026-10-10T13:56:22.226136+00:00 [clients] round 13/30 [##########--------------]  44.5% microbatches=2508/5630 clients_done=0/10 clients_started=10/10
2026-10-10T13:56:32.248064+00:00 [clients] round 13/30 [###############---------]  64.8% microbatches=3648/5630 clients_done=0/10 clients_started=10/10
2026-10-10T13:56:42.279553+00:00 [clients] round 13/30 [####################----]  86.7% microbatches=4881/5630 clients_done=3/10 clients_started=10/10
2026-10-10T13:56:47.324431+00:00 [local10_20261010T134251Z] round=13 val_loss=0.817384 val_accuracy=77.34% epsilon=inf progress=13/30 avg_round=62.9s ETA~00:17:49
2026-10-10T13:56:52.294655+00:00 [clients] round 14/30 [------------------------]   3.4% microbatches=57/1689 clients_done=0/10 clients_started=3/10
2026-10-10T13:57:02.313779+00:00 [clients] round 14/30 [#####-------------------]  22.5% microbatches=1140/5067 clients_done=0/10 clients_started=9/10
2026-10-10T13:57:12.333366+00:00 [clients] round 14/30 [##########--------------]  45.0% microbatches=2280/5067 clients_done=0/10 clients_started=9/10
2026-10-10T13:57:22.348902+00:00 [clients] round 14/30 [###############---------]  66.4% microbatches=3363/5067 clients_done=0/10 clients_started=9/10
2026-10-10T13:57:32.358330+00:00 [clients] round 14/30 [####################----]  86.2% microbatches=4368/5067 clients_done=3/10 clients_started=9/10
2026-10-10T13:57:42.361372+00:00 [clients] round 14/30 [########################] 100.0% microbatches=5067/5067 clients_done=9/10 clients_started=9/10
2026-10-10T13:57:52.363336+00:00 [clients] round 14/30 [########################] 100.0% microbatches=5067/5067 clients_done=9/10 clients_started=9/10
2026-10-10T13:58:02.365493+00:00 [clients] round 14/30 [########################] 100.0% microbatches=5067/5067 clients_done=9/10 clients_started=9/10
2026-10-10T13:58:12.367514+00:00 [clients] round 14/30 [########################] 100.0% microbatches=5067/5067 clients_done=9/10 clients_started=9/10
2026-10-10T13:58:22.369439+00:00 [clients] round 14/30 [########################] 100.0% microbatches=5067/5067 clients_done=9/10 clients_started=9/10
2026-10-10T13:58:32.371366+00:00 [clients] round 14/30 [########################] 100.0% microbatches=5067/5067 clients_done=9/10 clients_started=9/10
2026-10-10T13:58:42.373396+00:00 [clients] round 14/30 [########################] 100.0% microbatches=5067/5067 clients_done=9/10 clients_started=9/10
2026-10-10T13:58:52.375342+00:00 [clients] round 14/30 [########################] 100.0% microbatches=5067/5067 clients_done=9/10 clients_started=9/10
2026-10-10T13:59:02.377303+00:00 [clients] round 14/30 [########################] 100.0% microbatches=5067/5067 clients_done=9/10 clients_started=9/10
2026-10-10T13:59:12.379214+00:00 [clients] round 14/30 [########################] 100.0% microbatches=5067/5067 clients_done=9/10 clients_started=9/10
2026-10-10T13:59:22.381169+00:00 [clients] round 14/30 [########################] 100.0% microbatches=5067/5067 clients_done=9/10 clients_started=9/10
2026-10-10T13:59:32.383174+00:00 [clients] round 14/30 [########################] 100.0% microbatches=5067/5067 clients_done=9/10 clients_started=9/10
2026-10-10T13:59:42.385209+00:00 [clients] round 14/30 [########################] 100.0% microbatches=5067/5067 clients_done=9/10 clients_started=9/10
2026-10-10T13:59:52.387208+00:00 [clients] round 14/30 [########################] 100.0% microbatches=5067/5067 clients_done=9/10 clients_started=9/10
2026-10-10T14:00:02.389173+00:00 [clients] round 14/30 [########################] 100.0% microbatches=5067/5067 clients_done=9/10 clients_started=9/10
2026-10-10T14:00:12.391081+00:00 [clients] round 14/30 [########################] 100.0% microbatches=5067/5067 clients_done=9/10 clients_started=9/10
2026-10-10T14:00:22.392956+00:00 [clients] round 14/30 [########################] 100.0% microbatches=5067/5067 clients_done=9/10 clients_started=9/10
2026-10-10T14:00:32.394843+00:00 [clients] round 14/30 [########################] 100.0% microbatches=5067/5067 clients_done=9/10 clients_started=9/10
2026-10-10T14:00:42.396777+00:00 [clients] round 14/30 [########################] 100.0% microbatches=5067/5067 clients_done=9/10 clients_started=9/10
2026-10-10T14:00:52.398672+00:00 [clients] round 14/30 [########################] 100.0% microbatches=5067/5067 clients_done=9/10 clients_started=9/10
2026-10-10T14:01:02.400588+00:00 [clients] round 14/30 [########################] 100.0% microbatches=5067/5067 clients_done=9/10 clients_started=9/10
2026-10-10T14:01:12.402654+00:00 [clients] round 14/30 [########################] 100.0% microbatches=5067/5067 clients_done=9/10 clients_started=9/10
2026-10-10T14:01:22.404612+00:00 [clients] round 14/30 [########################] 100.0% microbatches=5067/5067 clients_done=9/10 clients_started=9/10
2026-10-10T14:01:32.406476+00:00 [clients] round 14/30 [########################] 100.0% microbatches=5067/5067 clients_done=9/10 clients_started=9/10
2026-10-10T14:01:42.408382+00:00 [clients] round 14/30 [########################] 100.0% microbatches=5067/5067 clients_done=9/10 clients_started=9/10
2026-10-10T14:01:52.410341+00:00 [clients] round 14/30 [########################] 100.0% microbatches=5067/5067 clients_done=9/10 clients_started=9/10
2026-10-10T14:02:02.412273+00:00 [clients] round 14/30 [########################] 100.0% microbatches=5067/5067 clients_done=9/10 clients_started=9/10
2026-10-10T14:02:12.414156+00:00 [clients] round 14/30 [########################] 100.0% microbatches=5067/5067 clients_done=9/10 clients_started=9/10
2026-10-10T14:02:22.416033+00:00 [clients] round 14/30 [########################] 100.0% microbatches=5067/5067 clients_done=9/10 clients_started=9/10
2026-10-10T14:02:32.418026+00:00 [clients] round 14/30 [########################] 100.0% microbatches=5067/5067 clients_done=9/10 clients_started=9/10
2026-10-10T14:02:42.419903+00:00 [clients] round 14/30 [########################] 100.0% microbatches=5067/5067 clients_done=9/10 clients_started=9/10
2026-10-10T14:02:52.421892+00:00 [clients] round 14/30 [########################] 100.0% microbatches=5067/5067 clients_done=9/10 clients_started=9/10
2026-10-10T14:03:02.423836+00:00 [clients] round 14/30 [########################] 100.0% microbatches=5067/5067 clients_done=9/10 clients_started=9/10
2026-10-10T14:03:12.425842+00:00 [clients] round 14/30 [########################] 100.0% microbatches=5067/5067 clients_done=9/10 clients_started=9/10
2026-10-10T14:03:22.427735+00:00 [clients] round 14/30 [########################] 100.0% microbatches=5067/5067 clients_done=9/10 clients_started=9/10
2026-10-10T14:03:32.429727+00:00 [clients] round 14/30 [########################] 100.0% microbatches=5067/5067 clients_done=9/10 clients_started=9/10
2026-10-10T14:03:42.431682+00:00 [clients] round 14/30 [########################] 100.0% microbatches=5067/5067 clients_done=9/10 clients_started=9/10
2026-10-10T14:03:52.433781+00:00 [clients] round 14/30 [########################] 100.0% microbatches=5067/5067 clients_done=9/10 clients_started=9/10
2026-10-10T14:04:02.435779+00:00 [clients] round 14/30 [########################] 100.0% microbatches=5067/5067 clients_done=9/10 clients_started=9/10
2026-10-10T14:04:12.437716+00:00 [clients] round 14/30 [########################] 100.0% microbatches=5067/5067 clients_done=9/10 clients_started=9/10
2026-10-10T14:04:22.439701+00:00 [clients] round 14/30 [########################] 100.0% microbatches=5067/5067 clients_done=9/10 clients_started=9/10
2026-10-10T14:04:32.441694+00:00 [clients] round 14/30 [########################] 100.0% microbatches=5067/5067 clients_done=9/10 clients_started=9/10
2026-10-10T14:04:42.443588+00:00 [clients] round 14/30 [########################] 100.0% microbatches=5067/5067 clients_done=9/10 clients_started=9/10
2026-10-10T14:04:52.445837+00:00 [clients] round 14/30 [########################] 100.0% microbatches=5067/5067 clients_done=9/10 clients_started=9/10
2026-10-10T14:05:02.447840+00:00 [clients] round 14/30 [########################] 100.0% microbatches=5067/5067 clients_done=9/10 clients_started=9/10
2026-10-10T14:05:12.449731+00:00 [clients] round 14/30 [########################] 100.0% microbatches=5067/5067 clients_done=9/10 clients_started=9/10
2026-10-10T14:05:22.451657+00:00 [clients] round 14/30 [########################] 100.0% microbatches=5067/5067 clients_done=9/10 clients_started=9/10
2026-10-10T14:05:32.453764+00:00 [clients] round 14/30 [########################] 100.0% microbatches=5067/5067 clients_done=9/10 clients_started=9/10
2026-10-10T14:05:42.455787+00:00 [clients] round 14/30 [########################] 100.0% microbatches=5067/5067 clients_done=9/10 clients_started=9/10
2026-10-10T14:05:52.457779+00:00 [clients] round 14/30 [########################] 100.0% microbatches=5067/5067 clients_done=9/10 clients_started=9/10
2026-10-10T14:06:02.459744+00:00 [clients] round 14/30 [########################] 100.0% microbatches=5067/5067 clients_done=9/10 clients_started=9/10
2026-10-10T14:06:12.461776+00:00 [clients] round 14/30 [########################] 100.0% microbatches=5067/5067 clients_done=9/10 clients_started=9/10
2026-10-10T14:06:22.463697+00:00 [clients] round 14/30 [########################] 100.0% microbatches=5067/5067 clients_done=9/10 clients_started=9/10
2026-10-10T14:06:32.465589+00:00 [clients] round 14/30 [########################] 100.0% microbatches=5067/5067 clients_done=9/10 clients_started=9/10
2026-10-10T14:06:42.467542+00:00 [clients] round 14/30 [########################] 100.0% microbatches=5067/5067 clients_done=9/10 clients_started=9/10
2026-10-10T14:06:52.469660+00:00 [clients] round 14/30 [########################] 100.0% microbatches=5067/5067 clients_done=9/10 clients_started=9/10
2026-10-10T14:07:02.472064+00:00 [clients] round 14/30 [########################] 100.0% microbatches=5067/5067 clients_done=9/10 clients_started=9/10
2026-10-10T14:07:12.473989+00:00 [clients] round 14/30 [########################] 100.0% microbatches=5067/5067 clients_done=9/10 clients_started=9/10
2026-10-10T14:07:22.475956+00:00 [clients] round 14/30 [########################] 100.0% microbatches=5067/5067 clients_done=9/10 clients_started=9/10
2026-10-10T14:07:32.477899+00:00 [clients] round 14/30 [########################] 100.0% microbatches=5067/5067 clients_done=9/10 clients_started=9/10
2026-10-10T14:07:42.479858+00:00 [clients] round 14/30 [########################] 100.0% microbatches=5067/5067 clients_done=9/10 clients_started=9/10
2026-10-10T14:07:52.481889+00:00 [clients] round 14/30 [########################] 100.0% microbatches=5067/5067 clients_done=9/10 clients_started=9/10
2026-10-10T14:08:02.483784+00:00 [clients] round 14/30 [########################] 100.0% microbatches=5067/5067 clients_done=9/10 clients_started=9/10
2026-10-10T14:08:12.485665+00:00 [clients] round 14/30 [########################] 100.0% microbatches=5067/5067 clients_done=9/10 clients_started=9/10
2026-10-10T14:08:22.487778+00:00 [clients] round 14/30 [########################] 100.0% microbatches=5067/5067 clients_done=9/10 clients_started=9/10
2026-10-10T14:08:32.489741+00:00 [clients] round 14/30 [########################] 100.0% microbatches=5067/5067 clients_done=9/10 clients_started=9/10
2026-10-10T14:08:42.491656+00:00 [clients] round 14/30 [########################] 100.0% microbatches=5067/5067 clients_done=9/10 clients_started=9/10
2026-10-10T14:08:52.493581+00:00 [clients] round 14/30 [########################] 100.0% microbatches=5067/5067 clients_done=9/10 clients_started=9/10
2026-10-10T14:09:02.495721+00:00 [clients] round 14/30 [########################] 100.0% microbatches=5067/5067 clients_done=9/10 clients_started=9/10
2026-10-10T14:09:12.497677+00:00 [clients] round 14/30 [########################] 100.0% microbatches=5067/5067 clients_done=9/10 clients_started=9/10
2026-10-10T14:09:22.499583+00:00 [clients] round 14/30 [########################] 100.0% microbatches=5067/5067 clients_done=9/10 clients_started=9/10
2026-10-10T14:09:32.501535+00:00 [clients] round 14/30 [########################] 100.0% microbatches=5067/5067 clients_done=9/10 clients_started=9/10
2026-10-10T14:09:42.503484+00:00 [clients] round 14/30 [########################] 100.0% microbatches=5067/5067 clients_done=9/10 clients_started=9/10
2026-10-10T14:09:52.505418+00:00 [clients] round 14/30 [########################] 100.0% microbatches=5067/5067 clients_done=9/10 clients_started=9/10
2026-10-10T14:10:02.507454+00:00 [clients] round 14/30 [########################] 100.0% microbatches=5067/5067 clients_done=9/10 clients_started=9/10
2026-10-10T14:10:12.518137+00:00 [clients] round 14/30 [########################] 100.0% microbatches=5067/5067 clients_done=9/10 clients_started=9/10
2026-10-10T14:10:22.520368+00:00 [clients] round 14/30 [########################] 100.0% microbatches=5067/5067 clients_done=9/10 clients_started=9/10
2026-10-10T14:10:32.522318+00:00 [clients] round 14/30 [########################] 100.0% microbatches=5067/5067 clients_done=9/10 clients_started=9/10
2026-10-10T14:10:42.524368+00:00 [clients] round 14/30 [########################] 100.0% microbatches=5067/5067 clients_done=9/10 clients_started=9/10
2026-10-10T14:10:52.526376+00:00 [clients] round 14/30 [########################] 100.0% microbatches=5067/5067 clients_done=9/10 clients_started=9/10
2026-10-10T14:11:02.528355+00:00 [clients] round 14/30 [########################] 100.0% microbatches=5067/5067 clients_done=9/10 clients_started=9/10
2026-10-10T14:11:12.530236+00:00 [clients] round 14/30 [########################] 100.0% microbatches=5067/5067 clients_done=9/10 clients_started=9/10
2026-10-10T14:11:22.532236+00:00 [clients] round 14/30 [########################] 100.0% microbatches=5067/5067 clients_done=9/10 clients_started=9/10
2026-10-10T14:11:32.543064+00:00 [clients] round 14/30 [########################] 100.0% microbatches=5067/5067 clients_done=9/10 clients_started=9/10
2026-10-10T14:11:42.545291+00:00 [clients] round 14/30 [########################] 100.0% microbatches=5067/5067 clients_done=9/10 clients_started=9/10
2026-10-10T14:11:52.547190+00:00 [clients] round 14/30 [########################] 100.0% microbatches=5067/5067 clients_done=9/10 clients_started=9/10
2026-10-10T14:12:02.549191+00:00 [clients] round 14/30 [########################] 100.0% microbatches=5067/5067 clients_done=9/10 clients_started=9/10
2026-10-10T14:12:12.551214+00:00 [clients] round 14/30 [########################] 100.0% microbatches=5067/5067 clients_done=9/10 clients_started=9/10
2026-10-10T14:12:22.553476+00:00 [clients] round 14/30 [########################] 100.0% microbatches=5067/5067 clients_done=9/10 clients_started=9/10
2026-10-10T14:12:32.563967+00:00 [clients] round 14/30 [########################] 100.0% microbatches=5067/5067 clients_done=9/10 clients_started=9/10
2026-10-10T14:12:42.566046+00:00 [clients] round 14/30 [########################] 100.0% microbatches=5067/5067 clients_done=9/10 clients_started=9/10
2026-10-10T14:12:52.567979+00:00 [clients] round 14/30 [########################] 100.0% microbatches=5067/5067 clients_done=9/10 clients_started=9/10
2026-10-10T14:13:02.569916+00:00 [clients] round 14/30 [########################] 100.0% microbatches=5067/5067 clients_done=9/10 clients_started=9/10
2026-10-10T14:13:12.571914+00:00 [clients] round 14/30 [########################] 100.0% microbatches=5067/5067 clients_done=9/10 clients_started=9/10
2026-10-10T14:13:22.573803+00:00 [clients] round 14/30 [########################] 100.0% microbatches=5067/5067 clients_done=9/10 clients_started=9/10
2026-10-10T14:13:32.575746+00:00 [clients] round 14/30 [########################] 100.0% microbatches=5067/5067 clients_done=9/10 clients_started=9/10
2026-10-10T14:13:42.577752+00:00 [clients] round 14/30 [########################] 100.0% microbatches=5067/5067 clients_done=9/10 clients_started=9/10
2026-10-10T14:13:52.579701+00:00 [clients] round 14/30 [########################] 100.0% microbatches=5067/5067 clients_done=9/10 clients_started=9/10
2026-10-10T14:14:02.581678+00:00 [clients] round 14/30 [########################] 100.0% microbatches=5067/5067 clients_done=9/10 clients_started=9/10
2026-10-10T14:14:12.583622+00:00 [clients] round 14/30 [########################] 100.0% microbatches=5067/5067 clients_done=9/10 clients_started=9/10
2026-10-10T14:14:22.585653+00:00 [clients] round 14/30 [########################] 100.0% microbatches=5067/5067 clients_done=9/10 clients_started=9/10
2026-10-10T14:14:32.587646+00:00 [clients] round 14/30 [########################] 100.0% microbatches=5067/5067 clients_done=9/10 clients_started=9/10
2026-10-10T14:14:42.589569+00:00 [clients] round 14/30 [########################] 100.0% microbatches=5067/5067 clients_done=9/10 clients_started=9/10
2026-10-10T14:14:52.591533+00:00 [clients] round 14/30 [########################] 100.0% microbatches=5067/5067 clients_done=9/10 clients_started=9/10
2026-10-10T14:15:02.593582+00:00 [clients] round 14/30 [########################] 100.0% microbatches=5067/5067 clients_done=9/10 clients_started=9/10
2026-10-10T14:15:12.595482+00:00 [clients] round 14/30 [########################] 100.0% microbatches=5067/5067 clients_done=9/10 clients_started=9/10
2026-10-10T14:15:22.597400+00:00 [clients] round 14/30 [########################] 100.0% microbatches=5067/5067 clients_done=9/10 clients_started=9/10
2026-10-10T14:15:32.599398+00:00 [clients] round 14/30 [########################] 100.0% microbatches=5067/5067 clients_done=9/10 clients_started=9/10
2026-10-10T14:15:42.601351+00:00 [clients] round 14/30 [########################] 100.0% microbatches=5067/5067 clients_done=9/10 clients_started=9/10
2026-10-10T14:15:52.603303+00:00 [clients] round 14/30 [########################] 100.0% microbatches=5067/5067 clients_done=9/10 clients_started=9/10
2026-10-10T14:16:02.605207+00:00 [clients] round 14/30 [########################] 100.0% microbatches=5067/5067 clients_done=9/10 clients_started=9/10
2026-10-10T14:16:12.607060+00:00 [clients] round 14/30 [########################] 100.0% microbatches=5067/5067 clients_done=9/10 clients_started=9/10
2026-10-10T14:16:22.608962+00:00 [clients] round 14/30 [########################] 100.0% microbatches=5067/5067 clients_done=9/10 clients_started=9/10
2026-10-10T14:16:32.611053+00:00 [clients] round 14/30 [########################] 100.0% microbatches=5067/5067 clients_done=9/10 clients_started=9/10
2026-10-10T14:16:42.613074+00:00 [clients] round 14/30 [########################] 100.0% microbatches=5067/5067 clients_done=9/10 clients_started=9/10
2026-10-10T14:16:52.615045+00:00 [clients] round 14/30 [########################] 100.0% microbatches=5067/5067 clients_done=9/10 clients_started=9/10
2026-10-10T14:17:02.616914+00:00 [clients] round 14/30 [########################] 100.0% microbatches=5067/5067 clients_done=9/10 clients_started=9/10
2026-10-10T14:17:12.618972+00:00 [clients] round 14/30 [########################] 100.0% microbatches=5067/5067 clients_done=9/10 clients_started=9/10
2026-10-10T14:17:22.621349+00:00 [clients] round 14/30 [########################] 100.0% microbatches=5067/5067 clients_done=9/10 clients_started=9/10
2026-10-10T14:17:32.623303+00:00 [clients] round 14/30 [########################] 100.0% microbatches=5067/5067 clients_done=9/10 clients_started=9/10
2026-10-10T14:17:42.625219+00:00 [clients] round 14/30 [########################] 100.0% microbatches=5067/5067 clients_done=9/10 clients_started=9/10
2026-10-10T14:17:52.627169+00:00 [clients] round 14/30 [########################] 100.0% microbatches=5067/5067 clients_done=9/10 clients_started=9/10
2026-10-10T14:18:02.629131+00:00 [clients] round 14/30 [########################] 100.0% microbatches=5067/5067 clients_done=9/10 clients_started=9/10
2026-10-10T14:18:12.631031+00:00 [clients] round 14/30 [########################] 100.0% microbatches=5067/5067 clients_done=9/10 clients_started=9/10
2026-10-10T14:18:22.632901+00:00 [clients] round 14/30 [########################] 100.0% microbatches=5067/5067 clients_done=9/10 clients_started=9/10
2026-10-10T14:18:32.634825+00:00 [clients] round 14/30 [########################] 100.0% microbatches=5067/5067 clients_done=9/10 clients_started=9/10
2026-10-10T14:18:42.636836+00:00 [clients] round 14/30 [########################] 100.0% microbatches=5067/5067 clients_done=9/10 clients_started=9/10
2026-10-10T14:18:52.638751+00:00 [clients] round 14/30 [########################] 100.0% microbatches=5067/5067 clients_done=9/10 clients_started=9/10
2026-10-10T14:19:02.640709+00:00 [clients] round 14/30 [########################] 100.0% microbatches=5067/5067 clients_done=9/10 clients_started=9/10
2026-10-10T14:19:12.642590+00:00 [clients] round 14/30 [########################] 100.0% microbatches=5067/5067 clients_done=9/10 clients_started=9/10
2026-10-10T14:19:22.644474+00:00 [clients] round 14/30 [########################] 100.0% microbatches=5067/5067 clients_done=9/10 clients_started=9/10
2026-10-10T14:19:32.647127+00:00 [clients] round 14/30 [########################] 100.0% microbatches=5067/5067 clients_done=9/10 clients_started=9/10
2026-10-10T14:19:42.650435+00:00 [clients] round 14/30 [########################] 100.0% microbatches=5067/5067 clients_done=9/10 clients_started=9/10
2026-10-10T14:19:52.653506+00:00 [clients] round 14/30 [########################] 100.0% microbatches=5067/5067 clients_done=9/10 clients_started=9/10
2026-10-10T14:20:02.655381+00:00 [clients] round 14/30 [########################] 100.0% microbatches=5067/5067 clients_done=9/10 clients_started=9/10
2026-10-10T14:20:12.657387+00:00 [clients] round 14/30 [########################] 100.0% microbatches=5067/5067 clients_done=9/10 clients_started=9/10
2026-10-10T14:20:22.659298+00:00 [clients] round 14/30 [########################] 100.0% microbatches=5067/5067 clients_done=9/10 clients_started=9/10
2026-10-10T14:20:32.661259+00:00 [clients] round 14/30 [########################] 100.0% microbatches=5067/5067 clients_done=9/10 clients_started=9/10
2026-10-10T14:20:42.663202+00:00 [clients] round 14/30 [########################] 100.0% microbatches=5067/5067 clients_done=9/10 clients_started=9/10
2026-10-10T14:20:52.665122+00:00 [clients] round 14/30 [########################] 100.0% microbatches=5067/5067 clients_done=9/10 clients_started=9/10
2026-10-10T14:21:02.667128+00:00 [clients] round 14/30 [########################] 100.0% microbatches=5067/5067 clients_done=9/10 clients_started=9/10
2026-10-10T14:21:12.668956+00:00 [clients] round 14/30 [########################] 100.0% microbatches=5067/5067 clients_done=9/10 clients_started=9/10
2026-10-10T14:21:22.670835+00:00 [clients] round 14/30 [########################] 100.0% microbatches=5067/5067 clients_done=9/10 clients_started=9/10
2026-10-10T14:21:32.672784+00:00 [clients] round 14/30 [########################] 100.0% microbatches=5067/5067 clients_done=9/10 clients_started=9/10
2026-10-10T14:21:42.674695+00:00 [clients] round 14/30 [########################] 100.0% microbatches=5067/5067 clients_done=9/10 clients_started=9/10
2026-10-10T14:21:52.676543+00:00 [clients] round 14/30 [########################] 100.0% microbatches=5067/5067 clients_done=9/10 clients_started=9/10
2026-10-10T14:22:02.678419+00:00 [clients] round 14/30 [########################] 100.0% microbatches=5067/5067 clients_done=9/10 clients_started=9/10
2026-10-10T14:22:12.680353+00:00 [clients] round 14/30 [########################] 100.0% microbatches=5067/5067 clients_done=9/10 clients_started=9/10
2026-10-10T14:22:22.682212+00:00 [clients] round 14/30 [########################] 100.0% microbatches=5067/5067 clients_done=9/10 clients_started=9/10
2026-10-10T14:22:32.684048+00:00 [clients] round 14/30 [########################] 100.0% microbatches=5067/5067 clients_done=9/10 clients_started=9/10
2026-10-10T14:22:42.686426+00:00 [clients] round 14/30 [########################] 100.0% microbatches=5067/5067 clients_done=9/10 clients_started=9/10
2026-10-10T14:22:52.688342+00:00 [clients] round 14/30 [########################] 100.0% microbatches=5067/5067 clients_done=9/10 clients_started=9/10
2026-10-10T14:23:02.690212+00:00 [clients] round 14/30 [########################] 100.0% microbatches=5067/5067 clients_done=9/10 clients_started=9/10
2026-10-10T14:23:12.692224+00:00 [clients] round 14/30 [########################] 100.0% microbatches=5067/5067 clients_done=9/10 clients_started=9/10
2026-10-10T14:23:22.694173+00:00 [clients] round 14/30 [########################] 100.0% microbatches=5067/5067 clients_done=9/10 clients_started=9/10
2026-10-10T14:23:32.696223+00:00 [clients] round 14/30 [########################] 100.0% microbatches=5067/5067 clients_done=9/10 clients_started=9/10
2026-10-10T14:23:42.698125+00:00 [clients] round 14/30 [########################] 100.0% microbatches=5067/5067 clients_done=9/10 clients_started=9/10
2026-10-10T14:23:52.701198+00:00 [clients] round 14/30 [########################] 100.0% microbatches=5067/5067 clients_done=9/10 clients_started=9/10
2026-10-10T14:24:02.703950+00:00 [clients] round 14/30 [########################] 100.0% microbatches=5067/5067 clients_done=9/10 clients_started=9/10
2026-10-10T14:24:12.705873+00:00 [clients] round 14/30 [########################] 100.0% microbatches=5067/5067 clients_done=9/10 clients_started=9/10
2026-10-10T14:24:22.707789+00:00 [clients] round 14/30 [########################] 100.0% microbatches=5067/5067 clients_done=9/10 clients_started=9/10
2026-10-10T14:24:32.709768+00:00 [clients] round 14/30 [########################] 100.0% microbatches=5067/5067 clients_done=9/10 clients_started=9/10
2026-10-10T14:24:42.711661+00:00 [clients] round 14/30 [########################] 100.0% microbatches=5067/5067 clients_done=9/10 clients_started=9/10
2026-10-10T14:24:52.713631+00:00 [clients] round 14/30 [########################] 100.0% microbatches=5067/5067 clients_done=9/10 clients_started=9/10
2026-10-10T14:25:02.715551+00:00 [clients] round 14/30 [########################] 100.0% microbatches=5067/5067 clients_done=9/10 clients_started=9/10
2026-10-10T14:25:12.717580+00:00 [clients] round 14/30 [########################] 100.0% microbatches=5067/5067 clients_done=9/10 clients_started=9/10
2026-10-10T14:25:22.719451+00:00 [clients] round 14/30 [########################] 100.0% microbatches=5067/5067 clients_done=9/10 clients_started=9/10
2026-10-10T14:25:32.721337+00:00 [clients] round 14/30 [########################] 100.0% microbatches=5067/5067 clients_done=9/10 clients_started=9/10
2026-10-10T14:25:42.723218+00:00 [clients] round 14/30 [########################] 100.0% microbatches=5067/5067 clients_done=9/10 clients_started=9/10
2026-10-10T14:25:52.725147+00:00 [clients] round 14/30 [########################] 100.0% microbatches=5067/5067 clients_done=9/10 clients_started=9/10
2026-10-10T14:26:02.727060+00:00 [clients] round 14/30 [########################] 100.0% microbatches=5067/5067 clients_done=9/10 clients_started=9/10
2026-10-10T14:26:12.729043+00:00 [clients] round 14/30 [########################] 100.0% microbatches=5067/5067 clients_done=9/10 clients_started=9/10
2026-10-10T14:26:22.731033+00:00 [clients] round 14/30 [########################] 100.0% microbatches=5067/5067 clients_done=9/10 clients_started=9/10
2026-10-10T14:26:32.732918+00:00 [clients] round 14/30 [########################] 100.0% microbatches=5067/5067 clients_done=9/10 clients_started=9/10
2026-10-10T14:26:42.734957+00:00 [clients] round 14/30 [########################] 100.0% microbatches=5067/5067 clients_done=9/10 clients_started=9/10
2026-10-10T14:26:52.736890+00:00 [clients] round 14/30 [########################] 100.0% microbatches=5067/5067 clients_done=9/10 clients_started=9/10
2026-10-10T14:27:02.738771+00:00 [clients] round 14/30 [########################] 100.0% microbatches=5067/5067 clients_done=9/10 clients_started=9/10
2026-10-10T14:27:12.740643+00:00 [clients] round 14/30 [########################] 100.0% microbatches=5067/5067 clients_done=9/10 clients_started=9/10
2026-10-10T14:27:22.742530+00:00 [clients] round 14/30 [########################] 100.0% microbatches=5067/5067 clients_done=9/10 clients_started=9/10
2026-10-10T14:27:32.744505+00:00 [clients] round 14/30 [########################] 100.0% microbatches=5067/5067 clients_done=9/10 clients_started=9/10
2026-10-10T14:27:42.746416+00:00 [clients] round 14/30 [########################] 100.0% microbatches=5067/5067 clients_done=9/10 clients_started=9/10
2026-10-10T14:27:52.748309+00:00 [clients] round 14/30 [########################] 100.0% microbatches=5067/5067 clients_done=9/10 clients_started=9/10
2026-10-10T14:28:02.750215+00:00 [clients] round 14/30 [########################] 100.0% microbatches=5067/5067 clients_done=9/10 clients_started=9/10
2026-10-10T14:28:12.752210+00:00 [clients] round 14/30 [########################] 100.0% microbatches=5067/5067 clients_done=9/10 clients_started=9/10
2026-10-10T14:28:22.754094+00:00 [clients] round 14/30 [########################] 100.0% microbatches=5067/5067 clients_done=9/10 clients_started=9/10
2026-10-10T14:28:32.756020+00:00 [clients] round 14/30 [########################] 100.0% microbatches=5067/5067 clients_done=9/10 clients_started=9/10
2026-10-10T14:28:42.757905+00:00 [clients] round 14/30 [########################] 100.0% microbatches=5067/5067 clients_done=9/10 clients_started=9/10
2026-10-10T14:28:52.759831+00:00 [clients] round 14/30 [########################] 100.0% microbatches=5067/5067 clients_done=9/10 clients_started=9/10
2026-10-10T14:29:02.761803+00:00 [clients] round 14/30 [########################] 100.0% microbatches=5067/5067 clients_done=9/10 clients_started=9/10
2026-10-10T14:29:12.763689+00:00 [clients] round 14/30 [########################] 100.0% microbatches=5067/5067 clients_done=9/10 clients_started=9/10
2026-10-10T14:29:22.765745+00:00 [clients] round 14/30 [########################] 100.0% microbatches=5067/5067 clients_done=9/10 clients_started=9/10
2026-10-10T14:29:32.767848+00:00 [clients] round 14/30 [########################] 100.0% microbatches=5067/5067 clients_done=9/10 clients_started=9/10
2026-10-10T14:29:42.769928+00:00 [clients] round 14/30 [########################] 100.0% microbatches=5067/5067 clients_done=9/10 clients_started=9/10
2026-10-10T14:29:52.771859+00:00 [clients] round 14/30 [########################] 100.0% microbatches=5067/5067 clients_done=9/10 clients_started=9/10
2026-10-10T14:30:02.773722+00:00 [clients] round 14/30 [########################] 100.0% microbatches=5067/5067 clients_done=9/10 clients_started=9/10
2026-10-10T14:30:12.775584+00:00 [clients] round 14/30 [########################] 100.0% microbatches=5067/5067 clients_done=9/10 clients_started=9/10
2026-10-10T14:30:22.777647+00:00 [clients] round 14/30 [########################] 100.0% microbatches=5067/5067 clients_done=9/10 clients_started=9/10
2026-10-10T14:30:32.779645+00:00 [clients] round 14/30 [########################] 100.0% microbatches=5067/5067 clients_done=9/10 clients_started=9/10
2026-10-10T14:30:42.781632+00:00 [clients] round 14/30 [########################] 100.0% microbatches=5067/5067 clients_done=9/10 clients_started=9/10
2026-10-10T14:30:52.783554+00:00 [clients] round 14/30 [########################] 100.0% microbatches=5067/5067 clients_done=9/10 clients_started=9/10
2026-10-10T14:31:02.785605+00:00 [clients] round 14/30 [########################] 100.0% microbatches=5067/5067 clients_done=9/10 clients_started=9/10
2026-10-10T14:31:12.787522+00:00 [clients] round 14/30 [########################] 100.0% microbatches=5067/5067 clients_done=9/10 clients_started=9/10
2026-10-10T14:31:22.789457+00:00 [clients] round 14/30 [########################] 100.0% microbatches=5067/5067 clients_done=9/10 clients_started=9/10
2026-10-10T14:31:32.791328+00:00 [clients] round 14/30 [########################] 100.0% microbatches=5067/5067 clients_done=9/10 clients_started=9/10
2026-10-10T14:31:42.793263+00:00 [clients] round 14/30 [########################] 100.0% microbatches=5067/5067 clients_done=9/10 clients_started=9/10
2026-10-10T14:31:52.795167+00:00 [clients] round 14/30 [########################] 100.0% microbatches=5067/5067 clients_done=9/10 clients_started=9/10
2026-10-10T14:32:02.797121+00:00 [clients] round 14/30 [########################] 100.0% microbatches=5067/5067 clients_done=9/10 clients_started=9/10
2026-10-10T14:32:12.799086+00:00 [clients] round 14/30 [########################] 100.0% microbatches=5067/5067 clients_done=9/10 clients_started=9/10
2026-10-10T14:32:22.800968+00:00 [clients] round 14/30 [########################] 100.0% microbatches=5067/5067 clients_done=9/10 clients_started=9/10
2026-10-10T14:32:32.802886+00:00 [clients] round 14/30 [########################] 100.0% microbatches=5067/5067 clients_done=9/10 clients_started=9/10
2026-10-10T14:32:42.804949+00:00 [clients] round 14/30 [########################] 100.0% microbatches=5067/5067 clients_done=9/10 clients_started=9/10
2026-10-10T14:32:52.806919+00:00 [clients] round 14/30 [########################] 100.0% microbatches=5067/5067 clients_done=9/10 clients_started=9/10
2026-10-10T14:33:02.808808+00:00 [clients] round 14/30 [########################] 100.0% microbatches=5067/5067 clients_done=9/10 clients_started=9/10
2026-10-10T14:33:12.810700+00:00 [clients] round 14/30 [########################] 100.0% microbatches=5067/5067 clients_done=9/10 clients_started=9/10
2026-10-10T14:33:22.812589+00:00 [clients] round 14/30 [########################] 100.0% microbatches=5067/5067 clients_done=9/10 clients_started=9/10
2026-10-10T14:33:32.814622+00:00 [clients] round 14/30 [########################] 100.0% microbatches=5067/5067 clients_done=9/10 clients_started=9/10
2026-10-10T14:33:42.816571+00:00 [clients] round 14/30 [########################] 100.0% microbatches=5067/5067 clients_done=9/10 clients_started=9/10
2026-10-10T14:33:52.818538+00:00 [clients] round 14/30 [########################] 100.0% microbatches=5067/5067 clients_done=9/10 clients_started=9/10
2026-10-10T14:34:02.820491+00:00 [clients] round 14/30 [########################] 100.0% microbatches=5067/5067 clients_done=9/10 clients_started=9/10
2026-10-10T14:34:12.822509+00:00 [clients] round 14/30 [########################] 100.0% microbatches=5067/5067 clients_done=9/10 clients_started=9/10
2026-10-10T14:34:22.824402+00:00 [clients] round 14/30 [########################] 100.0% microbatches=5067/5067 clients_done=9/10 clients_started=9/10
2026-10-10T14:34:32.826328+00:00 [clients] round 14/30 [########################] 100.0% microbatches=5067/5067 clients_done=9/10 clients_started=9/10
2026-10-10T14:34:42.828489+00:00 [clients] round 14/30 [########################] 100.0% microbatches=5067/5067 clients_done=9/10 clients_started=9/10
2026-10-10T14:34:52.830455+00:00 [clients] round 14/30 [########################] 100.0% microbatches=5067/5067 clients_done=9/10 clients_started=9/10
2026-10-10T14:35:02.832355+00:00 [clients] round 14/30 [########################] 100.0% microbatches=5067/5067 clients_done=9/10 clients_started=9/10
2026-10-10T14:35:12.834248+00:00 [clients] round 14/30 [########################] 100.0% microbatches=5067/5067 clients_done=9/10 clients_started=9/10
2026-10-10T14:35:22.836277+00:00 [clients] round 14/30 [########################] 100.0% microbatches=5067/5067 clients_done=9/10 clients_started=9/10
2026-10-10T14:35:32.838252+00:00 [clients] round 14/30 [########################] 100.0% microbatches=5067/5067 clients_done=9/10 clients_started=9/10
2026-10-10T14:35:42.840225+00:00 [clients] round 14/30 [########################] 100.0% microbatches=5067/5067 clients_done=9/10 clients_started=9/10
2026-10-10T14:35:52.842158+00:00 [clients] round 14/30 [########################] 100.0% microbatches=5067/5067 clients_done=9/10 clients_started=9/10
2026-10-10T14:36:02.844106+00:00 [clients] round 14/30 [########################] 100.0% microbatches=5067/5067 clients_done=9/10 clients_started=9/10
2026-10-10T14:36:12.846459+00:00 [clients] round 14/30 [########################] 100.0% microbatches=5067/5067 clients_done=9/10 clients_started=9/10
2026-10-10T14:36:22.848383+00:00 [clients] round 14/30 [########################] 100.0% microbatches=5067/5067 clients_done=9/10 clients_started=9/10
2026-10-10T14:36:32.850330+00:00 [clients] round 14/30 [########################] 100.0% microbatches=5067/5067 clients_done=9/10 clients_started=9/10
2026-10-10T14:36:42.852235+00:00 [clients] round 14/30 [########################] 100.0% microbatches=5067/5067 clients_done=9/10 clients_started=9/10
2026-10-10T14:36:52.854154+00:00 [clients] round 14/30 [########################] 100.0% microbatches=5067/5067 clients_done=9/10 clients_started=9/10
2026-10-10T14:37:02.856136+00:00 [clients] round 14/30 [########################] 100.0% microbatches=5067/5067 clients_done=9/10 clients_started=9/10
2026-10-10T14:37:12.858069+00:00 [clients] round 14/30 [########################] 100.0% microbatches=5067/5067 clients_done=9/10 clients_started=9/10
2026-10-10T14:37:22.860064+00:00 [clients] round 14/30 [########################] 100.0% microbatches=5067/5067 clients_done=9/10 clients_started=9/10
2026-10-10T14:37:32.862009+00:00 [clients] round 14/30 [########################] 100.0% microbatches=5067/5067 clients_done=9/10 clients_started=9/10
2026-10-10T14:37:42.864084+00:00 [clients] round 14/30 [########################] 100.0% microbatches=5067/5067 clients_done=9/10 clients_started=9/10
2026-10-10T14:37:52.865981+00:00 [clients] round 14/30 [########################] 100.0% microbatches=5067/5067 clients_done=9/10 clients_started=9/10
2026-10-10T14:38:02.867897+00:00 [clients] round 14/30 [########################] 100.0% microbatches=5067/5067 clients_done=9/10 clients_started=9/10
2026-10-10T14:38:12.869803+00:00 [clients] round 14/30 [########################] 100.0% microbatches=5067/5067 clients_done=9/10 clients_started=9/10
2026-10-10T14:38:22.871707+00:00 [clients] round 14/30 [########################] 100.0% microbatches=5067/5067 clients_done=9/10 clients_started=9/10
2026-10-10T14:38:32.873740+00:00 [clients] round 14/30 [########################] 100.0% microbatches=5067/5067 clients_done=9/10 clients_started=9/10
2026-10-10T14:38:42.875711+00:00 [clients] round 14/30 [########################] 100.0% microbatches=5067/5067 clients_done=9/10 clients_started=9/10
2026-10-10T14:38:52.877761+00:00 [clients] round 14/30 [########################] 100.0% microbatches=5067/5067 clients_done=9/10 clients_started=9/10
2026-10-10T14:39:02.879721+00:00 [clients] round 14/30 [########################] 100.0% microbatches=5067/5067 clients_done=9/10 clients_started=9/10
2026-10-10T14:39:12.881688+00:00 [clients] round 14/30 [########################] 100.0% microbatches=5067/5067 clients_done=9/10 clients_started=9/10
2026-10-10T14:39:22.883670+00:00 [clients] round 14/30 [########################] 100.0% microbatches=5067/5067 clients_done=9/10 clients_started=9/10
2026-10-10T14:39:32.885594+00:00 [clients] round 14/30 [########################] 100.0% microbatches=5067/5067 clients_done=9/10 clients_started=9/10
2026-10-10T14:39:42.887501+00:00 [clients] round 14/30 [########################] 100.0% microbatches=5067/5067 clients_done=9/10 clients_started=9/10
2026-10-10T14:39:52.889540+00:00 [clients] round 14/30 [########################] 100.0% microbatches=5067/5067 clients_done=9/10 clients_started=9/10
2026-10-10T14:40:02.891507+00:00 [clients] round 14/30 [########################] 100.0% microbatches=5067/5067 clients_done=9/10 clients_started=9/10
2026-10-10T14:40:12.893385+00:00 [clients] round 14/30 [########################] 100.0% microbatches=5067/5067 clients_done=9/10 clients_started=9/10
2026-10-10T14:40:22.895308+00:00 [clients] round 14/30 [########################] 100.0% microbatches=5067/5067 clients_done=9/10 clients_started=9/10
2026-10-10T14:40:32.897269+00:00 [clients] round 14/30 [########################] 100.0% microbatches=5067/5067 clients_done=9/10 clients_started=9/10
2026-10-10T14:40:42.899191+00:00 [clients] round 14/30 [########################] 100.0% microbatches=5067/5067 clients_done=9/10 clients_started=9/10
2026-10-10T14:40:52.901103+00:00 [clients] round 14/30 [########################] 100.0% microbatches=5067/5067 clients_done=9/10 clients_started=9/10
2026-10-10T14:41:02.903014+00:00 [clients] round 14/30 [########################] 100.0% microbatches=5067/5067 clients_done=9/10 clients_started=9/10
2026-10-10T14:41:12.904958+00:00 [clients] round 14/30 [########################] 100.0% microbatches=5067/5067 clients_done=9/10 clients_started=9/10
2026-10-10T14:41:22.906875+00:00 [clients] round 14/30 [########################] 100.0% microbatches=5067/5067 clients_done=9/10 clients_started=9/10
2026-10-10T14:41:32.908780+00:00 [clients] round 14/30 [########################] 100.0% microbatches=5067/5067 clients_done=9/10 clients_started=9/10
2026-10-10T14:41:42.910912+00:00 [clients] round 14/30 [########################] 100.0% microbatches=5067/5067 clients_done=9/10 clients_started=9/10
2026-10-10T14:41:52.912994+00:00 [clients] round 14/30 [########################] 100.0% microbatches=5067/5067 clients_done=9/10 clients_started=9/10
2026-10-10T14:42:02.914952+00:00 [clients] round 14/30 [########################] 100.0% microbatches=5067/5067 clients_done=9/10 clients_started=9/10
2026-10-10T14:42:12.917234+00:00 [clients] round 14/30 [########################] 100.0% microbatches=5067/5067 clients_done=9/10 clients_started=9/10
2026-10-10T14:42:22.919496+00:00 [clients] round 14/30 [########################] 100.0% microbatches=5067/5067 clients_done=9/10 clients_started=9/10
2026-10-10T14:42:32.921845+00:00 [clients] round 14/30 [########################] 100.0% microbatches=5067/5067 clients_done=9/10 clients_started=9/10
2026-10-10T14:42:42.924067+00:00 [clients] round 14/30 [########################] 100.0% microbatches=5067/5067 clients_done=9/10 clients_started=9/10
2026-10-10T14:42:52.926837+00:00 [clients] round 14/30 [########################] 100.0% microbatches=5067/5067 clients_done=9/10 clients_started=9/10
2026-10-10T14:43:02.928986+00:00 [clients] round 14/30 [########################] 100.0% microbatches=5067/5067 clients_done=9/10 clients_started=9/10
2026-10-10T14:43:12.930863+00:00 [clients] round 14/30 [########################] 100.0% microbatches=5067/5067 clients_done=9/10 clients_started=9/10
2026-10-10T14:43:22.932891+00:00 [clients] round 14/30 [########################] 100.0% microbatches=5067/5067 clients_done=9/10 clients_started=9/10
2026-10-10T14:43:32.934898+00:00 [clients] round 14/30 [########################] 100.0% microbatches=5067/5067 clients_done=9/10 clients_started=9/10
2026-10-10T14:43:42.936856+00:00 [clients] round 14/30 [########################] 100.0% microbatches=5067/5067 clients_done=9/10 clients_started=9/10
2026-10-10T14:43:52.938796+00:00 [clients] round 14/30 [########################] 100.0% microbatches=5067/5067 clients_done=9/10 clients_started=9/10
2026-10-10T14:44:02.940978+00:00 [clients] round 14/30 [########################] 100.0% microbatches=5067/5067 clients_done=9/10 clients_started=9/10
2026-10-10T14:44:12.944335+00:00 [clients] round 14/30 [########################] 100.0% microbatches=5067/5067 clients_done=9/10 clients_started=9/10
2026-10-10T14:44:22.947177+00:00 [clients] round 14/30 [########################] 100.0% microbatches=5067/5067 clients_done=9/10 clients_started=9/10
2026-10-10T14:44:32.949068+00:00 [clients] round 14/30 [########################] 100.0% microbatches=5067/5067 clients_done=9/10 clients_started=9/10
2026-10-10T14:44:42.952054+00:00 [clients] round 14/30 [########################] 100.0% microbatches=5067/5067 clients_done=9/10 clients_started=9/10
2026-10-10T14:44:52.954220+00:00 [clients] round 14/30 [########################] 100.0% microbatches=5067/5067 clients_done=9/10 clients_started=9/10
2026-10-10T14:45:02.956312+00:00 [clients] round 14/30 [########################] 100.0% microbatches=5067/5067 clients_done=9/10 clients_started=9/10
2026-10-10T14:45:12.958452+00:00 [clients] round 14/30 [########################] 100.0% microbatches=5067/5067 clients_done=9/10 clients_started=9/10
2026-10-10T14:45:22.960668+00:00 [clients] round 14/30 [########################] 100.0% microbatches=5067/5067 clients_done=9/10 clients_started=9/10
2026-10-10T14:45:32.962774+00:00 [clients] round 14/30 [########################] 100.0% microbatches=5067/5067 clients_done=9/10 clients_started=9/10
2026-10-10T14:45:42.964976+00:00 [clients] round 14/30 [########################] 100.0% microbatches=5067/5067 clients_done=9/10 clients_started=9/10
2026-10-10T14:45:52.967021+00:00 [clients] round 14/30 [########################] 100.0% microbatches=5067/5067 clients_done=9/10 clients_started=9/10
2026-10-10T14:46:02.969016+00:00 [clients] round 14/30 [########################] 100.0% microbatches=5067/5067 clients_done=9/10 clients_started=9/10
2026-10-10T14:46:12.971018+00:00 [clients] round 14/30 [########################] 100.0% microbatches=5067/5067 clients_done=9/10 clients_started=9/10
2026-10-10T14:46:22.973335+00:00 [clients] round 14/30 [########################] 100.0% microbatches=5067/5067 clients_done=9/10 clients_started=9/10
2026-10-10T14:46:32.975444+00:00 [clients] round 14/30 [########################] 100.0% microbatches=5067/5067 clients_done=9/10 clients_started=9/10
2026-10-10T14:46:42.977482+00:00 [clients] round 14/30 [########################] 100.0% microbatches=5067/5067 clients_done=9/10 clients_started=9/10
2026-10-10T14:46:52.979510+00:00 [clients] round 14/30 [########################] 100.0% microbatches=5067/5067 clients_done=9/10 clients_started=9/10
2026-10-10T14:47:02.981529+00:00 [clients] round 14/30 [########################] 100.0% microbatches=5067/5067 clients_done=9/10 clients_started=9/10
2026-10-10T14:47:12.983879+00:00 [clients] round 14/30 [########################] 100.0% microbatches=5067/5067 clients_done=9/10 clients_started=9/10
2026-10-10T14:47:22.986026+00:00 [clients] round 14/30 [########################] 100.0% microbatches=5067/5067 clients_done=9/10 clients_started=9/10
2026-10-10T14:47:32.988266+00:00 [clients] round 14/30 [########################] 100.0% microbatches=5067/5067 clients_done=9/10 clients_started=9/10
2026-10-10T14:47:42.990454+00:00 [clients] round 14/30 [########################] 100.0% microbatches=5067/5067 clients_done=9/10 clients_started=9/10
2026-10-10T14:47:52.992532+00:00 [clients] round 14/30 [########################] 100.0% microbatches=5067/5067 clients_done=9/10 clients_started=9/10
2026-10-10T14:48:02.994594+00:00 [clients] round 14/30 [########################] 100.0% microbatches=5067/5067 clients_done=9/10 clients_started=9/10
2026-10-10T14:48:12.996680+00:00 [clients] round 14/30 [########################] 100.0% microbatches=5067/5067 clients_done=9/10 clients_started=9/10
2026-10-10T14:48:22.998772+00:00 [clients] round 14/30 [########################] 100.0% microbatches=5067/5067 clients_done=9/10 clients_started=9/10
2026-10-10T14:48:33.001063+00:00 [clients] round 14/30 [########################] 100.0% microbatches=5067/5067 clients_done=9/10 clients_started=9/10
2026-10-10T14:48:43.003076+00:00 [clients] round 14/30 [########################] 100.0% microbatches=5067/5067 clients_done=9/10 clients_started=9/10
2026-10-10T14:48:53.005147+00:00 [clients] round 14/30 [########################] 100.0% microbatches=5067/5067 clients_done=9/10 clients_started=9/10
2026-10-10T14:49:03.007340+00:00 [clients] round 14/30 [########################] 100.0% microbatches=5067/5067 clients_done=9/10 clients_started=9/10
2026-10-10T14:49:13.009285+00:00 [clients] round 14/30 [########################] 100.0% microbatches=5067/5067 clients_done=9/10 clients_started=9/10
2026-10-10T14:49:23.011559+00:00 [clients] round 14/30 [########################] 100.0% microbatches=5067/5067 clients_done=9/10 clients_started=9/10
2026-10-10T14:49:33.013574+00:00 [clients] round 14/30 [########################] 100.0% microbatches=5067/5067 clients_done=9/10 clients_started=9/10
2026-10-10T14:49:43.016704+00:00 [clients] round 14/30 [########################] 100.0% microbatches=5067/5067 clients_done=9/10 clients_started=9/10
2026-10-10T14:49:53.020436+00:00 [clients] round 14/30 [########################] 100.0% microbatches=5067/5067 clients_done=9/10 clients_started=9/10
2026-10-10T14:50:03.023993+00:00 [clients] round 14/30 [########################] 100.0% microbatches=5067/5067 clients_done=9/10 clients_started=9/10
2026-10-10T14:50:13.027491+00:00 [clients] round 14/30 [########################] 100.0% microbatches=5067/5067 clients_done=9/10 clients_started=9/10
2026-10-10T14:50:23.029515+00:00 [clients] round 14/30 [########################] 100.0% microbatches=5067/5067 clients_done=9/10 clients_started=9/10
2026-10-10T14:50:33.031520+00:00 [clients] round 14/30 [########################] 100.0% microbatches=5067/5067 clients_done=9/10 clients_started=9/10
2026-10-10T14:50:43.033521+00:00 [clients] round 14/30 [########################] 100.0% microbatches=5067/5067 clients_done=9/10 clients_started=9/10
2026-10-10T14:50:53.035591+00:00 [clients] round 14/30 [########################] 100.0% microbatches=5067/5067 clients_done=9/10 clients_started=9/10
