Started run 20261010T092159Z_ndag-m-lab-linux-x86_64-7fa78ccc_run0015_4be303de (run_id=20261010T092159Z_ndag-m-lab-linux-x86_64-7fa78ccc_run0015_4be303de) at 2026-10-10T09:21:59.261605+00:00
CUDA check: available=True; devices=['NVIDIA GeForce RTX 3090']; selected_device=cuda
{"batch_size": 8, "cache_dir": ".cache/lightdp_flower", "client_data_mode": "partitioned_cifar10", "client_update_clip": 1.0, "clip": 1.0, "cuda_available": true, "cuda_devices": ["NVIDIA GeForce RTX 3090"], "cuda_version": "12.8", "data_protocol": {"client_data_mode": "partitioned_cifar10", "client_train_fraction": 0.9, "dirichlet_alpha": null, "partition_method": "iid", "source_train_examples": 50000, "test_evaluated_each_round": false, "validation_evaluated_each_round": true, "validation_fraction": 0.1, "validation_selection": "deterministic class-stratified holdout"}, "dataset": {"name": "CIFAR-10", "source": "https://www.cs.toronto.edu/~kriz/cifar.html", "test_examples": 10000, "train_examples": 50000}, "delta": 1e-05, "dependencies": {"flwr": "1.25.0", "matplotlib": "3.11.2", "numpy": "2.5.2", "pandas": "3.0.6", "scikit-image": "0.26.0", "scipy": "1.18.1", "torch": "2.8.0+cu128", "torchvision": "0.23.0+cu128"}, "device": "cuda", "dirichlet_alpha": 0.5, "epsilon": 0.0, "feature_batch": 128, "fraction_fit": 1.0, "git_revision": "afdb5a9e15bdfa0d97b761932f021c56556f54ae", "git_track_results": true, "git_worktree_dirty": true, "hostname": "NDAG-M-Lab", "image_size": 224, "local_epochs": 1, "local_learning_rate": 0.01, "local_momentum": 0.9, "machine_architecture": "x86_64", "machine_id": "ndag-m-lab-linux-x86_64-7fa78ccc", "max_colluders": 1, "max_records_per_client": 0, "max_stragglers": 1, "method": "no_dp", "model_definition": {"backbone_frozen": true, "name": "HybridClassifier", "trainable_parameters": "CNN branch and classifier head"}, "num_clients": 4, "num_server_rounds": 30, "output_dir": "results/experiments", "partition_method": "iid", "platform": "Linux-7.0.0-38-generic-x86_64-with-glibc2.39", "pretrained_backbone": "torchvision ResNet18_Weights.IMAGENET1K_V1", "processor": "x86_64", "python": "3.12.2", "result_schema_version": 2, "resume": false, "run_id": "20261010T092159Z_ndag-m-lab-linux-x86_64-7fa78ccc_run0015_4be303de", "run_number": 15, "seed": 2026, "selected_device": "cuda", "simulate_stragglers": false, "started_at_utc": "2026-10-10T09:21:59.261605+00:00", "tag": "20261010T092159Z_ndag-m-lab-linux-x86_64-7fa78ccc_run0015_4be303de", "training_algorithm": "fedavg", "use_pretrained": true, "validation_fraction": 0.1}
2026-10-10T09:22:05.068749+00:00 [20261010T092159Z_ndag-m-lab-linux-x86_64-7fa78ccc_run0015_4be303de] round=0 val_loss=2.303185 val_accuracy=10.06% epsilon=inf progress=0/30 ETA=estimating
2026-10-10T09:22:29.277798+00:00 [clients] round 1/30 [------------------------]   0.0% microbatches=0/1407 clients_done=0/4 clients_started=1/4
2026-10-10T09:22:39.299791+00:00 [clients] round 1/30 [###---------------------]  12.5% microbatches=705/5628 clients_done=0/4 clients_started=4/4
2026-10-10T09:22:49.314000+00:00 [clients] round 1/30 [########----------------]  35.1% microbatches=1974/5628 clients_done=0/4 clients_started=4/4
2026-10-10T09:22:59.338492+00:00 [clients] round 1/30 [##############----------]  60.1% microbatches=3384/5628 clients_done=0/4 clients_started=4/4
2026-10-10T09:23:09.352324+00:00 [clients] round 1/30 [##################------]  77.7% microbatches=4371/5628 clients_done=0/4 clients_started=4/4
2026-10-10T09:23:19.363335+00:00 [clients] round 1/30 [########################] 100.0% microbatches=5628/5628 clients_done=4/4 clients_started=4/4
2026-10-10T09:23:20.252168+00:00 [20261010T092159Z_ndag-m-lab-linux-x86_64-7fa78ccc_run0015_4be303de] round=1 val_loss=1.548589 val_accuracy=58.50% epsilon=inf progress=1/30 avg_round=75.3s ETA~00:36:25
2026-10-10T09:23:29.376510+00:00 [clients] round 2/30 [#-----------------------]   7.5% microbatches=423/5628 clients_done=0/4 clients_started=4/4
2026-10-10T09:23:39.386293+00:00 [clients] round 2/30 [#######-----------------]  30.1% microbatches=1692/5628 clients_done=0/4 clients_started=4/4
2026-10-10T09:23:49.402348+00:00 [clients] round 2/30 [#############-----------]  55.1% microbatches=3102/5628 clients_done=0/4 clients_started=4/4
2026-10-10T09:23:59.416863+00:00 [clients] round 2/30 [##################------]  75.2% microbatches=4230/5628 clients_done=0/4 clients_started=4/4
2026-10-10T09:24:08.410045+00:00 [20261010T092159Z_ndag-m-lab-linux-x86_64-7fa78ccc_run0015_4be303de] round=2 val_loss=1.218711 val_accuracy=66.58% epsilon=inf progress=2/30 avg_round=61.7s ETA~00:28:49
2026-10-10T09:24:09.424053+00:00 [clients] round 2/30 [########################] 100.0% microbatches=5628/5628 clients_done=4/4 clients_started=4/4
2026-10-10T09:24:19.429521+00:00 [clients] round 3/30 [###---------------------]  12.5% microbatches=705/5628 clients_done=0/4 clients_started=4/4
2026-10-10T09:24:29.438173+00:00 [clients] round 3/30 [########----------------]  35.1% microbatches=1974/5628 clients_done=0/4 clients_started=4/4
2026-10-10T09:24:39.448173+00:00 [clients] round 3/30 [#############-----------]  55.1% microbatches=3102/5628 clients_done=0/4 clients_started=4/4
2026-10-10T09:24:49.459209+00:00 [clients] round 3/30 [##################------]  77.7% microbatches=4371/5628 clients_done=0/4 clients_started=4/4
2026-10-10T09:24:56.590192+00:00 [20261010T092159Z_ndag-m-lab-linux-x86_64-7fa78ccc_run0015_4be303de] round=3 val_loss=1.039674 val_accuracy=71.60% epsilon=inf progress=3/30 avg_round=57.2s ETA~00:25:45
2026-10-10T09:24:59.462029+00:00 [clients] round 3/30 [########################] 100.0% microbatches=5628/5628 clients_done=4/4 clients_started=4/4
2026-10-10T09:25:09.474241+00:00 [clients] round 4/30 [#####-------------------]  22.5% microbatches=1269/5628 clients_done=0/4 clients_started=4/4
2026-10-10T09:25:19.481752+00:00 [clients] round 4/30 [##########--------------]  45.1% microbatches=2538/5628 clients_done=0/4 clients_started=4/4
2026-10-10T09:25:29.491196+00:00 [clients] round 4/30 [################--------]  67.6% microbatches=3807/5628 clients_done=0/4 clients_started=4/4
2026-10-10T09:25:39.495111+00:00 [clients] round 4/30 [#####################---]  90.1% microbatches=5073/5628 clients_done=1/4 clients_started=4/4
2026-10-10T09:25:44.752573+00:00 [20261010T092159Z_ndag-m-lab-linux-x86_64-7fa78ccc_run0015_4be303de] round=4 val_loss=0.914865 val_accuracy=74.84% epsilon=inf progress=4/30 avg_round=55.0s ETA~00:23:49
2026-10-10T09:25:49.499068+00:00 [clients] round 5/30 [####--------------------]  20.0% microbatches=564/2814 clients_done=0/4 clients_started=2/4
2026-10-10T09:25:59.506148+00:00 [clients] round 5/30 [#######-----------------]  30.1% microbatches=1692/5628 clients_done=0/4 clients_started=4/4
2026-10-10T09:26:09.512224+00:00 [clients] round 5/30 [############------------]  50.1% microbatches=2820/5628 clients_done=0/4 clients_started=4/4
2026-10-10T09:26:19.520475+00:00 [clients] round 5/30 [################--------]  67.6% microbatches=3804/5628 clients_done=1/4 clients_started=4/4
2026-10-10T09:26:29.526589+00:00 [clients] round 5/30 [#####################---]  87.6% microbatches=4932/5628 clients_done=1/4 clients_started=4/4
2026-10-10T09:26:32.910100+00:00 [20261010T092159Z_ndag-m-lab-linux-x86_64-7fa78ccc_run0015_4be303de] round=5 val_loss=0.833040 val_accuracy=77.18% epsilon=inf progress=5/30 avg_round=53.6s ETA~00:22:20
2026-10-10T09:26:39.535396+00:00 [clients] round 6/30 [###---------------------]  13.4% microbatches=564/4221 clients_done=0/4 clients_started=3/4
2026-10-10T09:26:49.550674+00:00 [clients] round 6/30 [#####-------------------]  22.5% microbatches=1269/5628 clients_done=0/4 clients_started=4/4
2026-10-10T09:26:59.566521+00:00 [clients] round 6/30 [#########---------------]  40.1% microbatches=2256/5628 clients_done=0/4 clients_started=4/4
2026-10-10T09:27:09.583672+00:00 [clients] round 6/30 [#############-----------]  57.6% microbatches=3243/5628 clients_done=0/4 clients_started=4/4
2026-10-10T09:27:19.602430+00:00 [clients] round 6/30 [##################------]  77.6% microbatches=4368/5628 clients_done=1/4 clients_started=4/4
2026-10-10T09:27:29.614096+00:00 [clients] round 6/30 [########################] 100.0% microbatches=5628/5628 clients_done=4/4 clients_started=4/4
2026-10-10T09:27:30.169263+00:00 [20261010T092159Z_ndag-m-lab-linux-x86_64-7fa78ccc_run0015_4be303de] round=6 val_loss=0.774974 val_accuracy=78.20% epsilon=inf progress=6/30 avg_round=54.2s ETA~00:21:41
Resuming run 20261010T092159Z_ndag-m-lab-linux-x86_64-7fa78ccc_run0015_4be303de (run_id=20261010T092159Z_ndag-m-lab-linux-x86_64-7fa78ccc_run0015_4be303de) at 2026-10-10T09:50:56.808551+00:00
CUDA check: available=True; devices=['NVIDIA GeForce RTX 3090']; selected_device=cuda
2026-10-10T09:50:58.727961+00:00 [20261010T092159Z_ndag-m-lab-linux-x86_64-7fa78ccc_run0015_4be303de] round=6 val_loss=0.774974 val_accuracy=78.20% epsilon=inf progress=0/24 ETA=estimating
2026-10-10T09:50:58.823133+00:00 [clients] round 6/30 [########################] 100.0% microbatches=5628/5628 clients_done=4/4 clients_started=4/4
2026-10-10T09:51:08.832616+00:00 [clients] round 7/30 [###---------------------]  12.5% microbatches=705/5628 clients_done=0/4 clients_started=4/4
2026-10-10T09:51:18.838446+00:00 [clients] round 7/30 [#######-----------------]  32.6% microbatches=1833/5628 clients_done=0/4 clients_started=4/4
2026-10-10T09:51:28.843433+00:00 [clients] round 7/30 [#############-----------]  57.6% microbatches=3243/5628 clients_done=0/4 clients_started=4/4
2026-10-10T09:51:38.848852+00:00 [clients] round 7/30 [###################-----]  82.7% microbatches=4653/5628 clients_done=0/4 clients_started=4/4
2026-10-10T09:51:46.853772+00:00 [20261010T092159Z_ndag-m-lab-linux-x86_64-7fa78ccc_run0015_4be303de] round=7 val_loss=0.727471 val_accuracy=79.42% epsilon=inf progress=1/24 avg_round=48.4s ETA~00:18:34
2026-10-10T09:51:48.850647+00:00 [clients] round 7/30 [########################] 100.0% microbatches=5628/5628 clients_done=4/4 clients_started=4/4
2026-10-10T09:51:58.874781+00:00 [clients] round 8/30 [###---------------------]  12.5% microbatches=705/5628 clients_done=0/4 clients_started=4/4
2026-10-10T09:52:08.904623+00:00 [clients] round 8/30 [########----------------]  35.1% microbatches=1974/5628 clients_done=0/4 clients_started=4/4
2026-10-10T09:52:18.910611+00:00 [clients] round 8/30 [##############----------]  60.1% microbatches=3384/5628 clients_done=0/4 clients_started=4/4
2026-10-10T09:52:28.926010+00:00 [clients] round 8/30 [###################-----]  80.2% microbatches=4512/5628 clients_done=0/4 clients_started=4/4
2026-10-10T09:52:38.000541+00:00 [20261010T092159Z_ndag-m-lab-linux-x86_64-7fa78ccc_run0015_4be303de] round=8 val_loss=0.692264 val_accuracy=80.40% epsilon=inf progress=2/24 avg_round=49.8s ETA~00:18:16
2026-10-10T09:52:38.927883+00:00 [clients] round 8/30 [########################] 100.0% microbatches=5628/5628 clients_done=4/4 clients_started=4/4
2026-10-10T09:52:48.935477+00:00 [clients] round 9/30 [####--------------------]  20.0% microbatches=1128/5628 clients_done=0/4 clients_started=4/4
2026-10-10T09:52:58.956468+00:00 [clients] round 9/30 [##########--------------]  42.6% microbatches=2397/5628 clients_done=0/4 clients_started=4/4
2026-10-10T09:53:08.968344+00:00 [clients] round 9/30 [###############---------]  65.1% microbatches=3663/5628 clients_done=1/4 clients_started=4/4
2026-10-10T09:53:18.979443+00:00 [clients] round 9/30 [#####################---]  90.1% microbatches=5073/5628 clients_done=1/4 clients_started=4/4
2026-10-10T09:53:23.118838+00:00 [20261010T092159Z_ndag-m-lab-linux-x86_64-7fa78ccc_run0015_4be303de] round=9 val_loss=0.662694 val_accuracy=80.98% epsilon=inf progress=3/24 avg_round=48.2s ETA~00:16:53
2026-10-10T09:53:28.984898+00:00 [clients] round 10/30 [------------------------]   0.0% microbatches=0/4221 clients_done=0/4 clients_started=3/4
2026-10-10T09:53:38.998877+00:00 [clients] round 10/30 [####--------------------]  20.0% microbatches=1128/5628 clients_done=0/4 clients_started=4/4
2026-10-10T09:53:49.014834+00:00 [clients] round 10/30 [##########--------------]  45.1% microbatches=2538/5628 clients_done=0/4 clients_started=4/4
2026-10-10T09:53:59.023817+00:00 [clients] round 10/30 [###############---------]  65.1% microbatches=3666/5628 clients_done=0/4 clients_started=4/4
2026-10-10T09:54:09.032790+00:00 [clients] round 10/30 [#####################---]  87.7% microbatches=4935/5628 clients_done=0/4 clients_started=4/4
2026-10-10T09:54:14.254672+00:00 [20261010T092159Z_ndag-m-lab-linux-x86_64-7fa78ccc_run0015_4be303de] round=10 val_loss=0.638655 val_accuracy=81.40% epsilon=inf progress=4/24 avg_round=49.0s ETA~00:16:20
2026-10-10T09:54:19.037770+00:00 [clients] round 11/30 [#####-------------------]  23.4% microbatches=987/4221 clients_done=0/4 clients_started=3/4
2026-10-10T09:54:29.050457+00:00 [clients] round 11/30 [########----------------]  35.1% microbatches=1974/5628 clients_done=0/4 clients_started=4/4
2026-10-10T09:54:39.061511+00:00 [clients] round 11/30 [#############-----------]  55.1% microbatches=3099/5628 clients_done=1/4 clients_started=4/4
2026-10-10T09:54:49.073863+00:00 [clients] round 11/30 [##################------]  77.6% microbatches=4368/5628 clients_done=1/4 clients_started=4/4
2026-10-10T09:54:56.379967+00:00 [20261010T092159Z_ndag-m-lab-linux-x86_64-7fa78ccc_run0015_4be303de] round=11 val_loss=0.613756 val_accuracy=81.80% epsilon=inf progress=5/24 avg_round=47.6s ETA~00:15:05
2026-10-10T09:54:59.080863+00:00 [clients] round 11/30 [########################] 100.0% microbatches=5628/5628 clients_done=4/4 clients_started=4/4
2026-10-10T09:55:09.087298+00:00 [clients] round 12/30 [###---------------------]  15.0% microbatches=846/5628 clients_done=0/4 clients_started=4/4
2026-10-10T09:55:19.098465+00:00 [clients] round 12/30 [#########---------------]  37.6% microbatches=2115/5628 clients_done=0/4 clients_started=4/4
2026-10-10T09:55:29.103922+00:00 [clients] round 12/30 [##############----------]  60.1% microbatches=3384/5628 clients_done=0/4 clients_started=4/4
2026-10-10T09:55:39.109579+00:00 [clients] round 12/30 [###################-----]  80.2% microbatches=4512/5628 clients_done=0/4 clients_started=4/4
2026-10-10T09:55:47.541275+00:00 [20261010T092159Z_ndag-m-lab-linux-x86_64-7fa78ccc_run0015_4be303de] round=12 val_loss=0.594502 val_accuracy=82.10% epsilon=inf progress=6/24 avg_round=48.2s ETA~00:14:28
2026-10-10T09:55:49.112613+00:00 [clients] round 12/30 [########################] 100.0% microbatches=5628/5628 clients_done=4/4 clients_started=4/4
2026-10-10T09:55:59.122692+00:00 [clients] round 13/30 [###---------------------]  15.0% microbatches=846/5628 clients_done=0/4 clients_started=4/4
2026-10-10T09:56:09.129703+00:00 [clients] round 13/30 [########----------------]  35.1% microbatches=1974/5628 clients_done=0/4 clients_started=4/4
2026-10-10T09:56:19.141392+00:00 [clients] round 13/30 [#############-----------]  57.6% microbatches=3243/5628 clients_done=0/4 clients_started=4/4
2026-10-10T09:56:29.149704+00:00 [clients] round 13/30 [###################-----]  80.1% microbatches=4509/5628 clients_done=1/4 clients_started=4/4
2026-10-10T09:56:38.701799+00:00 [20261010T092159Z_ndag-m-lab-linux-x86_64-7fa78ccc_run0015_4be303de] round=13 val_loss=0.580767 val_accuracy=82.38% epsilon=inf progress=7/24 avg_round=48.6s ETA~00:13:47
2026-10-10T09:56:39.153832+00:00 [clients] round 13/30 [########################] 100.0% microbatches=5628/5628 clients_done=4/4 clients_started=4/4
2026-10-10T09:56:49.163677+00:00 [clients] round 14/30 [###---------------------]  15.0% microbatches=846/5628 clients_done=0/4 clients_started=4/4
2026-10-10T09:56:59.169673+00:00 [clients] round 14/30 [#########---------------]  37.6% microbatches=2115/5628 clients_done=0/4 clients_started=4/4
2026-10-10T09:57:09.185695+00:00 [clients] round 14/30 [##############----------]  60.1% microbatches=3384/5628 clients_done=0/4 clients_started=4/4
2026-10-10T09:57:19.197241+00:00 [clients] round 14/30 [###################-----]  82.6% microbatches=4650/5628 clients_done=1/4 clients_started=4/4
2026-10-10T09:57:23.836601+00:00 [20261010T092159Z_ndag-m-lab-linux-x86_64-7fa78ccc_run0015_4be303de] round=14 val_loss=0.563209 val_accuracy=82.82% epsilon=inf progress=8/24 avg_round=48.2s ETA~00:12:51
2026-10-10T09:57:29.203315+00:00 [clients] round 15/30 [###---------------------]  15.0% microbatches=423/2814 clients_done=0/4 clients_started=2/4
2026-10-10T09:57:39.209571+00:00 [clients] round 15/30 [######------------------]  25.1% microbatches=1410/5628 clients_done=0/4 clients_started=4/4
2026-10-10T09:57:49.220665+00:00 [clients] round 15/30 [############------------]  50.1% microbatches=2820/5628 clients_done=0/4 clients_started=4/4
2026-10-10T09:57:59.224747+00:00 [clients] round 15/30 [##################------]  75.1% microbatches=4227/5628 clients_done=1/4 clients_started=4/4
2026-10-10T09:58:08.971952+00:00 [20261010T092159Z_ndag-m-lab-linux-x86_64-7fa78ccc_run0015_4be303de] round=15 val_loss=0.550415 val_accuracy=83.22% epsilon=inf progress=9/24 avg_round=47.8s ETA~00:11:58
2026-10-10T09:58:09.232844+00:00 [clients] round 15/30 [########################] 100.0% microbatches=5628/5628 clients_done=4/4 clients_started=4/4
2026-10-10T09:58:19.242709+00:00 [clients] round 16/30 [####--------------------]  17.5% microbatches=987/5628 clients_done=0/4 clients_started=4/4
2026-10-10T09:58:29.259227+00:00 [clients] round 16/30 [#########---------------]  37.6% microbatches=2115/5628 clients_done=0/4 clients_started=4/4
2026-10-10T09:58:39.264734+00:00 [clients] round 16/30 [##############----------]  60.1% microbatches=3384/5628 clients_done=0/4 clients_started=4/4
2026-10-10T09:58:49.282319+00:00 [clients] round 16/30 [#####################---]  87.6% microbatches=4932/5628 clients_done=1/4 clients_started=4/4
2026-10-10T09:58:54.140095+00:00 [20261010T092159Z_ndag-m-lab-linux-x86_64-7fa78ccc_run0015_4be303de] round=16 val_loss=0.535772 val_accuracy=83.68% epsilon=inf progress=10/24 avg_round=47.6s ETA~00:11:06
2026-10-10T09:58:59.290801+00:00 [clients] round 17/30 [###---------------------]  15.0% microbatches=423/2814 clients_done=0/4 clients_started=2/4
2026-10-10T09:59:09.309313+00:00 [clients] round 17/30 [######------------------]  25.1% microbatches=1410/5628 clients_done=0/4 clients_started=4/4
2026-10-10T09:59:19.323715+00:00 [clients] round 17/30 [###########-------------]  47.6% microbatches=2679/5628 clients_done=0/4 clients_started=4/4
2026-10-10T09:59:29.329743+00:00 [clients] round 17/30 [#################-------]  72.6% microbatches=4086/5628 clients_done=1/4 clients_started=4/4
2026-10-10T09:59:39.336313+00:00 [clients] round 17/30 [########################] 100.0% microbatches=5628/5628 clients_done=4/4 clients_started=4/4
2026-10-10T09:59:42.289297+00:00 [20261010T092159Z_ndag-m-lab-linux-x86_64-7fa78ccc_run0015_4be303de] round=17 val_loss=0.527925 val_accuracy=83.72% epsilon=inf progress=11/24 avg_round=47.6s ETA~00:10:20
2026-10-10T09:59:49.344684+00:00 [clients] round 18/30 [###---------------------]  15.0% microbatches=846/5628 clients_done=0/4 clients_started=4/4
2026-10-10T09:59:59.359717+00:00 [clients] round 18/30 [#########---------------]  37.6% microbatches=2115/5628 clients_done=0/4 clients_started=4/4
2026-10-10T10:00:09.369058+00:00 [clients] round 18/30 [###############---------]  62.6% microbatches=3522/5628 clients_done=1/4 clients_started=4/4
2026-10-10T10:00:19.378556+00:00 [clients] round 18/30 [####################----]  85.1% microbatches=4791/5628 clients_done=1/4 clients_started=4/4
2026-10-10T10:00:24.442921+00:00 [20261010T092159Z_ndag-m-lab-linux-x86_64-7fa78ccc_run0015_4be303de] round=18 val_loss=0.514785 val_accuracy=83.90% epsilon=inf progress=12/24 avg_round=47.2s ETA~00:09:27
2026-10-10T10:00:29.397704+00:00 [clients] round 19/30 [------------------------]   0.0% microbatches=0/4221 clients_done=0/4 clients_started=3/4
2026-10-10T10:00:39.406779+00:00 [clients] round 19/30 [####--------------------]  20.0% microbatches=1128/5628 clients_done=0/4 clients_started=4/4
2026-10-10T10:00:49.414762+00:00 [clients] round 19/30 [##########--------------]  42.6% microbatches=2397/5628 clients_done=0/4 clients_started=4/4
2026-10-10T10:00:59.423743+00:00 [clients] round 19/30 [###############---------]  65.1% microbatches=3666/5628 clients_done=0/4 clients_started=4/4
2026-10-10T10:01:09.429872+00:00 [clients] round 19/30 [#####################---]  87.7% microbatches=4935/5628 clients_done=0/4 clients_started=4/4
2026-10-10T10:01:15.581159+00:00 [20261010T092159Z_ndag-m-lab-linux-x86_64-7fa78ccc_run0015_4be303de] round=19 val_loss=0.509928 val_accuracy=84.10% epsilon=inf progress=13/24 avg_round=47.5s ETA~00:08:43
2026-10-10T10:01:19.432729+00:00 [clients] round 20/30 [#######-----------------]  30.1% microbatches=423/1407 clients_done=0/4 clients_started=1/4
2026-10-10T10:01:29.437375+00:00 [clients] round 20/30 [##########--------------]  42.5% microbatches=2394/5628 clients_done=1/4 clients_started=4/4
2026-10-10T10:01:39.441849+00:00 [clients] round 20/30 [###############---------]  65.1% microbatches=3663/5628 clients_done=1/4 clients_started=4/4
2026-10-10T10:01:49.451717+00:00 [clients] round 20/30 [####################----]  85.1% microbatches=4791/5628 clients_done=1/4 clients_started=4/4
2026-10-10T10:01:54.697114+00:00 [20261010T092159Z_ndag-m-lab-linux-x86_64-7fa78ccc_run0015_4be303de] round=20 val_loss=0.502106 val_accuracy=84.18% epsilon=inf progress=14/24 avg_round=46.9s ETA~00:07:49
2026-10-10T10:01:59.453978+00:00 [clients] round 21/30 [##----------------------]  10.0% microbatches=282/2814 clients_done=0/4 clients_started=2/4
2026-10-10T10:02:09.473683+00:00 [clients] round 21/30 [#####-------------------]  22.5% microbatches=1269/5628 clients_done=0/4 clients_started=4/4
2026-10-10T10:02:19.490270+00:00 [clients] round 21/30 [###########-------------]  47.6% microbatches=2679/5628 clients_done=0/4 clients_started=4/4
2026-10-10T10:02:29.498687+00:00 [clients] round 21/30 [################--------]  70.1% microbatches=3948/5628 clients_done=0/4 clients_started=4/4
2026-10-10T10:02:39.501415+00:00 [clients] round 21/30 [#######################-]  97.5% microbatches=5490/5628 clients_done=3/4 clients_started=4/4
2026-10-10T10:02:42.857104+00:00 [20261010T092159Z_ndag-m-lab-linux-x86_64-7fa78ccc_run0015_4be303de] round=21 val_loss=0.491877 val_accuracy=84.16% epsilon=inf progress=15/24 avg_round=47.0s ETA~00:07:03
2026-10-10T10:02:49.505744+00:00 [clients] round 22/30 [###---------------------]  15.0% microbatches=423/2814 clients_done=0/4 clients_started=2/4
2026-10-10T10:02:59.513744+00:00 [clients] round 22/30 [#######-----------------]  30.1% microbatches=1692/5628 clients_done=0/4 clients_started=4/4
2026-10-10T10:03:09.527677+00:00 [clients] round 22/30 [############------------]  50.1% microbatches=2820/5628 clients_done=0/4 clients_started=4/4
2026-10-10T10:03:19.533130+00:00 [clients] round 22/30 [##################------]  77.6% microbatches=4368/5628 clients_done=1/4 clients_started=4/4
2026-10-10T10:03:28.007139+00:00 [20261010T092159Z_ndag-m-lab-linux-x86_64-7fa78ccc_run0015_4be303de] round=22 val_loss=0.483407 val_accuracy=84.62% epsilon=inf progress=16/24 avg_round=46.8s ETA~00:06:15
2026-10-10T10:03:29.539427+00:00 [clients] round 22/30 [########################] 100.0% microbatches=5628/5628 clients_done=4/4 clients_started=4/4
2026-10-10T10:03:39.544466+00:00 [clients] round 23/30 [#######-----------------]  32.5% microbatches=1830/5628 clients_done=1/4 clients_started=4/4
2026-10-10T10:03:49.555028+00:00 [clients] round 23/30 [#############-----------]  57.6% microbatches=3240/5628 clients_done=1/4 clients_started=4/4
2026-10-10T10:03:59.562171+00:00 [clients] round 23/30 [###################-----]  80.1% microbatches=4509/5628 clients_done=1/4 clients_started=4/4
2026-10-10T10:04:07.134298+00:00 [20261010T092159Z_ndag-m-lab-linux-x86_64-7fa78ccc_run0015_4be303de] round=23 val_loss=0.481671 val_accuracy=84.36% epsilon=inf progress=17/24 avg_round=46.4s ETA~00:05:25
2026-10-10T10:04:09.567718+00:00 [clients] round 23/30 [########################] 100.0% microbatches=5628/5628 clients_done=4/4 clients_started=4/4
2026-10-10T10:04:19.578700+00:00 [clients] round 24/30 [####--------------------]  20.0% microbatches=1128/5628 clients_done=0/4 clients_started=4/4
2026-10-10T10:04:29.587788+00:00 [clients] round 24/30 [##########--------------]  42.6% microbatches=2397/5628 clients_done=0/4 clients_started=4/4
2026-10-10T10:04:39.594772+00:00 [clients] round 24/30 [###############---------]  62.6% microbatches=3525/5628 clients_done=0/4 clients_started=4/4
2026-10-10T10:04:49.602158+00:00 [clients] round 24/30 [#####################---]  87.6% microbatches=4932/5628 clients_done=1/4 clients_started=4/4
2026-10-10T10:04:55.274656+00:00 [20261010T092159Z_ndag-m-lab-linux-x86_64-7fa78ccc_run0015_4be303de] round=24 val_loss=0.472562 val_accuracy=84.80% epsilon=inf progress=18/24 avg_round=46.5s ETA~00:04:39
2026-10-10T10:04:59.611306+00:00 [clients] round 25/30 [------------------------]   0.0% microbatches=0/4221 clients_done=0/4 clients_started=3/4
2026-10-10T10:05:09.622325+00:00 [clients] round 25/30 [####--------------------]  17.5% microbatches=987/5628 clients_done=0/4 clients_started=4/4
2026-10-10T10:05:19.631875+00:00 [clients] round 25/30 [#########---------------]  40.1% microbatches=2256/5628 clients_done=0/4 clients_started=4/4
2026-10-10T10:05:29.636760+00:00 [clients] round 25/30 [###############---------]  65.1% microbatches=3666/5628 clients_done=0/4 clients_started=4/4
2026-10-10T10:05:39.643819+00:00 [clients] round 25/30 [#####################---]  87.7% microbatches=4935/5628 clients_done=0/4 clients_started=4/4
2026-10-10T10:05:46.386955+00:00 [20261010T092159Z_ndag-m-lab-linux-x86_64-7fa78ccc_run0015_4be303de] round=25 val_loss=0.468451 val_accuracy=84.82% epsilon=inf progress=19/24 avg_round=46.7s ETA~00:03:54
2026-10-10T10:05:49.649449+00:00 [clients] round 26/30 [------------------------]   0.0% microbatches=0/2814 clients_done=0/4 clients_started=2/4
2026-10-10T10:05:59.659700+00:00 [clients] round 26/30 [####--------------------]  20.0% microbatches=1128/5628 clients_done=0/4 clients_started=4/4
2026-10-10T10:06:09.675534+00:00 [clients] round 26/30 [##########--------------]  42.6% microbatches=2397/5628 clients_done=0/4 clients_started=4/4
2026-10-10T10:06:19.683841+00:00 [clients] round 26/30 [################--------]  67.6% microbatches=3807/5628 clients_done=0/4 clients_started=4/4
2026-10-10T10:06:29.694020+00:00 [clients] round 26/30 [######################--]  95.1% microbatches=5352/5628 clients_done=2/4 clients_started=4/4
2026-10-10T10:06:31.515410+00:00 [20261010T092159Z_ndag-m-lab-linux-x86_64-7fa78ccc_run0015_4be303de] round=26 val_loss=0.462621 val_accuracy=85.12% epsilon=inf progress=20/24 avg_round=46.7s ETA~00:03:07
2026-10-10T10:06:39.700180+00:00 [clients] round 27/30 [####--------------------]  20.0% microbatches=1128/5628 clients_done=0/4 clients_started=4/4
2026-10-10T10:06:49.710402+00:00 [clients] round 27/30 [##########--------------]  45.0% microbatches=2535/5628 clients_done=1/4 clients_started=4/4
2026-10-10T10:06:59.725741+00:00 [clients] round 27/30 [################--------]  67.6% microbatches=3804/5628 clients_done=1/4 clients_started=4/4
2026-10-10T10:07:09.730760+00:00 [clients] round 27/30 [#####################---]  90.1% microbatches=5073/5628 clients_done=1/4 clients_started=4/4
2026-10-10T10:07:13.650181+00:00 [20261010T092159Z_ndag-m-lab-linux-x86_64-7fa78ccc_run0015_4be303de] round=27 val_loss=0.460044 val_accuracy=84.94% epsilon=inf progress=21/24 avg_round=46.4s ETA~00:02:20
2026-10-10T10:07:19.738769+00:00 [clients] round 28/30 [------------------------]   0.0% microbatches=0/5628 clients_done=0/4 clients_started=4/4
2026-10-10T10:07:29.748716+00:00 [clients] round 28/30 [#####-------------------]  22.5% microbatches=1269/5628 clients_done=0/4 clients_started=4/4
2026-10-10T10:07:39.756704+00:00 [clients] round 28/30 [###########-------------]  47.6% microbatches=2679/5628 clients_done=0/4 clients_started=4/4
2026-10-10T10:07:49.768715+00:00 [clients] round 28/30 [################--------]  67.6% microbatches=3807/5628 clients_done=0/4 clients_started=4/4
2026-10-10T10:07:59.777729+00:00 [clients] round 28/30 [#####################---]  90.2% microbatches=5076/5628 clients_done=0/4 clients_started=4/4
2026-10-10T10:08:04.809569+00:00 [20261010T092159Z_ndag-m-lab-linux-x86_64-7fa78ccc_run0015_4be303de] round=28 val_loss=0.453011 val_accuracy=85.26% epsilon=inf progress=22/24 avg_round=46.7s ETA~00:01:34
2026-10-10T10:08:09.781775+00:00 [clients] round 29/30 [###---------------------]  15.0% microbatches=423/2814 clients_done=0/4 clients_started=2/4
2026-10-10T10:08:19.799354+00:00 [clients] round 29/30 [######------------------]  27.6% microbatches=1551/5628 clients_done=0/4 clients_started=4/4
2026-10-10T10:08:29.813787+00:00 [clients] round 29/30 [############------------]  52.6% microbatches=2961/5628 clients_done=0/4 clients_started=4/4
2026-10-10T10:08:39.823732+00:00 [clients] round 29/30 [##################------]  75.1% microbatches=4227/5628 clients_done=1/4 clients_started=4/4
2026-10-10T10:08:46.953472+00:00 [20261010T092159Z_ndag-m-lab-linux-x86_64-7fa78ccc_run0015_4be303de] round=29 val_loss=0.451647 val_accuracy=85.12% epsilon=inf progress=23/24 avg_round=46.5s ETA~00:00:47
2026-10-10T10:08:49.826702+00:00 [clients] round 29/30 [########################] 100.0% microbatches=5628/5628 clients_done=4/4 clients_started=4/4
2026-10-10T10:08:59.835769+00:00 [clients] round 30/30 [####--------------------]  17.5% microbatches=987/5628 clients_done=0/4 clients_started=4/4
2026-10-10T10:09:09.846805+00:00 [clients] round 30/30 [##########--------------]  45.1% microbatches=2538/5628 clients_done=0/4 clients_started=4/4
2026-10-10T10:09:19.854764+00:00 [clients] round 30/30 [###############---------]  65.1% microbatches=3666/5628 clients_done=0/4 clients_started=4/4
2026-10-10T10:09:29.864732+00:00 [clients] round 30/30 [#####################---]  87.6% microbatches=4932/5628 clients_done=1/4 clients_started=4/4
2026-10-10T10:09:32.100374+00:00 [20261010T092159Z_ndag-m-lab-linux-x86_64-7fa78ccc_run0015_4be303de] round=30 val_loss=0.447383 val_accuracy=85.08% epsilon=inf progress=24/24 avg_round=46.4s ETA~00:00:00
