Started run 20261010T002816Z_ndag-m-lab-linux-x86_64-7fa78ccc_run0012_7b3374de (run_id=20261010T002816Z_ndag-m-lab-linux-x86_64-7fa78ccc_run0012_7b3374de) at 2026-10-10T00:28:16.396223+00:00
CUDA check: available=True; devices=['NVIDIA GeForce RTX 3090']; selected_device=cuda
{"batch_size": 32, "cache_dir": ".cache/lightdp_flower", "client_data_mode": "partitioned_cifar10", "client_update_clip": 1.0, "clip": 1.0, "cuda_available": true, "cuda_devices": ["NVIDIA GeForce RTX 3090"], "cuda_version": "12.8", "data_protocol": {"client_data_mode": "partitioned_cifar10", "client_train_fraction": 0.9, "dirichlet_alpha": null, "partition_method": "iid", "source_train_examples": 50000, "test_evaluated_each_round": false, "validation_evaluated_each_round": true, "validation_fraction": 0.1, "validation_selection": "deterministic class-stratified holdout"}, "dataset": {"name": "CIFAR-10", "source": "https://www.cs.toronto.edu/~kriz/cifar.html", "test_examples": 10000, "train_examples": 50000}, "delta": 1e-05, "dependencies": {"flwr": "1.25.0", "matplotlib": "3.10.8", "numpy": "2.2.6", "pandas": "2.3.3", "scikit-image": "0.25.2", "scipy": "1.15.3", "torch": "2.8.0", "torchvision": "0.23.0"}, "device": "auto", "dirichlet_alpha": 0.5, "epsilon": 0.0, "feature_batch": 128, "fraction_fit": 1.0, "git_revision": "afdb5a9e15bdfa0d97b761932f021c56556f54ae", "git_track_results": true, "git_worktree_dirty": true, "hostname": "NDAG-M-Lab", "image_size": 224, "local_epochs": 1, "local_learning_rate": 0.01, "local_momentum": 0.9, "machine_architecture": "x86_64", "machine_id": "ndag-m-lab-linux-x86_64-7fa78ccc", "max_colluders": 1, "max_records_per_client": 0, "max_stragglers": 1, "method": "no_dp", "model_definition": {"backbone_frozen": true, "name": "HybridClassifier", "trainable_parameters": "CNN branch and classifier head"}, "num_clients": 50, "num_server_rounds": 30, "output_dir": "results/experiments", "partition_method": "iid", "platform": "Linux-7.0.0-38-generic-x86_64-with-glibc2.39", "pretrained_backbone": "torchvision ResNet18_Weights.IMAGENET1K_V1", "processor": "x86_64", "python": "3.10.19", "result_schema_version": 2, "resume": false, "run_id": "20261010T002816Z_ndag-m-lab-linux-x86_64-7fa78ccc_run0012_7b3374de", "run_number": 12, "seed": 2026, "selected_device": "cuda", "simulate_stragglers": true, "started_at_utc": "2026-10-10T00:28:16.396223+00:00", "tag": "20261010T002816Z_ndag-m-lab-linux-x86_64-7fa78ccc_run0012_7b3374de", "training_algorithm": "fedavg", "use_pretrained": true, "validation_fraction": 0.1}
2026-10-10T00:28:22.081212+00:00 [20261010T002816Z_ndag-m-lab-linux-x86_64-7fa78ccc_run0012_7b3374de] round=0 val_loss=2.303185 val_accuracy=10.06% epsilon=inf progress=0/30 ETA=estimating
2026-10-10T00:31:04.461910+00:00 [clients] round 1/30 [#######################-]  96.6% microbatches=56/58 clients_done=1/50 clients_started=2/50
2026-10-10T00:31:14.466948+00:00 [clients] round 1/30 [########################] 100.0% microbatches=319/319 clients_done=11/50 clients_started=11/50
2026-10-10T00:31:24.474841+00:00 [clients] round 1/30 [########################] 100.0% microbatches=464/464 clients_done=16/50 clients_started=16/50
2026-10-10T00:31:34.485958+00:00 [clients] round 1/30 [########################] 100.0% microbatches=609/609 clients_done=21/50 clients_started=21/50
2026-10-10T00:31:44.497829+00:00 [clients] round 1/30 [########################] 100.0% microbatches=696/696 clients_done=24/50 clients_started=24/50
2026-10-10T00:31:54.504803+00:00 [clients] round 1/30 [########################] 100.0% microbatches=696/696 clients_done=24/50 clients_started=24/50
2026-10-10T00:32:04.514432+00:00 [clients] round 1/30 [########################] 100.0% microbatches=696/696 clients_done=24/50 clients_started=24/50
2026-10-10T00:32:14.527525+00:00 [clients] round 1/30 [########################] 100.0% microbatches=696/696 clients_done=24/50 clients_started=24/50
2026-10-10T00:32:24.534842+00:00 [clients] round 1/30 [########################] 100.0% microbatches=696/696 clients_done=24/50 clients_started=24/50
2026-10-10T00:32:34.548239+00:00 [clients] round 1/30 [########################] 100.0% microbatches=696/696 clients_done=24/50 clients_started=24/50
2026-10-10T00:32:44.557038+00:00 [clients] round 1/30 [########################] 100.0% microbatches=696/696 clients_done=24/50 clients_started=24/50
2026-10-10T00:32:54.565478+00:00 [clients] round 1/30 [########################] 100.0% microbatches=696/696 clients_done=24/50 clients_started=24/50
2026-10-10T00:33:04.573284+00:00 [clients] round 1/30 [########################] 100.0% microbatches=696/696 clients_done=24/50 clients_started=24/50
2026-10-10T00:33:14.590994+00:00 [clients] round 1/30 [########################] 100.0% microbatches=696/696 clients_done=24/50 clients_started=24/50
2026-10-10T00:33:24.605160+00:00 [clients] round 1/30 [########################] 100.0% microbatches=696/696 clients_done=24/50 clients_started=24/50
2026-10-10T00:33:34.613301+00:00 [clients] round 1/30 [########################] 100.0% microbatches=696/696 clients_done=24/50 clients_started=24/50
2026-10-10T00:33:44.621178+00:00 [clients] round 1/30 [########################] 100.0% microbatches=696/696 clients_done=24/50 clients_started=24/50
2026-10-10T00:33:54.629114+00:00 [clients] round 1/30 [########################] 100.0% microbatches=725/725 clients_done=25/50 clients_started=25/50
2026-10-10T00:34:04.637474+00:00 [clients] round 1/30 [########################] 100.0% microbatches=870/870 clients_done=30/50 clients_started=30/50
2026-10-10T00:34:14.644987+00:00 [clients] round 1/30 [########################] 100.0% microbatches=1073/1073 clients_done=37/50 clients_started=37/50
2026-10-10T00:34:24.653050+00:00 [clients] round 1/30 [########################] 100.0% microbatches=1334/1334 clients_done=46/50 clients_started=46/50
2026-10-10T00:34:34.656823+00:00 [clients] round 1/30 [########################] 100.0% microbatches=1392/1392 clients_done=48/50 clients_started=48/50
2026-10-10T00:34:44.660531+00:00 [clients] round 1/30 [########################] 100.0% microbatches=1392/1392 clients_done=48/50 clients_started=48/50
2026-10-10T00:34:54.664173+00:00 [clients] round 1/30 [########################] 100.0% microbatches=1392/1392 clients_done=48/50 clients_started=48/50
2026-10-10T00:35:04.667922+00:00 [clients] round 1/30 [########################] 100.0% microbatches=1392/1392 clients_done=48/50 clients_started=48/50
2026-10-10T00:35:14.672019+00:00 [clients] round 1/30 [########################] 100.0% microbatches=1392/1392 clients_done=48/50 clients_started=48/50
2026-10-10T00:35:17.258506+00:00 [20261010T002816Z_ndag-m-lab-linux-x86_64-7fa78ccc_run0012_7b3374de] round=1 val_loss=2.290964 val_accuracy=39.36% epsilon=inf progress=1/30 avg_round=415.3s ETA~03:20:43
2026-10-10T00:35:22.384668+00:00 [20261010T002816Z_ndag-m-lab-linux-x86_64-7fa78ccc_run0012_7b3374de] round=2 val_loss=2.278902 val_accuracy=62.28% epsilon=inf progress=2/30 avg_round=210.2s ETA~01:38:06
2026-10-10T00:35:24.683146+00:00 [clients] round 3/30 [####################----]  84.5% microbatches=588/696 clients_done=6/50 clients_started=24/50
2026-10-10T00:35:27.773347+00:00 [20261010T002816Z_ndag-m-lab-linux-x86_64-7fa78ccc_run0012_7b3374de] round=3 val_loss=2.266922 val_accuracy=67.86% epsilon=inf progress=3/30 avg_round=141.9s ETA~01:03:52
2026-10-10T00:35:33.178565+00:00 [20261010T002816Z_ndag-m-lab-linux-x86_64-7fa78ccc_run0012_7b3374de] round=4 val_loss=2.254997 val_accuracy=69.60% epsilon=inf progress=4/30 avg_round=107.8s ETA~00:46:43
2026-10-10T00:35:34.699121+00:00 [clients] round 5/30 [###---------------------]  15.3% microbatches=102/667 clients_done=0/50 clients_started=23/50
2026-10-10T00:35:38.594290+00:00 [20261010T002816Z_ndag-m-lab-linux-x86_64-7fa78ccc_run0012_7b3374de] round=5 val_loss=2.243085 val_accuracy=70.80% epsilon=inf progress=5/30 avg_round=87.3s ETA~00:36:23
2026-10-10T00:35:44.107580+00:00 [20261010T002816Z_ndag-m-lab-linux-x86_64-7fa78ccc_run0012_7b3374de] round=6 val_loss=2.231124 val_accuracy=72.06% epsilon=inf progress=6/30 avg_round=73.7s ETA~00:29:29
2026-10-10T00:35:44.720272+00:00 [clients] round 6/30 [########################] 100.0% microbatches=1450/1450 clients_done=50/50 clients_started=50/50
2026-10-10T00:35:49.474694+00:00 [20261010T002816Z_ndag-m-lab-linux-x86_64-7fa78ccc_run0012_7b3374de] round=7 val_loss=2.218980 val_accuracy=72.06% epsilon=inf progress=7/30 avg_round=63.9s ETA~00:24:31
2026-10-10T00:35:54.729771+00:00 [clients] round 8/30 [#######################-]  97.7% microbatches=1416/1450 clients_done=48/50 clients_started=50/50
2026-10-10T00:35:54.975530+00:00 [20261010T002816Z_ndag-m-lab-linux-x86_64-7fa78ccc_run0012_7b3374de] round=8 val_loss=2.206351 val_accuracy=72.18% epsilon=inf progress=8/30 avg_round=56.6s ETA~00:20:46
2026-10-10T00:36:00.368136+00:00 [20261010T002816Z_ndag-m-lab-linux-x86_64-7fa78ccc_run0012_7b3374de] round=9 val_loss=2.192436 val_accuracy=71.38% epsilon=inf progress=9/30 avg_round=50.9s ETA~00:17:50
2026-10-10T00:36:04.744876+00:00 [clients] round 10/30 [################--------]  70.7% microbatches=963/1363 clients_done=24/50 clients_started=47/50
2026-10-10T00:36:05.971990+00:00 [20261010T002816Z_ndag-m-lab-linux-x86_64-7fa78ccc_run0012_7b3374de] round=10 val_loss=2.174799 val_accuracy=68.76% epsilon=inf progress=10/30 avg_round=46.4s ETA~00:15:28
2026-10-10T00:36:11.807931+00:00 [20261010T002816Z_ndag-m-lab-linux-x86_64-7fa78ccc_run0012_7b3374de] round=11 val_loss=2.145545 val_accuracy=59.88% epsilon=inf progress=11/30 avg_round=42.7s ETA~00:13:32
2026-10-10T00:36:14.770287+00:00 [clients] round 12/30 [########################] 100.0% microbatches=696/696 clients_done=24/50 clients_started=24/50
2026-10-10T00:36:17.435528+00:00 [20261010T002816Z_ndag-m-lab-linux-x86_64-7fa78ccc_run0012_7b3374de] round=12 val_loss=2.107151 val_accuracy=46.78% epsilon=inf progress=12/30 avg_round=39.6s ETA~00:11:54
2026-10-10T00:36:22.933520+00:00 [20261010T002816Z_ndag-m-lab-linux-x86_64-7fa78ccc_run0012_7b3374de] round=13 val_loss=2.077122 val_accuracy=43.74% epsilon=inf progress=13/30 avg_round=37.0s ETA~00:10:29
2026-10-10T00:36:24.782218+00:00 [clients] round 14/30 [########----------------]  34.5% microbatches=240/696 clients_done=0/50 clients_started=24/50
2026-10-10T00:36:28.452239+00:00 [20261010T002816Z_ndag-m-lab-linux-x86_64-7fa78ccc_run0012_7b3374de] round=14 val_loss=2.047943 val_accuracy=43.06% epsilon=inf progress=14/30 avg_round=34.7s ETA~00:09:16
2026-10-10T00:36:33.995640+00:00 [20261010T002816Z_ndag-m-lab-linux-x86_64-7fa78ccc_run0012_7b3374de] round=15 val_loss=2.021312 val_accuracy=42.36% epsilon=inf progress=15/30 avg_round=32.8s ETA~00:08:12
2026-10-10T00:36:34.810046+00:00 [clients] round 15/30 [########################] 100.0% microbatches=1450/1450 clients_done=50/50 clients_started=50/50
2026-10-10T00:36:39.610779+00:00 [20261010T002816Z_ndag-m-lab-linux-x86_64-7fa78ccc_run0012_7b3374de] round=16 val_loss=1.999539 val_accuracy=41.62% epsilon=inf progress=16/30 avg_round=31.1s ETA~00:07:16
2026-10-10T00:36:44.821318+00:00 [clients] round 17/30 [#######################-]  97.7% microbatches=1416/1450 clients_done=48/50 clients_started=50/50
2026-10-10T00:36:45.089082+00:00 [20261010T002816Z_ndag-m-lab-linux-x86_64-7fa78ccc_run0012_7b3374de] round=17 val_loss=1.979967 val_accuracy=42.12% epsilon=inf progress=17/30 avg_round=29.6s ETA~00:06:25
2026-10-10T00:36:50.733447+00:00 [20261010T002816Z_ndag-m-lab-linux-x86_64-7fa78ccc_run0012_7b3374de] round=18 val_loss=1.962056 val_accuracy=42.34% epsilon=inf progress=18/30 avg_round=28.3s ETA~00:05:40
2026-10-10T00:36:54.835276+00:00 [clients] round 19/30 [##############----------]  61.0% microbatches=831/1363 clients_done=24/50 clients_started=47/50
2026-10-10T00:36:56.280872+00:00 [20261010T002816Z_ndag-m-lab-linux-x86_64-7fa78ccc_run0012_7b3374de] round=19 val_loss=1.945968 val_accuracy=42.92% epsilon=inf progress=19/30 avg_round=27.1s ETA~00:04:58
2026-10-10T00:37:02.080038+00:00 [20261010T002816Z_ndag-m-lab-linux-x86_64-7fa78ccc_run0012_7b3374de] round=20 val_loss=1.930315 val_accuracy=44.44% epsilon=inf progress=20/30 avg_round=26.0s ETA~00:04:21
2026-10-10T00:37:04.847525+00:00 [clients] round 21/30 [#######################-]  99.7% microbatches=694/696 clients_done=23/50 clients_started=24/50
2026-10-10T00:37:07.644363+00:00 [20261010T002816Z_ndag-m-lab-linux-x86_64-7fa78ccc_run0012_7b3374de] round=21 val_loss=1.916436 val_accuracy=44.72% epsilon=inf progress=21/30 avg_round=25.0s ETA~00:03:46
2026-10-10T00:37:13.089424+00:00 [20261010T002816Z_ndag-m-lab-linux-x86_64-7fa78ccc_run0012_7b3374de] round=22 val_loss=1.902955 val_accuracy=44.66% epsilon=inf progress=22/30 avg_round=24.1s ETA~00:03:14
2026-10-10T00:37:14.859327+00:00 [clients] round 23/30 [########----------------]  34.5% microbatches=240/696 clients_done=0/50 clients_started=24/50
2026-10-10T00:37:18.539746+00:00 [20261010T002816Z_ndag-m-lab-linux-x86_64-7fa78ccc_run0012_7b3374de] round=23 val_loss=1.890185 val_accuracy=45.60% epsilon=inf progress=23/30 avg_round=23.3s ETA~00:02:44
2026-10-10T00:37:24.071988+00:00 [20261010T002816Z_ndag-m-lab-linux-x86_64-7fa78ccc_run0012_7b3374de] round=24 val_loss=1.876770 val_accuracy=46.40% epsilon=inf progress=24/30 avg_round=22.6s ETA~00:02:16
2026-10-10T00:37:24.887520+00:00 [clients] round 24/30 [########################] 100.0% microbatches=1450/1450 clients_done=50/50 clients_started=50/50
2026-10-10T00:37:29.492660+00:00 [20261010T002816Z_ndag-m-lab-linux-x86_64-7fa78ccc_run0012_7b3374de] round=25 val_loss=1.864704 val_accuracy=46.70% epsilon=inf progress=25/30 avg_round=21.9s ETA~00:01:50
2026-10-10T00:37:34.898848+00:00 [clients] round 26/30 [#######################-]  99.7% microbatches=1445/1450 clients_done=49/50 clients_started=50/50
2026-10-10T00:37:34.993907+00:00 [20261010T002816Z_ndag-m-lab-linux-x86_64-7fa78ccc_run0012_7b3374de] round=26 val_loss=1.853808 val_accuracy=46.52% epsilon=inf progress=26/30 avg_round=21.3s ETA~00:01:26
2026-10-10T00:37:40.407841+00:00 [20261010T002816Z_ndag-m-lab-linux-x86_64-7fa78ccc_run0012_7b3374de] round=27 val_loss=1.842388 val_accuracy=47.04% epsilon=inf progress=27/30 avg_round=20.7s ETA~00:01:03
2026-10-10T00:37:44.914633+00:00 [clients] round 28/30 [###################-----]  83.0% microbatches=1155/1392 clients_done=24/50 clients_started=48/50
2026-10-10T00:37:45.910992+00:00 [20261010T002816Z_ndag-m-lab-linux-x86_64-7fa78ccc_run0012_7b3374de] round=28 val_loss=1.830971 val_accuracy=47.62% epsilon=inf progress=28/30 avg_round=20.1s ETA~00:00:41
2026-10-10T00:37:51.310349+00:00 [20261010T002816Z_ndag-m-lab-linux-x86_64-7fa78ccc_run0012_7b3374de] round=29 val_loss=1.820430 val_accuracy=47.72% epsilon=inf progress=29/30 avg_round=19.6s ETA~00:00:20
2026-10-10T00:37:54.929487+00:00 [clients] round 30/30 [#################-------]  74.0% microbatches=708/957 clients_done=24/50 clients_started=33/50
2026-10-10T00:37:56.859544+00:00 [20261010T002816Z_ndag-m-lab-linux-x86_64-7fa78ccc_run0012_7b3374de] round=30 val_loss=1.810088 val_accuracy=48.12% epsilon=inf progress=30/30 avg_round=19.2s ETA~00:00:00
