Started run 20261009T184343833086Z_LightDP_eps6 (run_id=20261009T193047Z_ndag-m-lab-linux-x86_64-7fa78ccc_run0008_989b61b8) at 2026-10-09T19:30:47.545927+00:00
CUDA check: available=True; devices=['NVIDIA GeForce RTX 3090']; selected_device=cuda
{"cache_dir": ".cache/lightdp_flower", "clip": 1.0, "cuda_available": true, "cuda_devices": ["NVIDIA GeForce RTX 3090"], "cuda_version": "12.8", "dataset": {"name": "CIFAR-10", "source": "https://www.cs.toronto.edu/~kriz/cifar.html", "test_examples": 10000, "train_examples": 50000}, "delta": 1e-05, "dependencies": {"flwr": "1.25.0", "matplotlib": "3.10.8", "numpy": "2.2.6", "pandas": "2.3.3", "scikit-image": "0.25.2", "scipy": "1.15.3", "torch": "2.8.0", "torchvision": "0.23.0"}, "device": "cuda", "epsilon": 6.0, "feature_batch": 128, "git_revision": "afdb5a9e15bdfa0d97b761932f021c56556f54ae", "git_worktree_dirty": true, "hostname": "NDAG-M-Lab", "image_size": 224, "learning_rate": 1.0, "machine_architecture": "x86_64", "machine_id": "ndag-m-lab-linux-x86_64-7fa78ccc", "max_colluders": 10, "max_records_per_client": 0, "max_stragglers": 10, "method": "lightdp", "microbatch": 32, "momentum": 0.9, "non_iid": false, "num_clients": 50, "num_server_rounds": 30, "output_dir": "results/experiments", "platform": "Linux-7.0.0-38-generic-x86_64-with-glibc2.39", "pretrained_backbone": "torchvision ResNet18_Weights.IMAGENET1K_V1", "processor": "x86_64", "python": "3.10.19", "resume": false, "run_id": "20261009T193047Z_ndag-m-lab-linux-x86_64-7fa78ccc_run0008_989b61b8", "run_number": 8, "seed": 2026, "selected_device": "cuda", "started_at_utc": "2026-10-09T19:30:47.545927+00:00", "tag": "20261009T184343833086Z_LightDP_eps6", "use_pretrained": true}
2026-10-09T19:30:49.087077+00:00 [20261009T184343833086Z_LightDP_eps6] round=0 loss=2.302986 accuracy=10.09% epsilon=0 progress=0/30 ETA=estimating
2026-10-09T19:30:51.565277+00:00 [clients] round 1/30 [------------------------]   0.0% microbatches=0/32 clients_done=0/50 clients_started=1/50
2026-10-09T19:31:01.572192+00:00 [clients] round 1/30 [#######################-]  98.5% microbatches=473/480 clients_done=14/50 clients_started=15/50
2026-10-09T19:31:11.584223+00:00 [clients] round 1/30 [########################] 100.0% microbatches=896/896 clients_done=28/50 clients_started=28/50
2026-10-09T19:31:21.587339+00:00 [clients] round 1/30 [########################] 100.0% microbatches=1344/1344 clients_done=42/50 clients_started=42/50
2026-10-09T19:31:27.080275+00:00 [20261009T184343833086Z_LightDP_eps6] round=1 loss=2.299305 accuracy=11.69% epsilon=1.00188 progress=1/30 avg_round=38.9s ETA~00:18:49
2026-10-09T19:31:31.592074+00:00 [clients] round 2/30 [########################] 100.0% microbatches=192/192 clients_done=6/50 clients_started=6/50
2026-10-09T19:31:41.602448+00:00 [clients] round 2/30 [#######################-]  96.9% microbatches=620/640 clients_done=19/50 clients_started=20/50
2026-10-09T19:31:51.605328+00:00 [clients] round 2/30 [#######################-]  97.6% microbatches=1062/1088 clients_done=33/50 clients_started=34/50
2026-10-09T19:32:01.608604+00:00 [clients] round 2/30 [########################] 100.0% microbatches=1504/1504 clients_done=47/50 clients_started=47/50
2026-10-09T19:32:03.510593+00:00 [20261009T184343833086Z_LightDP_eps6] round=2 loss=2.292427 accuracy=34.32% epsilon=1.42912 progress=2/30 avg_round=37.7s ETA~00:17:35
2026-10-09T19:32:11.610585+00:00 [clients] round 3/30 [########################] 100.0% microbatches=352/352 clients_done=11/50 clients_started=11/50
2026-10-09T19:32:21.612767+00:00 [clients] round 3/30 [########################] 100.0% microbatches=800/800 clients_done=25/50 clients_started=25/50
2026-10-09T19:32:31.615568+00:00 [clients] round 3/30 [#######################-]  99.4% microbatches=1240/1248 clients_done=38/50 clients_started=39/50
2026-10-09T19:32:39.763573+00:00 [20261009T184343833086Z_LightDP_eps6] round=3 loss=2.282694 accuracy=52.61% epsilon=1.76181 progress=3/30 avg_round=37.2s ETA~00:16:45
2026-10-09T19:32:41.618531+00:00 [clients] round 4/30 [########################] 100.0% microbatches=64/64 clients_done=2/50 clients_started=2/50
2026-10-09T19:32:51.620403+00:00 [clients] round 4/30 [########################] 100.0% microbatches=512/512 clients_done=16/50 clients_started=16/50
2026-10-09T19:33:01.624023+00:00 [clients] round 4/30 [########################] 100.0% microbatches=960/960 clients_done=30/50 clients_started=30/50
2026-10-09T19:33:11.629865+00:00 [clients] round 4/30 [########################] 100.0% microbatches=1408/1408 clients_done=44/50 clients_started=44/50
2026-10-09T19:33:16.054122+00:00 [20261009T184343833086Z_LightDP_eps6] round=4 loss=2.270473 accuracy=58.79% epsilon=2.04556 progress=4/30 avg_round=37.0s ETA~00:16:02
2026-10-09T19:33:21.635765+00:00 [clients] round 5/30 [#######################-]  98.0% microbatches=251/256 clients_done=7/50 clients_started=8/50
2026-10-09T19:33:31.637708+00:00 [clients] round 5/30 [########################] 100.0% microbatches=704/704 clients_done=22/50 clients_started=22/50
2026-10-09T19:33:41.640445+00:00 [clients] round 5/30 [########################] 100.0% microbatches=1248/1248 clients_done=39/50 clients_started=39/50
2026-10-09T19:33:48.099039+00:00 [20261009T184343833086Z_LightDP_eps6] round=5 loss=2.256172 accuracy=60.06% epsilon=2.29804 progress=5/30 avg_round=36.0s ETA~00:15:00
2026-10-09T19:33:51.651659+00:00 [clients] round 6/30 [#####################---]  87.5% microbatches=168/192 clients_done=5/50 clients_started=6/50
2026-10-09T19:34:01.653664+00:00 [clients] round 6/30 [########################] 100.0% microbatches=704/704 clients_done=22/50 clients_started=22/50
2026-10-09T19:34:11.656539+00:00 [clients] round 6/30 [########################] 100.0% microbatches=1248/1248 clients_done=39/50 clients_started=39/50
2026-10-09T19:34:18.326415+00:00 [20261009T184343833086Z_LightDP_eps6] round=6 loss=2.240294 accuracy=61.65% epsilon=2.5283 progress=6/30 avg_round=35.0s ETA~00:14:01
2026-10-09T19:34:21.659503+00:00 [clients] round 7/30 [#####################---]  91.4% microbatches=117/128 clients_done=3/50 clients_started=4/50
2026-10-09T19:34:31.661191+00:00 [clients] round 7/30 [######################--]  94.5% microbatches=484/512 clients_done=15/50 clients_started=16/50
2026-10-09T19:34:41.663475+00:00 [clients] round 7/30 [########################] 100.0% microbatches=864/864 clients_done=27/50 clients_started=27/50
2026-10-09T19:34:51.666440+00:00 [clients] round 7/30 [########################] 100.0% microbatches=1248/1248 clients_done=38/50 clients_started=39/50
2026-10-09T19:35:01.611162+00:00 [20261009T184343833086Z_LightDP_eps6] round=7 loss=2.223126 accuracy=64.03% epsilon=2.74173 progress=7/30 avg_round=36.2s ETA~00:13:53
2026-10-09T19:35:01.669884+00:00 [clients] round 7/30 [########################] 100.0% microbatches=1600/1600 clients_done=50/50 clients_started=50/50
2026-10-09T19:35:11.671392+00:00 [clients] round 8/30 [######################--]  91.7% microbatches=352/384 clients_done=11/50 clients_started=12/50
2026-10-09T19:35:21.673461+00:00 [clients] round 8/30 [#######################-]  99.7% microbatches=734/736 clients_done=22/50 clients_started=23/50
2026-10-09T19:35:31.676092+00:00 [clients] round 8/30 [########################] 100.0% microbatches=1088/1088 clients_done=34/50 clients_started=34/50
2026-10-09T19:35:41.679316+00:00 [clients] round 8/30 [########################] 100.0% microbatches=1472/1472 clients_done=46/50 clients_started=46/50
2026-10-09T19:35:45.284925+00:00 [20261009T184343833086Z_LightDP_eps6] round=8 loss=2.204970 accuracy=66.29% epsilon=2.94183 progress=8/30 avg_round=37.1s ETA~00:13:38
2026-10-09T19:35:51.681721+00:00 [clients] round 9/30 [#####################---]  87.5% microbatches=224/256 clients_done=7/50 clients_started=8/50
2026-10-09T19:36:01.683522+00:00 [clients] round 9/30 [########################] 100.0% microbatches=608/608 clients_done=19/50 clients_started=19/50
2026-10-09T19:36:11.686099+00:00 [clients] round 9/30 [########################] 100.0% microbatches=992/992 clients_done=31/50 clients_started=31/50
2026-10-09T19:36:21.689175+00:00 [clients] round 9/30 [#######################-]  98.0% microbatches=1349/1376 clients_done=42/50 clients_started=43/50
2026-10-09T19:36:28.402106+00:00 [20261009T184343833086Z_LightDP_eps6] round=9 loss=2.186016 accuracy=67.96% epsilon=3.13104 progress=9/30 avg_round=37.8s ETA~00:13:14
2026-10-09T19:36:31.691823+00:00 [clients] round 10/30 [#######################-]  99.2% microbatches=127/128 clients_done=3/50 clients_started=4/50
2026-10-09T19:36:41.700552+00:00 [clients] round 10/30 [######################--]  93.8% microbatches=480/512 clients_done=15/50 clients_started=16/50
2026-10-09T19:36:51.702879+00:00 [clients] round 10/30 [#######################-]  99.5% microbatches=860/864 clients_done=26/50 clients_started=27/50
2026-10-09T19:37:01.705752+00:00 [clients] round 10/30 [########################] 100.0% microbatches=1216/1216 clients_done=38/50 clients_started=38/50
2026-10-09T19:37:11.717591+00:00 [clients] round 10/30 [########################] 100.0% microbatches=1600/1600 clients_done=50/50 clients_started=50/50
2026-10-09T19:37:11.901381+00:00 [20261009T184343833086Z_LightDP_eps6] round=10 loss=2.166473 accuracy=68.98% epsilon=3.31113 progress=10/30 avg_round=38.4s ETA~00:12:48
2026-10-09T19:37:21.719189+00:00 [clients] round 11/30 [#######################-]  96.6% microbatches=371/384 clients_done=11/50 clients_started=12/50
2026-10-09T19:37:31.721339+00:00 [clients] round 11/30 [#######################-]  97.1% microbatches=746/768 clients_done=23/50 clients_started=24/50
2026-10-09T19:37:41.725666+00:00 [clients] round 11/30 [########################] 100.0% microbatches=1120/1120 clients_done=35/50 clients_started=35/50
2026-10-09T19:37:51.729094+00:00 [clients] round 11/30 [########################] 100.0% microbatches=1504/1504 clients_done=47/50 clients_started=47/50
2026-10-09T19:37:54.610644+00:00 [20261009T184343833086Z_LightDP_eps6] round=11 loss=2.146350 accuracy=69.67% epsilon=3.48344 progress=11/30 avg_round=38.8s ETA~00:12:17
2026-10-09T19:38:01.730984+00:00 [clients] round 12/30 [########################] 100.0% microbatches=256/256 clients_done=8/50 clients_started=8/50
2026-10-09T19:38:11.733208+00:00 [clients] round 12/30 [########################] 100.0% microbatches=640/640 clients_done=20/50 clients_started=20/50
2026-10-09T19:38:21.737300+00:00 [clients] round 12/30 [#######################-]  98.1% microbatches=1005/1024 clients_done=31/50 clients_started=32/50
2026-10-09T19:38:31.740424+00:00 [clients] round 12/30 [########################] 100.0% microbatches=1376/1376 clients_done=43/50 clients_started=43/50
2026-10-09T19:38:37.867463+00:00 [20261009T184343833086Z_LightDP_eps6] round=12 loss=2.125577 accuracy=70.04% epsilon=3.64901 progress=12/30 avg_round=39.1s ETA~00:11:45
2026-10-09T19:38:41.752027+00:00 [clients] round 13/30 [########################] 100.0% microbatches=128/128 clients_done=4/50 clients_started=4/50
2026-10-09T19:38:51.756443+00:00 [clients] round 13/30 [########################] 100.0% microbatches=512/512 clients_done=16/50 clients_started=16/50
2026-10-09T19:39:01.758817+00:00 [clients] round 13/30 [#######################-]  99.2% microbatches=952/960 clients_done=29/50 clients_started=30/50
2026-10-09T19:39:11.770781+00:00 [clients] round 13/30 [########################] 100.0% microbatches=1472/1472 clients_done=46/50 clients_started=46/50
2026-10-09T19:39:13.811249+00:00 [20261009T184343833086Z_LightDP_eps6] round=13 loss=2.103624 accuracy=69.97% epsilon=3.80866 progress=13/30 avg_round=38.9s ETA~00:11:02
2026-10-09T19:39:21.782243+00:00 [clients] round 14/30 [########################] 100.0% microbatches=416/416 clients_done=13/50 clients_started=13/50
2026-10-09T19:39:31.795503+00:00 [clients] round 14/30 [########################] 100.0% microbatches=960/960 clients_done=30/50 clients_started=30/50
2026-10-09T19:39:41.798783+00:00 [clients] round 14/30 [########################] 100.0% microbatches=1504/1504 clients_done=47/50 clients_started=47/50
2026-10-09T19:39:44.384373+00:00 [20261009T184343833086Z_LightDP_eps6] round=14 loss=2.079815 accuracy=69.36% epsilon=3.96308 progress=14/30 avg_round=38.3s ETA~00:10:13
2026-10-09T19:39:51.800677+00:00 [clients] round 15/30 [########################] 100.0% microbatches=256/256 clients_done=8/50 clients_started=8/50
2026-10-09T19:40:01.802876+00:00 [clients] round 15/30 [########################] 100.0% microbatches=640/640 clients_done=20/50 clients_started=20/50
2026-10-09T19:40:11.805535+00:00 [clients] round 15/30 [########################] 100.0% microbatches=1024/1024 clients_done=32/50 clients_started=32/50
2026-10-09T19:40:21.809967+00:00 [clients] round 15/30 [########################] 100.0% microbatches=1408/1408 clients_done=43/50 clients_started=44/50
2026-10-09T19:40:27.591832+00:00 [20261009T184343833086Z_LightDP_eps6] round=15 loss=2.053700 accuracy=67.36% epsilon=4.1128 progress=15/30 avg_round=38.6s ETA~00:09:40
2026-10-09T19:40:31.821297+00:00 [clients] round 16/30 [#######################-]  96.2% microbatches=154/160 clients_done=4/50 clients_started=5/50
2026-10-09T19:40:41.823228+00:00 [clients] round 16/30 [########################] 100.0% microbatches=512/512 clients_done=16/50 clients_started=16/50
2026-10-09T19:40:51.828926+00:00 [clients] round 16/30 [#######################-]  99.1% microbatches=888/896 clients_done=27/50 clients_started=28/50
2026-10-09T19:41:01.842559+00:00 [clients] round 16/30 [########################] 100.0% microbatches=1248/1248 clients_done=39/50 clients_started=39/50
2026-10-09T19:41:11.246524+00:00 [20261009T184343833086Z_LightDP_eps6] round=16 loss=2.026207 accuracy=64.35% epsilon=4.2583 progress=16/30 avg_round=38.9s ETA~00:09:06
2026-10-09T19:41:11.845674+00:00 [clients] round 17/30 [######------------------]  28.1% microbatches=9/32 clients_done=0/50 clients_started=1/50
2026-10-09T19:41:21.847461+00:00 [clients] round 17/30 [########################] 100.0% microbatches=384/384 clients_done=12/50 clients_started=12/50
2026-10-09T19:41:31.849807+00:00 [clients] round 17/30 [########################] 100.0% microbatches=768/768 clients_done=24/50 clients_started=24/50
2026-10-09T19:41:41.852681+00:00 [clients] round 17/30 [#######################-]  97.4% microbatches=1122/1152 clients_done=35/50 clients_started=36/50
2026-10-09T19:41:51.856165+00:00 [clients] round 17/30 [########################] 100.0% microbatches=1504/1504 clients_done=47/50 clients_started=47/50
2026-10-09T19:41:54.413189+00:00 [20261009T184343833086Z_LightDP_eps6] round=17 loss=2.000510 accuracy=60.09% epsilon=4.39996 progress=17/30 avg_round=39.2s ETA~00:08:30
2026-10-09T19:42:01.858296+00:00 [clients] round 18/30 [########################] 100.0% microbatches=256/256 clients_done=8/50 clients_started=8/50
2026-10-09T19:42:11.870633+00:00 [clients] round 18/30 [########################] 100.0% microbatches=640/640 clients_done=20/50 clients_started=20/50
2026-10-09T19:42:21.873277+00:00 [clients] round 18/30 [#######################-]  98.0% microbatches=1004/1024 clients_done=31/50 clients_started=32/50
2026-10-09T19:42:31.876494+00:00 [clients] round 18/30 [########################] 100.0% microbatches=1376/1376 clients_done=43/50 clients_started=43/50
2026-10-09T19:42:37.934497+00:00 [20261009T184343833086Z_LightDP_eps6] round=18 loss=1.979430 accuracy=57.12% epsilon=4.53812 progress=18/30 avg_round=39.4s ETA~00:07:54
2026-10-09T19:42:41.879398+00:00 [clients] round 19/30 [########################] 100.0% microbatches=128/128 clients_done=4/50 clients_started=4/50
2026-10-09T19:42:51.881398+00:00 [clients] round 19/30 [########################] 100.0% microbatches=512/512 clients_done=16/50 clients_started=16/50
2026-10-09T19:43:01.892559+00:00 [clients] round 19/30 [########################] 100.0% microbatches=896/896 clients_done=27/50 clients_started=28/50
2026-10-09T19:43:11.895724+00:00 [clients] round 19/30 [########################] 100.0% microbatches=1248/1248 clients_done=39/50 clients_started=39/50
2026-10-09T19:43:21.254187+00:00 [20261009T184343833086Z_LightDP_eps6] round=19 loss=1.961780 accuracy=55.73% epsilon=4.67307 progress=19/30 avg_round=39.6s ETA~00:07:16
2026-10-09T19:43:21.898944+00:00 [clients] round 20/30 [#########---------------]  40.6% microbatches=13/32 clients_done=0/50 clients_started=1/50
2026-10-09T19:43:31.905334+00:00 [clients] round 20/30 [########################] 100.0% microbatches=384/384 clients_done=12/50 clients_started=12/50
2026-10-09T19:43:41.910168+00:00 [clients] round 20/30 [#######################-]  95.8% microbatches=736/768 clients_done=23/50 clients_started=24/50
2026-10-09T19:43:51.913059+00:00 [clients] round 20/30 [########################] 100.0% microbatches=1120/1120 clients_done=35/50 clients_started=35/50
2026-10-09T19:44:01.916567+00:00 [clients] round 20/30 [#######################-]  98.6% microbatches=1483/1504 clients_done=46/50 clients_started=47/50
2026-10-09T19:44:05.086772+00:00 [20261009T184343833086Z_LightDP_eps6] round=20 loss=1.945573 accuracy=54.93% epsilon=4.80505 progress=20/30 avg_round=39.8s ETA~00:06:39
2026-10-09T19:44:11.918618+00:00 [clients] round 21/30 [#######################-]  98.8% microbatches=253/256 clients_done=7/50 clients_started=8/50
2026-10-09T19:44:21.929744+00:00 [clients] round 21/30 [########################] 100.0% microbatches=608/608 clients_done=19/50 clients_started=19/50
2026-10-09T19:44:31.932617+00:00 [clients] round 21/30 [#######################-]  99.5% microbatches=1146/1152 clients_done=35/50 clients_started=36/50
2026-10-09T19:44:40.408794+00:00 [20261009T184343833086Z_LightDP_eps6] round=21 loss=1.930430 accuracy=53.97% epsilon=4.93429 progress=21/30 avg_round=39.6s ETA~00:05:57
2026-10-09T19:44:41.935791+00:00 [clients] round 22/30 [########################] 100.0% microbatches=64/64 clients_done=2/50 clients_started=2/50
2026-10-09T19:44:51.951185+00:00 [clients] round 22/30 [########################] 100.0% microbatches=608/608 clients_done=19/50 clients_started=19/50
2026-10-09T19:45:01.963268+00:00 [clients] round 22/30 [########################] 100.0% microbatches=1152/1152 clients_done=36/50 clients_started=36/50
2026-10-09T19:45:11.967045+00:00 [clients] round 22/30 [########################] 100.0% microbatches=1600/1600 clients_done=50/50 clients_started=50/50
2026-10-09T19:45:12.149865+00:00 [20261009T184343833086Z_LightDP_eps6] round=22 loss=1.916358 accuracy=53.27% epsilon=5.06097 progress=22/30 avg_round=39.3s ETA~00:05:15
2026-10-09T19:45:21.968782+00:00 [clients] round 23/30 [######################--]  95.3% microbatches=366/384 clients_done=11/50 clients_started=12/50
2026-10-09T19:45:31.974380+00:00 [clients] round 23/30 [########################] 100.0% microbatches=736/736 clients_done=23/50 clients_started=23/50
2026-10-09T19:45:41.977304+00:00 [clients] round 23/30 [########################] 100.0% microbatches=1120/1120 clients_done=34/50 clients_started=35/50
2026-10-09T19:45:51.980815+00:00 [clients] round 23/30 [########################] 100.0% microbatches=1472/1472 clients_done=46/50 clients_started=46/50
2026-10-09T19:45:55.447689+00:00 [20261009T184343833086Z_LightDP_eps6] round=23 loss=1.903351 accuracy=52.58% epsilon=5.18528 progress=23/30 avg_round=39.4s ETA~00:04:37
2026-10-09T19:46:01.987387+00:00 [clients] round 24/30 [########################] 100.0% microbatches=224/224 clients_done=7/50 clients_started=7/50
2026-10-09T19:46:11.990710+00:00 [clients] round 24/30 [#######################-]  99.0% microbatches=602/608 clients_done=18/50 clients_started=19/50
2026-10-09T19:46:21.994347+00:00 [clients] round 24/30 [########################] 100.0% microbatches=960/960 clients_done=30/50 clients_started=30/50
2026-10-09T19:46:32.000231+00:00 [clients] round 24/30 [########################] 100.0% microbatches=1344/1344 clients_done=42/50 clients_started=42/50
2026-10-09T19:46:39.170727+00:00 [20261009T184343833086Z_LightDP_eps6] round=24 loss=1.891395 accuracy=52.12% epsilon=5.30737 progress=24/30 avg_round=39.6s ETA~00:03:58
2026-10-09T19:46:42.003495+00:00 [clients] round 25/30 [########################] 100.0% microbatches=96/96 clients_done=3/50 clients_started=3/50
2026-10-09T19:46:52.005576+00:00 [clients] round 25/30 [########################] 100.0% microbatches=480/480 clients_done=14/50 clients_started=15/50
2026-10-09T19:47:02.008070+00:00 [clients] round 25/30 [#######################-]  96.5% microbatches=834/864 clients_done=26/50 clients_started=27/50
2026-10-09T19:47:12.011125+00:00 [clients] round 25/30 [########################] 100.0% microbatches=1216/1216 clients_done=38/50 clients_started=38/50
2026-10-09T19:47:22.015986+00:00 [clients] round 25/30 [########################] 100.0% microbatches=1600/1600 clients_done=50/50 clients_started=50/50
2026-10-09T19:47:22.286104+00:00 [20261009T184343833086Z_LightDP_eps6] round=25 loss=1.880410 accuracy=51.83% epsilon=5.42736 progress=25/30 avg_round=39.8s ETA~00:03:19
2026-10-09T19:47:32.017652+00:00 [clients] round 26/30 [########################] 100.0% microbatches=352/352 clients_done=10/50 clients_started=11/50
2026-10-09T19:47:42.019985+00:00 [clients] round 26/30 [######################--]  95.7% microbatches=704/736 clients_done=22/50 clients_started=23/50
2026-10-09T19:47:52.022902+00:00 [clients] round 26/30 [########################] 100.0% microbatches=1088/1088 clients_done=34/50 clients_started=34/50
2026-10-09T19:48:02.026387+00:00 [clients] round 26/30 [#######################-]  99.1% microbatches=1459/1472 clients_done=45/50 clients_started=46/50
2026-10-09T19:48:05.874193+00:00 [20261009T184343833086Z_LightDP_eps6] round=26 loss=1.870286 accuracy=51.68% epsilon=5.5454 progress=26/30 avg_round=39.9s ETA~00:02:40
2026-10-09T19:48:12.028882+00:00 [clients] round 27/30 [########################] 100.0% microbatches=224/224 clients_done=7/50 clients_started=7/50
2026-10-09T19:48:22.031111+00:00 [clients] round 27/30 [########################] 100.0% microbatches=608/608 clients_done=19/50 clients_started=19/50
2026-10-09T19:48:32.033737+00:00 [clients] round 27/30 [########################] 100.0% microbatches=960/960 clients_done=30/50 clients_started=30/50
2026-10-09T19:48:42.036973+00:00 [clients] round 27/30 [#######################-]  99.3% microbatches=1334/1344 clients_done=41/50 clients_started=42/50
2026-10-09T19:48:49.581719+00:00 [20261009T184343833086Z_LightDP_eps6] round=27 loss=1.860830 accuracy=51.47% epsilon=5.66158 progress=27/30 avg_round=40.1s ETA~00:02:01
2026-10-09T19:48:52.040273+00:00 [clients] round 28/30 [#####################---]  87.5% microbatches=84/96 clients_done=2/50 clients_started=3/50
2026-10-09T19:49:02.042449+00:00 [clients] round 28/30 [######################--]  94.2% microbatches=452/480 clients_done=14/50 clients_started=15/50
2026-10-09T19:49:12.044847+00:00 [clients] round 28/30 [########################] 100.0% microbatches=832/832 clients_done=26/50 clients_started=26/50
2026-10-09T19:49:22.047971+00:00 [clients] round 28/30 [#######################-]  99.5% microbatches=1210/1216 clients_done=37/50 clients_started=38/50
2026-10-09T19:49:32.051666+00:00 [clients] round 28/30 [#######################-]  99.6% microbatches=1594/1600 clients_done=49/50 clients_started=50/50
2026-10-09T19:49:32.572528+00:00 [20261009T184343833086Z_LightDP_eps6] round=28 loss=1.851939 accuracy=51.50% epsilon=5.77601 progress=28/30 avg_round=40.2s ETA~00:01:21
2026-10-09T19:49:42.057578+00:00 [clients] round 29/30 [########################] 100.0% microbatches=352/352 clients_done=11/50 clients_started=11/50
2026-10-09T19:49:52.061894+00:00 [clients] round 29/30 [########################] 100.0% microbatches=800/800 clients_done=25/50 clients_started=25/50
2026-10-09T19:50:02.066084+00:00 [clients] round 29/30 [########################] 100.0% microbatches=1344/1344 clients_done=42/50 clients_started=42/50
2026-10-09T19:50:06.728449+00:00 [20261009T184343833086Z_LightDP_eps6] round=29 loss=1.843523 accuracy=51.62% epsilon=5.88879 progress=29/30 avg_round=40.0s ETA~00:00:40
2026-10-09T19:50:12.068748+00:00 [clients] round 30/30 [#######################-]  96.9% microbatches=279/288 clients_done=8/50 clients_started=9/50
2026-10-09T19:50:22.071373+00:00 [clients] round 30/30 [########################] 100.0% microbatches=800/800 clients_done=25/50 clients_started=25/50
2026-10-09T19:50:32.074631+00:00 [clients] round 30/30 [########################] 100.0% microbatches=1344/1344 clients_done=42/50 clients_started=42/50
2026-10-09T19:50:39.061950+00:00 [20261009T184343833086Z_LightDP_eps6] round=30 loss=1.835407 accuracy=51.62% epsilon=6 progress=30/30 avg_round=39.7s ETA~00:00:00
