Started run 20261010T105247Z_ndag-m-lab-linux-x86_64-7fa78ccc_run0017_d55a6e18 (run_id=20261010T105247Z_ndag-m-lab-linux-x86_64-7fa78ccc_run0017_d55a6e18) at 2026-10-10T10:52:47.161496+00:00
CUDA check: available=True; devices=['NVIDIA GeForce RTX 3090']; selected_device=cuda
{"batch_size": 8, "cache_dir": ".cache/lightdp_flower", "client_data_mode": "partitioned_cifar10", "client_update_clip": 1.0, "clip": 1.0, "cuda_available": true, "cuda_devices": ["NVIDIA GeForce RTX 3090"], "cuda_version": "12.8", "data_protocol": {"client_data_mode": "partitioned_cifar10", "client_train_fraction": 0.9, "dirichlet_alpha": null, "partition_method": "iid", "source_train_examples": 50000, "test_evaluated_each_round": false, "validation_evaluated_each_round": true, "validation_fraction": 0.1, "validation_selection": "deterministic class-stratified holdout"}, "dataset": {"name": "CIFAR-10", "source": "https://www.cs.toronto.edu/~kriz/cifar.html", "test_examples": 10000, "train_examples": 50000}, "delta": 1e-05, "dependencies": {"flwr": "1.25.0", "matplotlib": "3.11.2", "numpy": "2.5.2", "pandas": "3.0.6", "scikit-image": "0.26.0", "scipy": "1.18.1", "torch": "2.8.0+cu128", "torchvision": "0.23.0+cu128"}, "device": "cuda", "dirichlet_alpha": 0.5, "epsilon": 0.0, "feature_batch": 128, "fraction_fit": 1.0, "git_revision": "afdb5a9e15bdfa0d97b761932f021c56556f54ae", "git_track_results": true, "git_worktree_dirty": true, "hostname": "NDAG-M-Lab", "image_size": 224, "local_epochs": 1, "local_learning_rate": 0.01, "local_momentum": 0.9, "machine_architecture": "x86_64", "machine_id": "ndag-m-lab-linux-x86_64-7fa78ccc", "max_colluders": 1, "max_records_per_client": 0, "max_stragglers": 1, "method": "no_dp", "model_definition": {"backbone_frozen": true, "name": "HybridClassifier", "trainable_parameters": "CNN branch and classifier head"}, "num_clients": 4, "num_server_rounds": 30, "output_dir": "results/experiments", "partition_method": "iid", "platform": "Linux-7.0.0-38-generic-x86_64-with-glibc2.39", "pretrained_backbone": "torchvision ResNet18_Weights.IMAGENET1K_V1", "processor": "x86_64", "python": "3.12.2", "result_schema_version": 2, "resume": false, "run_id": "20261010T105247Z_ndag-m-lab-linux-x86_64-7fa78ccc_run0017_d55a6e18", "run_number": 17, "seed": 2026, "selected_device": "cuda", "simulate_stragglers": false, "started_at_utc": "2026-10-10T10:52:47.161496+00:00", "tag": "20261010T105247Z_ndag-m-lab-linux-x86_64-7fa78ccc_run0017_d55a6e18", "training_algorithm": "fedavg", "use_pretrained": true, "validation_fraction": 0.1}
2026-10-10T10:52:48.883619+00:00 [20261010T105247Z_ndag-m-lab-linux-x86_64-7fa78ccc_run0017_d55a6e18] round=0 val_loss=2.303185 val_accuracy=10.06% epsilon=inf progress=0/30 ETA=estimating
2026-10-10T10:52:53.179613+00:00 [clients] round 1/30 [####--------------------]  20.0% microbatches=282/1407 clients_done=0/4 clients_started=1/4
2026-10-10T10:53:03.182627+00:00 [clients] round 1/30 [#######-----------------]  32.5% microbatches=1830/5628 clients_done=1/4 clients_started=4/4
2026-10-10T10:53:13.194610+00:00 [clients] round 1/30 [###############---------]  62.6% microbatches=3522/5628 clients_done=1/4 clients_started=4/4
2026-10-10T10:53:23.196484+00:00 [clients] round 1/30 [####################----]  85.1% microbatches=4791/5628 clients_done=1/4 clients_started=4/4
2026-10-10T10:53:28.011615+00:00 [20261010T105247Z_ndag-m-lab-linux-x86_64-7fa78ccc_run0017_d55a6e18] round=1 val_loss=1.548589 val_accuracy=58.50% epsilon=inf progress=1/30 avg_round=39.3s ETA~00:19:01
2026-10-10T10:53:33.199320+00:00 [clients] round 2/30 [#-----------------------]   5.0% microbatches=141/2814 clients_done=0/4 clients_started=2/4
2026-10-10T10:53:43.208470+00:00 [clients] round 2/30 [#####-------------------]  22.5% microbatches=1269/5628 clients_done=0/4 clients_started=4/4
2026-10-10T10:53:53.221610+00:00 [clients] round 2/30 [###########-------------]  47.6% microbatches=2679/5628 clients_done=0/4 clients_started=4/4
2026-10-10T10:54:03.226499+00:00 [clients] round 2/30 [################--------]  67.6% microbatches=3807/5628 clients_done=0/4 clients_started=4/4
2026-10-10T10:54:13.228645+00:00 [clients] round 2/30 [######################--]  92.6% microbatches=5211/5628 clients_done=2/4 clients_started=4/4
2026-10-10T10:54:16.146819+00:00 [20261010T105247Z_ndag-m-lab-linux-x86_64-7fa78ccc_run0017_d55a6e18] round=2 val_loss=1.218712 val_accuracy=66.58% epsilon=inf progress=2/30 avg_round=43.7s ETA~00:20:25
2026-10-10T10:54:23.230872+00:00 [clients] round 3/30 [##----------------------]  10.0% microbatches=564/5628 clients_done=0/4 clients_started=4/4
2026-10-10T10:54:33.238194+00:00 [clients] round 3/30 [#######-----------------]  30.1% microbatches=1692/5628 clients_done=0/4 clients_started=4/4
2026-10-10T10:54:43.243794+00:00 [clients] round 3/30 [############------------]  50.1% microbatches=2820/5628 clients_done=0/4 clients_started=4/4
2026-10-10T10:54:53.250636+00:00 [clients] round 3/30 [#################-------]  72.6% microbatches=4086/5628 clients_done=1/4 clients_started=4/4
2026-10-10T10:55:03.255899+00:00 [clients] round 3/30 [########################] 100.0% microbatches=5628/5628 clients_done=4/4 clients_started=4/4
2026-10-10T10:55:04.272015+00:00 [20261010T105247Z_ndag-m-lab-linux-x86_64-7fa78ccc_run0017_d55a6e18] round=3 val_loss=1.039674 val_accuracy=71.60% epsilon=inf progress=3/30 avg_round=45.2s ETA~00:20:21
2026-10-10T10:55:13.263028+00:00 [clients] round 4/30 [###---------------------]  12.5% microbatches=705/5628 clients_done=0/4 clients_started=4/4
2026-10-10T10:55:23.270787+00:00 [clients] round 4/30 [#######-----------------]  32.6% microbatches=1833/5628 clients_done=0/4 clients_started=4/4
2026-10-10T10:55:33.277460+00:00 [clients] round 4/30 [############------------]  52.6% microbatches=2961/5628 clients_done=0/4 clients_started=4/4
2026-10-10T10:55:43.284695+00:00 [clients] round 4/30 [##################------]  77.6% microbatches=4368/5628 clients_done=1/4 clients_started=4/4
2026-10-10T10:55:52.406538+00:00 [20261010T105247Z_ndag-m-lab-linux-x86_64-7fa78ccc_run0017_d55a6e18] round=4 val_loss=0.914865 val_accuracy=74.84% epsilon=inf progress=4/30 avg_round=45.9s ETA~00:19:55
2026-10-10T10:55:53.289663+00:00 [clients] round 4/30 [########################] 100.0% microbatches=5628/5628 clients_done=4/4 clients_started=4/4
2026-10-10T10:56:03.294009+00:00 [clients] round 5/30 [#-----------------------]   7.5% microbatches=423/5628 clients_done=0/4 clients_started=4/4
2026-10-10T10:56:13.301884+00:00 [clients] round 5/30 [#######-----------------]  30.1% microbatches=1692/5628 clients_done=0/4 clients_started=4/4
2026-10-10T10:56:23.310618+00:00 [clients] round 5/30 [############------------]  50.1% microbatches=2820/5628 clients_done=0/4 clients_started=4/4
2026-10-10T10:56:33.319044+00:00 [clients] round 5/30 [################--------]  70.1% microbatches=3948/5628 clients_done=0/4 clients_started=4/4
2026-10-10T10:56:43.324683+00:00 [clients] round 5/30 [######################--]  95.1% microbatches=5352/5628 clients_done=2/4 clients_started=4/4
2026-10-10T10:56:46.558064+00:00 [20261010T105247Z_ndag-m-lab-linux-x86_64-7fa78ccc_run0017_d55a6e18] round=5 val_loss=0.833039 val_accuracy=77.18% epsilon=inf progress=5/30 avg_round=47.6s ETA~00:19:50
2026-10-10T10:56:53.330161+00:00 [clients] round 6/30 [#-----------------------]   6.7% microbatches=282/4221 clients_done=0/4 clients_started=3/4
2026-10-10T10:57:03.337911+00:00 [clients] round 6/30 [######------------------]  25.1% microbatches=1410/5628 clients_done=0/4 clients_started=4/4
2026-10-10T10:57:13.354378+00:00 [clients] round 6/30 [##########--------------]  45.1% microbatches=2538/5628 clients_done=0/4 clients_started=4/4
2026-10-10T10:57:23.360100+00:00 [clients] round 6/30 [###############---------]  65.1% microbatches=3666/5628 clients_done=0/4 clients_started=4/4
2026-10-10T10:57:33.375603+00:00 [clients] round 6/30 [#####################---]  87.6% microbatches=4932/5628 clients_done=1/4 clients_started=4/4
2026-10-10T10:57:37.754971+00:00 [20261010T105247Z_ndag-m-lab-linux-x86_64-7fa78ccc_run0017_d55a6e18] round=6 val_loss=0.774974 val_accuracy=78.20% epsilon=inf progress=6/30 avg_round=48.2s ETA~00:19:17
2026-10-10T10:57:43.378776+00:00 [clients] round 7/30 [##----------------------]  10.0% microbatches=423/4221 clients_done=0/4 clients_started=3/4
2026-10-10T10:57:53.390076+00:00 [clients] round 7/30 [#####-------------------]  22.5% microbatches=1269/5628 clients_done=0/4 clients_started=4/4
2026-10-10T10:58:03.392330+00:00 [clients] round 7/30 [##########--------------]  45.1% microbatches=2538/5628 clients_done=0/4 clients_started=4/4
2026-10-10T10:58:13.400153+00:00 [clients] round 7/30 [###############---------]  65.1% microbatches=3666/5628 clients_done=0/4 clients_started=4/4
2026-10-10T10:58:23.403708+00:00 [clients] round 7/30 [####################----]  85.1% microbatches=4791/5628 clients_done=1/4 clients_started=4/4
2026-10-10T10:58:28.922462+00:00 [20261010T105247Z_ndag-m-lab-linux-x86_64-7fa78ccc_run0017_d55a6e18] round=7 val_loss=0.727472 val_accuracy=79.42% epsilon=inf progress=7/30 avg_round=48.6s ETA~00:18:38
2026-10-10T10:58:33.407589+00:00 [clients] round 8/30 [------------------------]   0.0% microbatches=0/1407 clients_done=0/4 clients_started=1/4
2026-10-10T10:58:43.416756+00:00 [clients] round 8/30 [####--------------------]  17.5% microbatches=987/5628 clients_done=0/4 clients_started=4/4
2026-10-10T10:58:53.425543+00:00 [clients] round 8/30 [#######-----------------]  32.6% microbatches=1833/5628 clients_done=0/4 clients_started=4/4
2026-10-10T10:59:03.431733+00:00 [clients] round 8/30 [############------------]  52.6% microbatches=2961/5628 clients_done=0/4 clients_started=4/4
2026-10-10T10:59:13.442047+00:00 [clients] round 8/30 [##################------]  75.2% microbatches=4230/5628 clients_done=0/4 clients_started=4/4
2026-10-10T10:59:23.101817+00:00 [20261010T105247Z_ndag-m-lab-linux-x86_64-7fa78ccc_run0017_d55a6e18] round=8 val_loss=0.692263 val_accuracy=80.40% epsilon=inf progress=8/30 avg_round=49.3s ETA~00:18:05
2026-10-10T10:59:23.446020+00:00 [clients] round 8/30 [########################] 100.0% microbatches=5628/5628 clients_done=4/4 clients_started=4/4
2026-10-10T10:59:33.457808+00:00 [clients] round 9/30 [###---------------------]  12.5% microbatches=705/5628 clients_done=0/4 clients_started=4/4
2026-10-10T10:59:43.462734+00:00 [clients] round 9/30 [#######-----------------]  30.1% microbatches=1692/5628 clients_done=0/4 clients_started=4/4
2026-10-10T10:59:53.469883+00:00 [clients] round 9/30 [############------------]  50.1% microbatches=2820/5628 clients_done=0/4 clients_started=4/4
2026-10-10T11:00:03.480247+00:00 [clients] round 9/30 [################--------]  70.1% microbatches=3948/5628 clients_done=0/4 clients_started=4/4
2026-10-10T11:00:13.484160+00:00 [clients] round 9/30 [######################--]  92.6% microbatches=5211/5628 clients_done=2/4 clients_started=4/4
2026-10-10T11:00:17.272424+00:00 [20261010T105247Z_ndag-m-lab-linux-x86_64-7fa78ccc_run0017_d55a6e18] round=9 val_loss=0.662694 val_accuracy=80.98% epsilon=inf progress=9/30 avg_round=49.8s ETA~00:17:27
2026-10-10T11:00:23.490704+00:00 [clients] round 10/30 [------------------------]   0.0% microbatches=0/4221 clients_done=0/4 clients_started=3/4
2026-10-10T11:00:33.500663+00:00 [clients] round 10/30 [#####-------------------]  22.5% microbatches=1269/5628 clients_done=0/4 clients_started=4/4
2026-10-10T11:00:43.510263+00:00 [clients] round 10/30 [##########--------------]  42.6% microbatches=2397/5628 clients_done=0/4 clients_started=4/4
2026-10-10T11:00:53.522762+00:00 [clients] round 10/30 [###############---------]  65.1% microbatches=3666/5628 clients_done=0/4 clients_started=4/4
2026-10-10T11:01:03.542308+00:00 [clients] round 10/30 [###################-----]  80.2% microbatches=4512/5628 clients_done=0/4 clients_started=4/4
2026-10-10T11:01:11.463843+00:00 [20261010T105247Z_ndag-m-lab-linux-x86_64-7fa78ccc_run0017_d55a6e18] round=10 val_loss=0.638655 val_accuracy=81.40% epsilon=inf progress=10/30 avg_round=50.3s ETA~00:16:46
2026-10-10T11:01:13.544684+00:00 [clients] round 10/30 [########################] 100.0% microbatches=5628/5628 clients_done=4/4 clients_started=4/4
2026-10-10T11:01:23.556932+00:00 [clients] round 11/30 [###---------------------]  15.0% microbatches=846/5628 clients_done=0/4 clients_started=4/4
2026-10-10T11:01:33.571529+00:00 [clients] round 11/30 [#########---------------]  40.1% microbatches=2256/5628 clients_done=0/4 clients_started=4/4
2026-10-10T11:01:43.579947+00:00 [clients] round 11/30 [##############----------]  60.1% microbatches=3384/5628 clients_done=0/4 clients_started=4/4
2026-10-10T11:01:53.595673+00:00 [clients] round 11/30 [###################-----]  80.1% microbatches=4509/5628 clients_done=1/4 clients_started=4/4
2026-10-10T11:02:02.641369+00:00 [20261010T105247Z_ndag-m-lab-linux-x86_64-7fa78ccc_run0017_d55a6e18] round=11 val_loss=0.613756 val_accuracy=81.80% epsilon=inf progress=11/30 avg_round=50.4s ETA~00:15:57
2026-10-10T11:02:03.601962+00:00 [clients] round 11/30 [########################] 100.0% microbatches=5628/5628 clients_done=4/4 clients_started=4/4
2026-10-10T11:02:13.619956+00:00 [clients] round 12/30 [###---------------------]  15.0% microbatches=846/5628 clients_done=0/4 clients_started=4/4
2026-10-10T11:02:23.636299+00:00 [clients] round 12/30 [#########---------------]  37.6% microbatches=2115/5628 clients_done=0/4 clients_started=4/4
2026-10-10T11:02:33.663922+00:00 [clients] round 12/30 [############------------]  52.6% microbatches=2961/5628 clients_done=0/4 clients_started=4/4
2026-10-10T11:02:43.676706+00:00 [clients] round 12/30 [##################------]  75.1% microbatches=4227/5628 clients_done=1/4 clients_started=4/4
2026-10-10T11:02:53.687464+00:00 [clients] round 12/30 [########################] 100.0% microbatches=5628/5628 clients_done=4/4 clients_started=4/4
2026-10-10T11:02:53.823604+00:00 [20261010T105247Z_ndag-m-lab-linux-x86_64-7fa78ccc_run0017_d55a6e18] round=12 val_loss=0.594502 val_accuracy=82.10% epsilon=inf progress=12/30 avg_round=50.4s ETA~00:15:08
2026-10-10T11:03:03.698831+00:00 [clients] round 13/30 [###---------------------]  12.5% microbatches=705/5628 clients_done=0/4 clients_started=4/4
2026-10-10T11:03:13.714582+00:00 [clients] round 13/30 [########----------------]  35.1% microbatches=1974/5628 clients_done=0/4 clients_started=4/4
2026-10-10T11:03:23.728814+00:00 [clients] round 13/30 [#############-----------]  55.1% microbatches=3102/5628 clients_done=0/4 clients_started=4/4
2026-10-10T11:03:33.745900+00:00 [clients] round 13/30 [##################------]  75.1% microbatches=4227/5628 clients_done=1/4 clients_started=4/4
2026-10-10T11:03:41.987560+00:00 [20261010T105247Z_ndag-m-lab-linux-x86_64-7fa78ccc_run0017_d55a6e18] round=13 val_loss=0.580767 val_accuracy=82.38% epsilon=inf progress=13/30 avg_round=50.3s ETA~00:14:15
2026-10-10T11:03:43.753799+00:00 [clients] round 13/30 [########################] 100.0% microbatches=5628/5628 clients_done=4/4 clients_started=4/4
2026-10-10T11:03:53.761139+00:00 [clients] round 14/30 [######------------------]  25.1% microbatches=1410/5628 clients_done=0/4 clients_started=4/4
2026-10-10T11:04:03.772162+00:00 [clients] round 14/30 [###########-------------]  47.5% microbatches=2676/5628 clients_done=1/4 clients_started=4/4
2026-10-10T11:04:13.781304+00:00 [clients] round 14/30 [#################-------]  72.6% microbatches=4086/5628 clients_done=1/4 clients_started=4/4
2026-10-10T11:04:23.785462+00:00 [clients] round 14/30 [######################--]  92.6% microbatches=5211/5628 clients_done=2/4 clients_started=4/4
2026-10-10T11:04:27.166665+00:00 [20261010T105247Z_ndag-m-lab-linux-x86_64-7fa78ccc_run0017_d55a6e18] round=14 val_loss=0.563209 val_accuracy=82.82% epsilon=inf progress=14/30 avg_round=49.9s ETA~00:13:19
2026-10-10T11:04:33.791748+00:00 [clients] round 15/30 [#-----------------------]   6.7% microbatches=282/4221 clients_done=0/4 clients_started=3/4
2026-10-10T11:04:43.801847+00:00 [clients] round 15/30 [#####-------------------]  22.5% microbatches=1269/5628 clients_done=0/4 clients_started=4/4
2026-10-10T11:04:53.810196+00:00 [clients] round 15/30 [##########--------------]  42.6% microbatches=2397/5628 clients_done=0/4 clients_started=4/4
