Started run local10_20261010T152101Z (run_id=20261010T152122Z_ndag-m-lab-linux-x86_64-7fa78ccc_run0024_d5fe00e1) at 2026-10-10T15:21:22.635471+00:00
CUDA check: available=True; devices=['NVIDIA GeForce RTX 3090']; selected_device=cuda
{"batch_size": 8, "cache_dir": ".cache/lightdp_flower", "client_data_mode": "partitioned_cifar10", "client_update_clip": 1.0, "clip": 1.0, "cuda_available": true, "cuda_devices": ["NVIDIA GeForce RTX 3090"], "cuda_version": "12.8", "data_protocol": {"client_data_mode": "partitioned_cifar10", "client_train_fraction": 0.9, "dirichlet_alpha": 0.5, "partition_method": "dirichlet", "source_train_examples": 50000, "test_evaluated_each_round": false, "validation_evaluated_each_round": true, "validation_fraction": 0.1, "validation_selection": "deterministic class-stratified holdout"}, "dataset": {"name": "CIFAR-10", "source": "https://www.cs.toronto.edu/~kriz/cifar.html", "test_examples": 10000, "train_examples": 50000}, "delta": 1e-05, "dependencies": {"flwr": "1.25.0", "matplotlib": "3.11.2", "numpy": "2.5.2", "pandas": "3.0.6", "scikit-image": "0.26.0", "scipy": "1.18.1", "torch": "2.8.0+cu128", "torchvision": "0.23.0+cu128"}, "device": "cuda", "dirichlet_alpha": 0.5, "epsilon": 0.0, "feature_batch": 128, "fraction_fit": 1.0, "git_revision": "a597db910e06713271d3b00f2caae144a0090e18", "git_track_results": true, "git_worktree_dirty": true, "hostname": "NDAG-M-Lab", "image_size": 224, "local_epochs": 1, "local_learning_rate": 0.01, "local_momentum": 0.9, "machine_architecture": "x86_64", "machine_id": "ndag-m-lab-linux-x86_64-7fa78ccc", "max_colluders": 1, "max_records_per_client": 0, "max_stragglers": 1, "method": "no_dp", "model_definition": {"backbone_frozen": true, "name": "HybridClassifier", "trainable_parameters": "CNN branch and classifier head"}, "num_clients": 10, "num_server_rounds": 30, "output_dir": "results/experiments", "partition_method": "dirichlet", "platform": "Linux-7.0.0-38-generic-x86_64-with-glibc2.39", "pretrained_backbone": "torchvision ResNet18_Weights.IMAGENET1K_V1", "processor": "x86_64", "python": "3.12.2", "result_schema_version": 2, "resume": false, "round_timeout": 300.0, "run_id": "20261010T152122Z_ndag-m-lab-linux-x86_64-7fa78ccc_run0024_d5fe00e1", "run_number": 24, "seed": 2026, "selected_device": "cuda", "simulate_stragglers": false, "started_at_utc": "2026-10-10T15:21:22.635471+00:00", "tag": "local10_20261010T152101Z", "training_algorithm": "fedavg", "use_pretrained": true, "validation_fraction": 0.1}
2026-10-10T15:21:29.259473+00:00 [local10_20261010T152101Z] round=0 val_loss=2.303185 val_accuracy=10.06% epsilon=inf progress=0/30 ETA=estimating
2026-10-10T15:21:46.651792+00:00 [clients] round 1/30 [------------------------]   0.0% microbatches=0/270 clients_done=0/10 clients_started=1/10
2026-10-10T15:21:56.680949+00:00 [clients] round 1/30 [##----------------------]  11.4% microbatches=346/3038 clients_done=0/10 clients_started=7/10
2026-10-10T15:22:06.716024+00:00 [clients] round 1/30 [####--------------------]  18.9% microbatches=1065/5630 clients_done=0/10 clients_started=10/10
2026-10-10T15:22:16.749103+00:00 [clients] round 1/30 [########----------------]  37.3% microbatches=2102/5630 clients_done=2/10 clients_started=10/10
2026-10-10T15:22:26.790916+00:00 [clients] round 1/30 [#############-----------]  56.1% microbatches=3161/5630 clients_done=3/10 clients_started=10/10
2026-10-10T15:22:36.819689+00:00 [clients] round 1/30 [##################------]  76.1% microbatches=4283/5630 clients_done=6/10 clients_started=10/10
2026-10-10T15:22:46.834797+00:00 [clients] round 1/30 [########################] 100.0% microbatches=5630/5630 clients_done=10/10 clients_started=10/10
2026-10-10T15:22:47.525659+00:00 [local10_20261010T152101Z] round=1 val_loss=1.930714 val_accuracy=33.02% epsilon=inf progress=1/30 avg_round=78.4s ETA~00:37:54
2026-10-10T15:22:56.852127+00:00 [clients] round 2/30 [##----------------------]  11.5% microbatches=433/3760 clients_done=0/10 clients_started=7/10
2026-10-10T15:23:06.881205+00:00 [clients] round 2/30 [#####-------------------]  24.7% microbatches=1391/5630 clients_done=0/10 clients_started=10/10
2026-10-10T15:23:16.895985+00:00 [clients] round 2/30 [##########--------------]  44.9% microbatches=2528/5630 clients_done=2/10 clients_started=10/10
2026-10-10T15:23:26.924923+00:00 [clients] round 2/30 [###############---------]  63.3% microbatches=3562/5630 clients_done=4/10 clients_started=10/10
2026-10-10T15:23:36.941295+00:00 [clients] round 2/30 [###################-----]  82.3% microbatches=4631/5630 clients_done=6/10 clients_started=10/10
2026-10-10T15:23:44.755664+00:00 [local10_20261010T152101Z] round=2 val_loss=1.679483 val_accuracy=42.58% epsilon=inf progress=2/30 avg_round=67.8s ETA~00:31:39
2026-10-10T15:23:46.957135+00:00 [clients] round 2/30 [########################] 100.0% microbatches=5630/5630 clients_done=10/10 clients_started=10/10
2026-10-10T15:23:56.977041+00:00 [clients] round 3/30 [#-----------------------]   7.4% microbatches=417/5630 clients_done=1/10 clients_started=10/10
2026-10-10T15:24:07.007000+00:00 [clients] round 3/30 [#######-----------------]  29.6% microbatches=1666/5630 clients_done=1/10 clients_started=10/10
2026-10-10T15:24:17.031952+00:00 [clients] round 3/30 [###########-------------]  46.6% microbatches=2624/5630 clients_done=2/10 clients_started=10/10
2026-10-10T15:24:27.054082+00:00 [clients] round 3/30 [###############---------]  65.1% microbatches=3663/5630 clients_done=3/10 clients_started=10/10
2026-10-10T15:24:37.074008+00:00 [clients] round 3/30 [#####################---]  87.8% microbatches=4943/5630 clients_done=7/10 clients_started=10/10
2026-10-10T15:24:41.970694+00:00 [local10_20261010T152101Z] round=3 val_loss=1.505109 val_accuracy=49.56% epsilon=inf progress=3/30 avg_round=64.3s ETA~00:28:56
2026-10-10T15:24:47.082831+00:00 [clients] round 4/30 [------------------------]   0.0% microbatches=0/2697 clients_done=0/10 clients_started=5/10
2026-10-10T15:24:57.126083+00:00 [clients] round 4/30 [###---------------------]  12.6% microbatches=711/5630 clients_done=0/10 clients_started=10/10
2026-10-10T15:25:07.143096+00:00 [clients] round 4/30 [#######-----------------]  30.7% microbatches=1729/5630 clients_done=0/10 clients_started=10/10
2026-10-10T15:25:17.171909+00:00 [clients] round 4/30 [############------------]  50.1% microbatches=2822/5630 clients_done=2/10 clients_started=10/10
2026-10-10T15:25:27.205436+00:00 [clients] round 4/30 [################--------]  70.5% microbatches=3967/5630 clients_done=6/10 clients_started=10/10
2026-10-10T15:25:37.215277+00:00 [clients] round 4/30 [#####################---]  90.2% microbatches=5081/5630 clients_done=8/10 clients_started=10/10
2026-10-10T15:25:42.251675+00:00 [local10_20261010T152101Z] round=4 val_loss=1.365168 val_accuracy=55.38% epsilon=inf progress=4/30 avg_round=63.3s ETA~00:27:26
2026-10-10T15:25:47.221382+00:00 [clients] round 5/30 [####--------------------]  19.7% microbatches=261/1327 clients_done=0/10 clients_started=2/10
2026-10-10T15:25:57.239729+00:00 [clients] round 5/30 [####--------------------]  20.5% microbatches=1154/5630 clients_done=0/10 clients_started=10/10
2026-10-10T15:26:07.253676+00:00 [clients] round 5/30 [#########---------------]  39.7% microbatches=2233/5630 clients_done=0/10 clients_started=10/10
2026-10-10T15:26:17.274667+00:00 [clients] round 5/30 [##############----------]  60.6% microbatches=3410/5630 clients_done=2/10 clients_started=10/10
2026-10-10T15:26:27.286209+00:00 [clients] round 5/30 [###################-----]  83.3% microbatches=4687/5630 clients_done=5/10 clients_started=10/10
2026-10-10T15:26:33.521671+00:00 [local10_20261010T152101Z] round=5 val_loss=1.258149 val_accuracy=58.72% epsilon=inf progress=5/30 avg_round=60.9s ETA~00:25:22
2026-10-10T15:26:37.290200+00:00 [clients] round 5/30 [########################] 100.0% microbatches=5630/5630 clients_done=10/10 clients_started=10/10
2026-10-10T15:26:47.313370+00:00 [clients] round 6/30 [##----------------------]  11.1% microbatches=625/5630 clients_done=0/10 clients_started=10/10
2026-10-10T15:26:57.334057+00:00 [clients] round 6/30 [#######-----------------]  30.3% microbatches=1705/5630 clients_done=1/10 clients_started=10/10
2026-10-10T15:27:07.360767+00:00 [clients] round 6/30 [###########-------------]  46.2% microbatches=2602/5630 clients_done=1/10 clients_started=10/10
2026-10-10T15:27:17.383730+00:00 [clients] round 6/30 [################--------]  67.1% microbatches=3777/5630 clients_done=4/10 clients_started=10/10
2026-10-10T15:27:27.413323+00:00 [clients] round 6/30 [####################----]  86.9% microbatches=4892/5630 clients_done=6/10 clients_started=10/10
2026-10-10T15:27:33.789958+00:00 [local10_20261010T152101Z] round=6 val_loss=1.160881 val_accuracy=63.18% epsilon=inf progress=6/30 avg_round=60.8s ETA~00:24:19
2026-10-10T15:27:37.416397+00:00 [clients] round 6/30 [########################] 100.0% microbatches=5630/5630 clients_done=10/10 clients_started=10/10
2026-10-10T15:27:47.448540+00:00 [clients] round 7/30 [##----------------------]   9.0% microbatches=507/5630 clients_done=0/10 clients_started=10/10
2026-10-10T15:27:57.479978+00:00 [clients] round 7/30 [######------------------]  26.1% microbatches=1468/5630 clients_done=0/10 clients_started=10/10
2026-10-10T15:28:07.510342+00:00 [clients] round 7/30 [###########-------------]  47.4% microbatches=2671/5630 clients_done=0/10 clients_started=10/10
2026-10-10T15:28:17.534979+00:00 [clients] round 7/30 [################--------]  70.6% microbatches=3974/5630 clients_done=6/10 clients_started=10/10
2026-10-10T15:28:27.563079+00:00 [clients] round 7/30 [######################--]  92.0% microbatches=5177/5630 clients_done=8/10 clients_started=10/10
2026-10-10T15:28:31.097955+00:00 [local10_20261010T152101Z] round=7 val_loss=1.085918 val_accuracy=65.84% epsilon=inf progress=7/30 avg_round=60.3s ETA~00:23:07
2026-10-10T15:28:37.569858+00:00 [clients] round 8/30 [------------------------]   2.9% microbatches=49/1669 clients_done=0/10 clients_started=4/10
2026-10-10T15:28:47.598925+00:00 [clients] round 8/30 [####--------------------]  18.0% microbatches=1014/5630 clients_done=0/10 clients_started=10/10
2026-10-10T15:28:57.635866+00:00 [clients] round 8/30 [#########---------------]  39.0% microbatches=2194/5630 clients_done=0/10 clients_started=10/10
2026-10-10T15:29:07.655005+00:00 [clients] round 8/30 [#############-----------]  58.1% microbatches=3271/5630 clients_done=3/10 clients_started=10/10
2026-10-10T15:29:17.672631+00:00 [clients] round 8/30 [###################-----]  82.3% microbatches=4631/5630 clients_done=6/10 clients_started=10/10
2026-10-10T15:29:25.420361+00:00 [local10_20261010T152101Z] round=8 val_loss=1.031641 val_accuracy=67.22% epsilon=inf progress=8/30 avg_round=59.5s ETA~00:21:50
2026-10-10T15:29:27.680500+00:00 [clients] round 8/30 [########################] 100.0% microbatches=5630/5630 clients_done=10/10 clients_started=10/10
2026-10-10T15:29:37.696129+00:00 [clients] round 9/30 [##----------------------]  11.2% microbatches=629/5630 clients_done=0/10 clients_started=10/10
2026-10-10T15:29:47.729024+00:00 [clients] round 9/30 [#######-----------------]  29.3% microbatches=1652/5630 clients_done=0/10 clients_started=10/10
2026-10-10T15:29:57.764981+00:00 [clients] round 9/30 [############------------]  51.7% microbatches=2909/5630 clients_done=2/10 clients_started=10/10
2026-10-10T15:30:07.781085+00:00 [clients] round 9/30 [#################-------]  72.1% microbatches=4061/5630 clients_done=6/10 clients_started=10/10
2026-10-10T15:30:17.790962+00:00 [clients] round 9/30 [########################] 100.0% microbatches=5630/5630 clients_done=10/10 clients_started=10/10
2026-10-10T15:30:19.661345+00:00 [local10_20261010T152101Z] round=9 val_loss=0.983554 val_accuracy=68.92% epsilon=inf progress=9/30 avg_round=58.9s ETA~00:20:38
2026-10-10T15:30:27.801314+00:00 [clients] round 10/30 [#-----------------------]   8.3% microbatches=235/2826 clients_done=0/10 clients_started=6/10
2026-10-10T15:30:37.832018+00:00 [clients] round 10/30 [#####-------------------]  23.7% microbatches=1336/5630 clients_done=0/10 clients_started=10/10
2026-10-10T15:30:47.858313+00:00 [clients] round 10/30 [#########---------------]  41.2% microbatches=2318/5630 clients_done=1/10 clients_started=10/10
2026-10-10T15:30:57.890678+00:00 [clients] round 10/30 [##############----------]  62.0% microbatches=3489/5630 clients_done=5/10 clients_started=10/10
2026-10-10T15:31:07.919740+00:00 [clients] round 10/30 [###################-----]  82.4% microbatches=4640/5630 clients_done=6/10 clients_started=10/10
2026-10-10T15:31:16.906480+00:00 [local10_20261010T152101Z] round=10 val_loss=0.939000 val_accuracy=70.62% epsilon=inf progress=10/30 avg_round=58.8s ETA~00:19:36
2026-10-10T15:31:17.927978+00:00 [clients] round 10/30 [########################] 100.0% microbatches=5630/5630 clients_done=10/10 clients_started=10/10
2026-10-10T15:31:27.939980+00:00 [clients] round 11/30 [##----------------------]  11.5% microbatches=548/4746 clients_done=0/10 clients_started=8/10
2026-10-10T15:31:37.969695+00:00 [clients] round 11/30 [######------------------]  26.5% microbatches=1492/5630 clients_done=1/10 clients_started=10/10
2026-10-10T15:31:47.996838+00:00 [clients] round 11/30 [###########-------------]  47.4% microbatches=2667/5630 clients_done=2/10 clients_started=10/10
2026-10-10T15:31:58.031139+00:00 [clients] round 11/30 [################--------]  69.8% microbatches=3930/5630 clients_done=4/10 clients_started=10/10
2026-10-10T15:32:08.057035+00:00 [clients] round 11/30 [######################--]  93.7% microbatches=5277/5630 clients_done=8/10 clients_started=10/10
2026-10-10T15:32:11.168827+00:00 [local10_20261010T152101Z] round=11 val_loss=0.908379 val_accuracy=71.60% epsilon=inf progress=11/30 avg_round=58.4s ETA~00:18:29
2026-10-10T15:32:18.063194+00:00 [clients] round 12/30 [#-----------------------]   6.7% microbatches=223/3340 clients_done=0/10 clients_started=6/10
2026-10-10T15:32:28.079866+00:00 [clients] round 12/30 [####--------------------]  18.8% microbatches=1061/5630 clients_done=0/10 clients_started=10/10
2026-10-10T15:32:38.104717+00:00 [clients] round 12/30 [#########---------------]  40.7% microbatches=2289/5630 clients_done=1/10 clients_started=10/10
2026-10-10T15:32:48.125328+00:00 [clients] round 12/30 [##############----------]  61.2% microbatches=3444/5630 clients_done=4/10 clients_started=10/10
2026-10-10T15:32:58.138257+00:00 [clients] round 12/30 [####################----]  84.9% microbatches=4780/5630 clients_done=6/10 clients_started=10/10
2026-10-10T15:33:05.384741+00:00 [local10_20261010T152101Z] round=12 val_loss=0.875173 val_accuracy=72.40% epsilon=inf progress=12/30 avg_round=58.0s ETA~00:17:25
2026-10-10T15:33:08.144724+00:00 [clients] round 12/30 [########################] 100.0% microbatches=5630/5630 clients_done=10/10 clients_started=10/10
2026-10-10T15:33:18.163826+00:00 [clients] round 13/30 [##----------------------]  11.5% microbatches=599/5208 clients_done=0/10 clients_started=9/10
2026-10-10T15:33:28.191760+00:00 [clients] round 13/30 [#######-----------------]  33.3% microbatches=1874/5630 clients_done=1/10 clients_started=10/10
2026-10-10T15:33:38.220928+00:00 [clients] round 13/30 [############------------]  53.4% microbatches=3004/5630 clients_done=3/10 clients_started=10/10
2026-10-10T15:33:48.248144+00:00 [clients] round 13/30 [##################------]  77.4% microbatches=4359/5630 clients_done=4/10 clients_started=10/10
2026-10-10T15:33:58.259144+00:00 [clients] round 13/30 [########################] 100.0% microbatches=5630/5630 clients_done=10/10 clients_started=10/10
2026-10-10T15:33:59.628572+00:00 [local10_20261010T152101Z] round=13 val_loss=0.847086 val_accuracy=73.38% epsilon=inf progress=13/30 avg_round=57.7s ETA~00:16:22
2026-10-10T15:34:08.273850+00:00 [clients] round 14/30 [------------------------]   2.4% microbatches=125/5237 clients_done=0/10 clients_started=9/10
2026-10-10T15:34:18.290756+00:00 [clients] round 14/30 [#####-------------------]  24.7% microbatches=1388/5630 clients_done=0/10 clients_started=10/10
2026-10-10T15:34:28.308350+00:00 [clients] round 14/30 [###########-------------]  46.2% microbatches=2600/5630 clients_done=1/10 clients_started=10/10
2026-10-10T15:34:38.336806+00:00 [clients] round 14/30 [###############---------]  65.1% microbatches=3665/5630 clients_done=2/10 clients_started=10/10
2026-10-10T15:34:48.349678+00:00 [clients] round 14/30 [#####################---]  87.8% microbatches=4943/5630 clients_done=7/10 clients_started=10/10
2026-10-10T15:34:53.848086+00:00 [local10_20261010T152101Z] round=14 val_loss=0.822577 val_accuracy=74.02% epsilon=inf progress=14/30 avg_round=57.5s ETA~00:15:20
2026-10-10T15:34:58.355869+00:00 [clients] round 15/30 [------------------------]   0.0% microbatches=0/1913 clients_done=0/10 clients_started=4/10
2026-10-10T15:35:08.390319+00:00 [clients] round 15/30 [###---------------------]  14.9% microbatches=841/5630 clients_done=0/10 clients_started=10/10
2026-10-10T15:35:18.414873+00:00 [clients] round 15/30 [#######-----------------]  32.2% microbatches=1812/5630 clients_done=0/10 clients_started=10/10
2026-10-10T15:35:28.448787+00:00 [clients] round 15/30 [#############-----------]  54.7% microbatches=3078/5630 clients_done=2/10 clients_started=10/10
2026-10-10T15:35:38.464363+00:00 [clients] round 15/30 [##################------]  77.6% microbatches=4370/5630 clients_done=6/10 clients_started=10/10
2026-10-10T15:35:48.056049+00:00 [local10_20261010T152101Z] round=15 val_loss=0.802134 val_accuracy=74.50% epsilon=inf progress=15/30 avg_round=57.3s ETA~00:14:19
2026-10-10T15:35:48.469902+00:00 [clients] round 15/30 [########################] 100.0% microbatches=5630/5630 clients_done=10/10 clients_started=10/10
2026-10-10T15:35:58.477792+00:00 [clients] round 16/30 [##----------------------]   8.6% microbatches=404/4674 clients_done=0/10 clients_started=9/10
2026-10-10T15:36:08.502966+00:00 [clients] round 16/30 [######------------------]  26.2% microbatches=1476/5630 clients_done=0/10 clients_started=10/10
2026-10-10T15:36:18.521747+00:00 [clients] round 16/30 [###########-------------]  47.7% microbatches=2686/5630 clients_done=1/10 clients_started=10/10
2026-10-10T15:36:28.559805+00:00 [clients] round 16/30 [################--------]  70.2% microbatches=3951/5630 clients_done=6/10 clients_started=10/10
2026-10-10T15:36:38.565314+00:00 [clients] round 16/30 [######################--]  95.2% microbatches=5360/5630 clients_done=8/10 clients_started=10/10
2026-10-10T15:36:42.293649+00:00 [local10_20261010T152101Z] round=16 val_loss=0.784680 val_accuracy=74.84% epsilon=inf progress=16/30 avg_round=57.1s ETA~00:13:20
2026-10-10T15:36:48.574797+00:00 [clients] round 17/30 [------------------------]   0.0% microbatches=0/3286 clients_done=0/10 clients_started=5/10
2026-10-10T15:36:58.594451+00:00 [clients] round 17/30 [####--------------------]  18.5% microbatches=1039/5630 clients_done=0/10 clients_started=10/10
2026-10-10T15:37:08.612005+00:00 [clients] round 17/30 [#########---------------]  38.6% microbatches=2171/5630 clients_done=0/10 clients_started=10/10
2026-10-10T15:37:18.646010+00:00 [clients] round 17/30 [##############----------]  59.5% microbatches=3351/5630 clients_done=2/10 clients_started=10/10
2026-10-10T15:37:28.657857+00:00 [clients] round 17/30 [###################-----]  82.3% microbatches=4631/5630 clients_done=6/10 clients_started=10/10
2026-10-10T15:37:36.527291+00:00 [local10_20261010T152101Z] round=17 val_loss=0.760694 val_accuracy=76.08% epsilon=inf progress=17/30 avg_round=56.9s ETA~00:12:20
2026-10-10T15:37:38.668056+00:00 [clients] round 17/30 [########################] 100.0% microbatches=5630/5630 clients_done=10/10 clients_started=10/10
2026-10-10T15:37:48.682938+00:00 [clients] round 18/30 [###---------------------]  13.9% microbatches=722/5208 clients_done=0/10 clients_started=9/10
2026-10-10T15:37:58.715857+00:00 [clients] round 18/30 [#######-----------------]  31.6% microbatches=1781/5630 clients_done=1/10 clients_started=10/10
2026-10-10T15:38:08.748781+00:00 [clients] round 18/30 [#############-----------]  55.0% microbatches=3097/5630 clients_done=3/10 clients_started=10/10
2026-10-10T15:38:18.766720+00:00 [clients] round 18/30 [#################-------]  74.8% microbatches=4213/5630 clients_done=4/10 clients_started=10/10
2026-10-10T15:38:28.772287+00:00 [clients] round 18/30 [########################] 100.0% microbatches=5630/5630 clients_done=10/10 clients_started=10/10
2026-10-10T15:38:30.742645+00:00 [local10_20261010T152101Z] round=18 val_loss=0.737849 val_accuracy=77.10% epsilon=inf progress=18/30 avg_round=56.8s ETA~00:11:22
2026-10-10T15:38:38.786726+00:00 [clients] round 19/30 [#-----------------------]   4.5% microbatches=206/4562 clients_done=0/10 clients_started=8/10
2026-10-10T15:38:48.811830+00:00 [clients] round 19/30 [####--------------------]  18.8% microbatches=1056/5630 clients_done=0/10 clients_started=10/10
2026-10-10T15:38:58.857817+00:00 [clients] round 19/30 [#########---------------]  40.7% microbatches=2291/5630 clients_done=0/10 clients_started=10/10
2026-10-10T15:39:08.871344+00:00 [clients] round 19/30 [##############----------]  62.4% microbatches=3515/5630 clients_done=3/10 clients_started=10/10
2026-10-10T15:39:18.882632+00:00 [clients] round 19/30 [###################-----]  82.1% microbatches=4624/5630 clients_done=6/10 clients_started=10/10
2026-10-10T15:39:24.964619+00:00 [local10_20261010T152101Z] round=19 val_loss=0.732692 val_accuracy=76.88% epsilon=inf progress=19/30 avg_round=56.6s ETA~00:10:23
2026-10-10T15:39:28.891316+00:00 [clients] round 20/30 [------------------------]   3.9% microbatches=27/692 clients_done=0/10 clients_started=2/10
2026-10-10T15:39:38.906464+00:00 [clients] round 20/30 [###---------------------]  13.9% microbatches=783/5630 clients_done=1/10 clients_started=10/10
2026-10-10T15:39:48.936748+00:00 [clients] round 20/30 [########----------------]  36.1% microbatches=2033/5630 clients_done=1/10 clients_started=10/10
2026-10-10T15:39:58.960836+00:00 [clients] round 20/30 [#############-----------]  56.7% microbatches=3190/5630 clients_done=4/10 clients_started=10/10
2026-10-10T15:40:08.984470+00:00 [clients] round 20/30 [##################------]  76.4% microbatches=4299/5630 clients_done=6/10 clients_started=10/10
2026-10-10T15:40:19.001700+00:00 [clients] round 20/30 [########################] 100.0% microbatches=5630/5630 clients_done=10/10 clients_started=10/10
2026-10-10T15:40:19.211698+00:00 [local10_20261010T152101Z] round=20 val_loss=0.717194 val_accuracy=77.28% epsilon=inf progress=20/30 avg_round=56.5s ETA~00:09:26
2026-10-10T15:40:29.023098+00:00 [clients] round 21/30 [#-----------------------]   5.3% microbatches=300/5630 clients_done=0/10 clients_started=10/10
2026-10-10T15:40:39.053284+00:00 [clients] round 21/30 [######------------------]  26.7% microbatches=1502/5630 clients_done=0/10 clients_started=10/10
2026-10-10T15:40:49.078373+00:00 [clients] round 21/30 [###########-------------]  48.1% microbatches=2710/5630 clients_done=2/10 clients_started=10/10
2026-10-10T15:40:59.111122+00:00 [clients] round 21/30 [################--------]  69.1% microbatches=3888/5630 clients_done=4/10 clients_started=10/10
2026-10-10T15:41:09.123048+00:00 [clients] round 21/30 [#####################---]  91.2% microbatches=5137/5630 clients_done=6/10 clients_started=10/10
2026-10-10T15:41:13.425184+00:00 [local10_20261010T152101Z] round=21 val_loss=0.703467 val_accuracy=77.50% epsilon=inf progress=21/30 avg_round=56.4s ETA~00:08:28
2026-10-10T15:41:19.129332+00:00 [clients] round 22/30 [#-----------------------]   7.3% microbatches=129/1771 clients_done=0/10 clients_started=3/10
2026-10-10T15:41:29.143914+00:00 [clients] round 22/30 [######------------------]  26.4% microbatches=1181/4468 clients_done=0/10 clients_started=8/10
2026-10-10T15:41:39.156680+00:00 [clients] round 22/30 [############------------]  53.9% microbatches=2410/4468 clients_done=2/10 clients_started=8/10
2026-10-10T15:41:49.169822+00:00 [clients] round 22/30 [###################-----]  82.2% microbatches=3672/4468 clients_done=5/10 clients_started=8/10
2026-10-10T15:41:59.172541+00:00 [clients] round 22/30 [########################] 100.0% microbatches=4468/4468 clients_done=8/10 clients_started=8/10
2026-10-10T15:42:09.174728+00:00 [clients] round 22/30 [########################] 100.0% microbatches=4468/4468 clients_done=8/10 clients_started=8/10
2026-10-10T15:42:19.176944+00:00 [clients] round 22/30 [########################] 100.0% microbatches=4468/4468 clients_done=8/10 clients_started=8/10
2026-10-10T15:42:29.179056+00:00 [clients] round 22/30 [########################] 100.0% microbatches=4468/4468 clients_done=8/10 clients_started=8/10
2026-10-10T15:42:39.181456+00:00 [clients] round 22/30 [########################] 100.0% microbatches=4468/4468 clients_done=8/10 clients_started=8/10
2026-10-10T15:42:49.183721+00:00 [clients] round 22/30 [########################] 100.0% microbatches=4468/4468 clients_done=8/10 clients_started=8/10
2026-10-10T15:42:59.185946+00:00 [clients] round 22/30 [########################] 100.0% microbatches=4468/4468 clients_done=8/10 clients_started=8/10
2026-10-10T15:43:09.188138+00:00 [clients] round 22/30 [########################] 100.0% microbatches=4468/4468 clients_done=8/10 clients_started=8/10
2026-10-10T15:43:19.190536+00:00 [clients] round 22/30 [########################] 100.0% microbatches=4468/4468 clients_done=8/10 clients_started=8/10
2026-10-10T15:43:29.192790+00:00 [clients] round 22/30 [########################] 100.0% microbatches=4468/4468 clients_done=8/10 clients_started=8/10
2026-10-10T15:43:39.195028+00:00 [clients] round 22/30 [########################] 100.0% microbatches=4468/4468 clients_done=8/10 clients_started=8/10
2026-10-10T15:43:49.197262+00:00 [clients] round 22/30 [########################] 100.0% microbatches=4468/4468 clients_done=8/10 clients_started=8/10
2026-10-10T15:43:59.199596+00:00 [clients] round 22/30 [########################] 100.0% microbatches=4468/4468 clients_done=8/10 clients_started=8/10
2026-10-10T15:44:09.201802+00:00 [clients] round 22/30 [########################] 100.0% microbatches=4468/4468 clients_done=8/10 clients_started=8/10
2026-10-10T15:44:19.203913+00:00 [clients] round 22/30 [########################] 100.0% microbatches=4468/4468 clients_done=8/10 clients_started=8/10
2026-10-10T15:44:29.206012+00:00 [clients] round 22/30 [########################] 100.0% microbatches=4468/4468 clients_done=8/10 clients_started=8/10
2026-10-10T15:44:39.208091+00:00 [clients] round 22/30 [########################] 100.0% microbatches=4468/4468 clients_done=8/10 clients_started=8/10
2026-10-10T15:44:49.210103+00:00 [clients] round 22/30 [########################] 100.0% microbatches=4468/4468 clients_done=8/10 clients_started=8/10
2026-10-10T15:44:59.212107+00:00 [clients] round 22/30 [########################] 100.0% microbatches=4468/4468 clients_done=8/10 clients_started=8/10
2026-10-10T15:45:09.214382+00:00 [clients] round 22/30 [########################] 100.0% microbatches=4468/4468 clients_done=8/10 clients_started=8/10
2026-10-10T15:45:19.216622+00:00 [clients] round 22/30 [########################] 100.0% microbatches=4468/4468 clients_done=8/10 clients_started=8/10
2026-10-10T15:45:29.218670+00:00 [clients] round 22/30 [########################] 100.0% microbatches=4468/4468 clients_done=8/10 clients_started=8/10
2026-10-10T15:45:39.220899+00:00 [clients] round 22/30 [########################] 100.0% microbatches=4468/4468 clients_done=8/10 clients_started=8/10
2026-10-10T15:45:49.222990+00:00 [clients] round 22/30 [########################] 100.0% microbatches=4468/4468 clients_done=8/10 clients_started=8/10
2026-10-10T15:45:59.224986+00:00 [clients] round 22/30 [########################] 100.0% microbatches=4468/4468 clients_done=8/10 clients_started=8/10
2026-10-10T15:46:09.227144+00:00 [clients] round 22/30 [########################] 100.0% microbatches=4468/4468 clients_done=8/10 clients_started=8/10
