Started run 20261009T175727716857Z_Vanilla_local_noise_adding_eps6 (run_id=20261009T182807Z_ndag-m-lab-linux-x86_64-7fa78ccc_run0002_5b2c74d3) at 2026-10-09T18:28:07.580016+00:00
CUDA check: available=True; devices=['NVIDIA GeForce RTX 3090']; selected_device=cuda
{"cache_dir": ".cache/lightdp_flower", "clip": 1.0, "cuda_available": true, "cuda_devices": ["NVIDIA GeForce RTX 3090"], "cuda_version": "12.8", "dataset": {"name": "CIFAR-10", "source": "https://www.cs.toronto.edu/~kriz/cifar.html", "test_examples": 10000, "train_examples": 50000}, "delta": 1e-05, "dependencies": {"flwr": "1.25.0", "matplotlib": "3.10.8", "numpy": "2.2.6", "pandas": "2.3.3", "scikit-image": "0.25.2", "scipy": "1.15.3", "torch": "2.8.0", "torchvision": "0.23.0"}, "device": "cuda", "epsilon": 6.0, "feature_batch": 128, "git_revision": "b0c681e0a24423154a460308e7fb52e90aab392a", "git_worktree_dirty": true, "hostname": "NDAG-M-Lab", "image_size": 224, "learning_rate": 1.0, "machine_architecture": "x86_64", "machine_id": "ndag-m-lab-linux-x86_64-7fa78ccc", "max_colluders": 10, "max_records_per_client": 0, "max_stragglers": 10, "method": "vanilla_dp", "microbatch": 32, "momentum": 0.9, "non_iid": false, "num_clients": 50, "num_server_rounds": 30, "output_dir": "results/experiments", "platform": "Linux-7.0.0-38-generic-x86_64-with-glibc2.39", "pretrained_backbone": "torchvision ResNet18_Weights.IMAGENET1K_V1", "processor": "x86_64", "python": "3.10.19", "resume": false, "run_id": "20261009T182807Z_ndag-m-lab-linux-x86_64-7fa78ccc_run0002_5b2c74d3", "run_number": 2, "seed": 2026, "selected_device": "cuda", "started_at_utc": "2026-10-09T18:28:07.580016+00:00", "tag": "20261009T175727716857Z_Vanilla_local_noise_adding_eps6", "use_pretrained": true}
2026-10-09T18:28:08.532556+00:00 [20261009T175727716857Z_Vanilla_local_noise_adding_eps6] round=0 loss=2.302986 accuracy=10.09% epsilon=0 progress=0/30 ETA=estimating
2026-10-09T18:28:12.099305+00:00 [20261009T175727716857Z_Vanilla_local_noise_adding_eps6] round=1 loss=2.302986 accuracy=10.09% epsilon=1.00188 progress=1/30 avg_round=3.9s ETA~00:01:54
2026-10-09T18:28:12.562401+00:00 [20261009T175727716857Z_Vanilla_local_noise_adding_eps6] round=2 loss=2.302986 accuracy=10.09% epsilon=1.42912 progress=2/30 avg_round=2.2s ETA~00:01:02
2026-10-09T18:28:12.814628+00:00 [20261009T175727716857Z_Vanilla_local_noise_adding_eps6] round=3 loss=2.302986 accuracy=10.09% epsilon=1.76181 progress=3/30 avg_round=1.5s ETA~00:00:42
2026-10-09T18:28:13.270706+00:00 [20261009T175727716857Z_Vanilla_local_noise_adding_eps6] round=4 loss=2.302986 accuracy=10.09% epsilon=2.04556 progress=4/30 avg_round=1.3s ETA~00:00:34
2026-10-09T18:28:13.521718+00:00 [20261009T175727716857Z_Vanilla_local_noise_adding_eps6] round=5 loss=2.302986 accuracy=10.09% epsilon=2.29804 progress=5/30 avg_round=1.1s ETA~00:00:27
2026-10-09T18:28:13.865992+00:00 [20261009T175727716857Z_Vanilla_local_noise_adding_eps6] round=6 loss=2.302986 accuracy=10.09% epsilon=2.5283 progress=6/30 avg_round=0.9s ETA~00:00:23
2026-10-09T18:28:14.125395+00:00 [20261009T175727716857Z_Vanilla_local_noise_adding_eps6] round=7 loss=2.302986 accuracy=10.09% epsilon=2.74173 progress=7/30 avg_round=0.8s ETA~00:00:20
2026-10-09T18:28:14.376768+00:00 [20261009T175727716857Z_Vanilla_local_noise_adding_eps6] round=8 loss=2.302986 accuracy=10.09% epsilon=2.94183 progress=8/30 avg_round=0.8s ETA~00:00:18
2026-10-09T18:28:14.627740+00:00 [20261009T175727716857Z_Vanilla_local_noise_adding_eps6] round=9 loss=2.302986 accuracy=10.09% epsilon=3.13104 progress=9/30 avg_round=0.7s ETA~00:00:16
2026-10-09T18:28:14.883309+00:00 [20261009T175727716857Z_Vanilla_local_noise_adding_eps6] round=10 loss=2.302986 accuracy=10.09% epsilon=3.31113 progress=10/30 avg_round=0.7s ETA~00:00:14
2026-10-09T18:28:15.136815+00:00 [20261009T175727716857Z_Vanilla_local_noise_adding_eps6] round=11 loss=2.302986 accuracy=10.09% epsilon=3.48344 progress=11/30 avg_round=0.6s ETA~00:00:13
2026-10-09T18:28:15.386559+00:00 [20261009T175727716857Z_Vanilla_local_noise_adding_eps6] round=12 loss=2.302986 accuracy=10.09% epsilon=3.64901 progress=12/30 avg_round=0.6s ETA~00:00:11
2026-10-09T18:28:15.735684+00:00 [20261009T175727716857Z_Vanilla_local_noise_adding_eps6] round=13 loss=2.302986 accuracy=10.09% epsilon=3.80866 progress=13/30 avg_round=0.6s ETA~00:00:10
2026-10-09T18:28:15.989082+00:00 [20261009T175727716857Z_Vanilla_local_noise_adding_eps6] round=14 loss=2.302986 accuracy=10.09% epsilon=3.96308 progress=14/30 avg_round=0.6s ETA~00:00:09
2026-10-09T18:28:16.442020+00:00 [20261009T175727716857Z_Vanilla_local_noise_adding_eps6] round=15 loss=2.302986 accuracy=10.09% epsilon=4.1128 progress=15/30 avg_round=0.6s ETA~00:00:09
2026-10-09T18:28:16.694353+00:00 [20261009T175727716857Z_Vanilla_local_noise_adding_eps6] round=16 loss=2.302986 accuracy=10.09% epsilon=4.2583 progress=16/30 avg_round=0.5s ETA~00:00:08
2026-10-09T18:28:17.150742+00:00 [20261009T175727716857Z_Vanilla_local_noise_adding_eps6] round=17 loss=2.302986 accuracy=10.09% epsilon=4.39996 progress=17/30 avg_round=0.5s ETA~00:00:07
2026-10-09T18:28:17.403712+00:00 [20261009T175727716857Z_Vanilla_local_noise_adding_eps6] round=18 loss=2.302986 accuracy=10.09% epsilon=4.53812 progress=18/30 avg_round=0.5s ETA~00:00:07
2026-10-09T18:28:17.868858+00:00 [20261009T175727716857Z_Vanilla_local_noise_adding_eps6] round=19 loss=2.302986 accuracy=10.09% epsilon=4.67307 progress=19/30 avg_round=0.5s ETA~00:00:06
2026-10-09T18:28:18.123147+00:00 [20261009T175727716857Z_Vanilla_local_noise_adding_eps6] round=20 loss=2.302986 accuracy=10.09% epsilon=4.80505 progress=20/30 avg_round=0.5s ETA~00:00:05
2026-10-09T18:28:18.585403+00:00 [20261009T175727716857Z_Vanilla_local_noise_adding_eps6] round=21 loss=2.302986 accuracy=10.09% epsilon=4.93429 progress=21/30 avg_round=0.5s ETA~00:00:05
2026-10-09T18:28:18.837667+00:00 [20261009T175727716857Z_Vanilla_local_noise_adding_eps6] round=22 loss=2.302986 accuracy=10.09% epsilon=5.06097 progress=22/30 avg_round=0.5s ETA~00:00:04
2026-10-09T18:28:19.291952+00:00 [20261009T175727716857Z_Vanilla_local_noise_adding_eps6] round=23 loss=2.302986 accuracy=10.09% epsilon=5.18528 progress=23/30 avg_round=0.5s ETA~00:00:04
2026-10-09T18:28:19.545147+00:00 [20261009T175727716857Z_Vanilla_local_noise_adding_eps6] round=24 loss=2.302986 accuracy=10.09% epsilon=5.30737 progress=24/30 avg_round=0.5s ETA~00:00:03
2026-10-09T18:28:19.894029+00:00 [20261009T175727716857Z_Vanilla_local_noise_adding_eps6] round=25 loss=2.302986 accuracy=10.09% epsilon=5.42736 progress=25/30 avg_round=0.5s ETA~00:00:03
2026-10-09T18:28:20.145227+00:00 [20261009T175727716857Z_Vanilla_local_noise_adding_eps6] round=26 loss=2.302986 accuracy=10.09% epsilon=5.5454 progress=26/30 avg_round=0.5s ETA~00:00:02
2026-10-09T18:28:20.395789+00:00 [20261009T175727716857Z_Vanilla_local_noise_adding_eps6] round=27 loss=2.302986 accuracy=10.09% epsilon=5.66158 progress=27/30 avg_round=0.5s ETA~00:00:02
2026-10-09T18:28:20.652542+00:00 [20261009T175727716857Z_Vanilla_local_noise_adding_eps6] round=28 loss=2.302986 accuracy=10.09% epsilon=5.77601 progress=28/30 avg_round=0.4s ETA~00:00:01
2026-10-09T18:28:20.904309+00:00 [20261009T175727716857Z_Vanilla_local_noise_adding_eps6] round=29 loss=2.302986 accuracy=10.09% epsilon=5.88879 progress=29/30 avg_round=0.4s ETA~00:00:01
2026-10-09T18:28:21.249541+00:00 [20261009T175727716857Z_Vanilla_local_noise_adding_eps6] round=30 loss=2.302986 accuracy=10.09% epsilon=6 progress=30/30 avg_round=0.4s ETA~00:00:00
